Archive member included to satisfy reference by file (symbol)

/usr/lib/gcc/arm-none-eabi/13.2.1/thumb/v6-m/nofp/libgcc.a(_dvmd_tls.o)
                              CMakeFiles/project-template.dir/home/hoagson/pico/pico-sdk/src/rp2_common/pico_divider/divider_hardware.S.obj (__aeabi_idiv0)
/usr/lib/gcc/arm-none-eabi/13.2.1/../../../arm-none-eabi/lib/thumb/v6-m/nofp/libg.a(libc_a-calloc.o)
                              CMakeFiles/project-template.dir/home/hoagson/pico/pico-sdk/src/rp2_common/pico_malloc/malloc.c.obj (calloc)
/usr/lib/gcc/arm-none-eabi/13.2.1/../../../arm-none-eabi/lib/thumb/v6-m/nofp/libg.a(libc_a-impure.o)
                              /usr/lib/gcc/arm-none-eabi/13.2.1/../../../arm-none-eabi/lib/thumb/v6-m/nofp/libg.a(libc_a-calloc.o) (_impure_ptr)
/usr/lib/gcc/arm-none-eabi/13.2.1/../../../arm-none-eabi/lib/thumb/v6-m/nofp/libg.a(libc_a-callocr.o)
                              /usr/lib/gcc/arm-none-eabi/13.2.1/../../../arm-none-eabi/lib/thumb/v6-m/nofp/libg.a(libc_a-calloc.o) (_calloc_r)
/usr/lib/gcc/arm-none-eabi/13.2.1/../../../arm-none-eabi/lib/thumb/v6-m/nofp/libg.a(libc_a-realloc.o)
                              CMakeFiles/project-template.dir/home/hoagson/pico/pico-sdk/src/rp2_common/pico_malloc/malloc.c.obj (realloc)
/usr/lib/gcc/arm-none-eabi/13.2.1/../../../arm-none-eabi/lib/thumb/v6-m/nofp/libg.a(libc_a-mallocr.o)
                              /usr/lib/gcc/arm-none-eabi/13.2.1/../../../arm-none-eabi/lib/thumb/v6-m/nofp/libg.a(libc_a-callocr.o) (_malloc_r)
/usr/lib/gcc/arm-none-eabi/13.2.1/../../../arm-none-eabi/lib/thumb/v6-m/nofp/libg.a(libc_a-freer.o)
                              /usr/lib/gcc/arm-none-eabi/13.2.1/../../../arm-none-eabi/lib/thumb/v6-m/nofp/libg.a(libc_a-mallocr.o) (_free_r)
/usr/lib/gcc/arm-none-eabi/13.2.1/../../../arm-none-eabi/lib/thumb/v6-m/nofp/libg.a(libc_a-memcmp.o)
                              CMakeFiles/project-template.dir/home/hoagson/pico/pico-sdk/src/rp2_common/pico_atomic/atomic.c.obj (memcmp)
/usr/lib/gcc/arm-none-eabi/13.2.1/../../../arm-none-eabi/lib/thumb/v6-m/nofp/libg.a(libc_a-malloc.o)
                              CMakeFiles/project-template.dir/home/hoagson/pico/pico-sdk/src/rp2_common/pico_malloc/malloc.c.obj (malloc)
/usr/lib/gcc/arm-none-eabi/13.2.1/../../../arm-none-eabi/lib/thumb/v6-m/nofp/libg.a(libc_a-sysconf.o)
                              /usr/lib/gcc/arm-none-eabi/13.2.1/../../../arm-none-eabi/lib/thumb/v6-m/nofp/libg.a(libc_a-mallocr.o) (sysconf)
/usr/lib/gcc/arm-none-eabi/13.2.1/../../../arm-none-eabi/lib/thumb/v6-m/nofp/libg.a(libc_a-init.o)
                              /usr/lib/gcc/arm-none-eabi/13.2.1/../../../arm-none-eabi/lib/thumb/v6-m/nofp/crt0.o (__libc_init_array)
/usr/lib/gcc/arm-none-eabi/13.2.1/../../../arm-none-eabi/lib/thumb/v6-m/nofp/libg.a(libc_a-reallocr.o)
                              /usr/lib/gcc/arm-none-eabi/13.2.1/../../../arm-none-eabi/lib/thumb/v6-m/nofp/libg.a(libc_a-realloc.o) (_realloc_r)
/usr/lib/gcc/arm-none-eabi/13.2.1/../../../arm-none-eabi/lib/thumb/v6-m/nofp/libg.a(libc_a-mktime.o)
                              CMakeFiles/project-template.dir/home/hoagson/pico/pico-sdk/src/common/pico_util/datetime.c.obj (mktime)
/usr/lib/gcc/arm-none-eabi/13.2.1/../../../arm-none-eabi/lib/thumb/v6-m/nofp/libg.a(libc_a-mlock.o)
                              /usr/lib/gcc/arm-none-eabi/13.2.1/../../../arm-none-eabi/lib/thumb/v6-m/nofp/libg.a(libc_a-mallocr.o) (__malloc_lock)
/usr/lib/gcc/arm-none-eabi/13.2.1/../../../arm-none-eabi/lib/thumb/v6-m/nofp/libg.a(libc_a-findfp.o)
                              /usr/lib/gcc/arm-none-eabi/13.2.1/../../../arm-none-eabi/lib/thumb/v6-m/nofp/libg.a(libc_a-impure.o) (__sf)
/usr/lib/gcc/arm-none-eabi/13.2.1/../../../arm-none-eabi/lib/thumb/v6-m/nofp/libg.a(libc_a-tzlock.o)
                              /usr/lib/gcc/arm-none-eabi/13.2.1/../../../arm-none-eabi/lib/thumb/v6-m/nofp/libg.a(libc_a-mktime.o) (__tz_lock)
/usr/lib/gcc/arm-none-eabi/13.2.1/../../../arm-none-eabi/lib/thumb/v6-m/nofp/libg.a(libc_a-scanf.o)
                              CMakeFiles/project-template.dir/main.c.obj (scanf)
/usr/lib/gcc/arm-none-eabi/13.2.1/../../../arm-none-eabi/lib/thumb/v6-m/nofp/libg.a(libc_a-atexit.o)
                              /usr/lib/gcc/arm-none-eabi/13.2.1/../../../arm-none-eabi/lib/thumb/v6-m/nofp/crt0.o (atexit)
/usr/lib/gcc/arm-none-eabi/13.2.1/../../../arm-none-eabi/lib/thumb/v6-m/nofp/libg.a(libc_a-lcltime_r.o)
                              CMakeFiles/project-template.dir/home/hoagson/pico/pico-sdk/src/common/pico_util/datetime.c.obj (localtime_r)
/usr/lib/gcc/arm-none-eabi/13.2.1/../../../arm-none-eabi/lib/thumb/v6-m/nofp/libg.a(libc_a-vfscanf.o)
                              /usr/lib/gcc/arm-none-eabi/13.2.1/../../../arm-none-eabi/lib/thumb/v6-m/nofp/libg.a(libc_a-scanf.o) (_vfscanf_r)
/usr/lib/gcc/arm-none-eabi/13.2.1/../../../arm-none-eabi/lib/thumb/v6-m/nofp/libg.a(libc_a-strlen-stub.o)
[...]
Memory Configuration

Name             Origin             Length             Attributes
FLASH            0x10000000         0x00200000         xr
RAM              0x20000000         0x00040000         xrw
SCRATCH_X        0x20040000         0x00001000         xrw
SCRATCH_Y        0x20041000         0x00001000         xrw
*default*        0x00000000         0xffffffff

Linker script and memory map

LOAD /usr/lib/gcc/arm-none-eabi/13.2.1/thumb/v6-m/nofp/crti.o
LOAD /usr/lib/gcc/arm-none-eabi/13.2.1/thumb/v6-m/nofp/crtbegin.o
LOAD /usr/lib/gcc/arm-none-eabi/13.2.1/../../../arm-none-eabi/lib/thumb/v6-m/nofp/crt0.o

.flash_begin    0x10000000        0x0
                0x10000000                        __flash_binary_start = .

.boot2          0x10000000      0x100
                0x10000000                        __boot2_start__ = .
 *(.boot2)
 .boot2         0x10000000      0x100 /tmp/ccs14lxt.o
                0x10000100                        __boot2_end__ = .
                0x00000001                        ASSERT (((__boot2_end__ - __boot2_start__) == 0x100), ERROR: Pico second stage bootloader must be 256 bytes in size)

.text           0x10000100     0xc028
                0x10000100                        __logical_binary_start = .
 *(.vectors)
 .vectors       0x10000100       0xd4 CMakeFiles/project-template.dir/home/hoagson/pico/pico-sdk/src/rp2_common/pico_crt0/crt0.S.obj
                0x10000100                __vectors
                0x10000100                __VECTOR_TABLE
                0x100001c0                isr_invalid
                0x100001c0                __default_isrs_start
                0x100001c2                isr_nmi
                0x100001c4                isr_hardfault
                0x100001c6                isr_svcall
                0x100001c8                isr_pendsv
                0x100001ca                isr_systick
                0x100001cc                isr_irq30
                0x100001cc                __unhandled_user_irq
                0x100001cc                isr_irq13
                0x100001cc                isr_irq27
                0x100001cc                isr_irq31
                0x100001cc                isr_irq5
                0x100001cc                isr_irq11
                0x100001cc                isr_irq23
                0x100001cc                isr_irq18
                0x100001cc                isr_irq28
                0x100001cc                isr_irq19
                0x100001cc                isr_irq0
                0x100001cc                isr_irq6
                0x100001cc                isr_irq22
                0x100001cc                isr_irq17
                0x100001cc                isr_irq14
                0x100001cc                isr_irq2
                0x100001cc                isr_irq10
                0x100001cc                isr_irq8
                0x100001cc                isr_irq24
                0x100001cc                isr_irq1
                0x100001cc                isr_irq7
                0x100001cc                isr_irq21
                0x100001cc                isr_irq20
                0x100001cc                isr_irq15
                0x100001cc                isr_irq25
                0x100001cc                isr_irq4
                0x100001cc                isr_irq16
                0x100001cc                isr_irq29
                0x100001cc                isr_irq26
                0x100001cc                __default_isrs_end
                0x100001cc                isr_irq3
                0x100001cc                isr_irq12
                0x100001cc                isr_irq9
                0x100001d2                unhandled_user_irq_num_in_r0
 *(.binary_info_header)
 .binary_info_header
                0x100001d4       0x14 CMakeFiles/project-template.dir/home/hoagson/pico/pico-sdk/src/rp2_common/pico_crt0/crt0.S.obj
                0x100001e8                        __binary_info_header_end = .
 *(.embedded_block)
                0x100001e8                        __embedded_block_end = .
 *(.reset)
 .reset         0x100001e8       0x9c CMakeFiles/project-template.dir/home/hoagson/pico/pico-sdk/src/rp2_common/pico_crt0/crt0.S.obj
                0x100001e8                _entry_point
 *(.init)
 .init          0x10000284        0x4 /usr/lib/gcc/arm-none-eabi/13.2.1/thumb/v6-m/nofp/crti.o
                0x10000284                _init
 *(EXCLUDE_FILE(*libm.a: *libc.a:*lib_a-mem*.o *libgcc.a:) .text*)
 .text          0x10000288       0x98 /usr/lib/gcc/arm-none-eabi/13.2.1/thumb/v6-m/nofp/crtbegin.o
 .text.startup.main
                0x10000320       0xec CMakeFiles/project-template.dir/main.c.obj
                0x10000320                main
 .text.gpio_set_function
                0x1000040c       0x34 CMakeFiles/project-template.dir/home/hoagson/pico/pico-sdk/src/rp2_common/hardware_gpio/gpio.c.obj
                0x1000040c                gpio_set_function
 .text.gpio_set_pulls
                0x10000440       0x28 CMakeFiles/project-template.dir/home/hoagson/pico/pico-sdk/src/rp2_common/hardware_gpio/gpio.c.obj
                0x10000440                gpio_set_pulls
 .text.gpio_set_input_enabled
                0x10000468       0x28 CMakeFiles/project-template.dir/home/hoagson/pico/pico-sdk/src/rp2_common/hardware_gpio/gpio.c.obj
                0x10000468                gpio_set_input_enabled
 .text.rp2040_chip_version
                0x10000490        0xc CMakeFiles/project-template.dir/home/hoagson/pico/pico-sdk/src/rp2040/pico_platform/platform.c.obj
                0x10000490                rp2040_chip_version
 .text.panic    0x1000049c       0x30 CMakeFiles/project-template.dir/home/hoagson/pico/pico-sdk/src/rp2_common/pico_platform_panic/panic.c.obj
                0x1000049c                panic
 .text.hw_claim_or_assert
                0x100004cc       0x44 CMakeFiles/project-template.dir/home/hoagson/pico/pico-sdk/src/common/hardware_claim/claim.c.obj
                0x100004cc                hw_claim_or_assert
 .text.hw_claim_unused_from_range
                0x10000510       0x9c CMakeFiles/project-template.dir/home/hoagson/pico/pico-sdk/src/common/hardware_claim/claim.c.obj
                0x10000510                hw_claim_unused_from_range
 .text.next_striped_spin_lock_num
                0x100005ac       0x18 CMakeFiles/project-template.dir/home/hoagson/pico/pico-sdk/src/rp2_common/hardware_sync/sync.c.obj
                0x100005ac                next_striped_spin_lock_num
 .text.spin_lock_claim_unused
                0x100005c4       0x24 CMakeFiles/project-template.dir/home/hoagson/pico/pico-sdk/src/rp2_common/hardware_sync/sync.c.obj
                0x100005c4                spin_lock_claim_unused
 .text.spin_locks_reset
                0x100005e8       0x1c CMakeFiles/project-template.dir/home/hoagson/pico/pico-sdk/src/rp2_common/hardware_sync_spin_lock/sync_spin_lock.c.obj
                0x100005e8                spin_locks_reset
 .text.runtime_init_per_core_irq_priorities
                0x10000604       0x24 CMakeFiles/project-template.dir/home/hoagson/pico/pico-sdk/src/rp2_common/hardware_irq/irq.c.obj
                0x10000604                runtime_init_per_core_irq_priorities
 .text.irq_set_enabled
                0x10000628       0x24 CMakeFiles/project-template.dir/home/hoagson/pico/pico-sdk/src/rp2_common/hardware_irq/irq.c.obj
                0x10000628                irq_set_enabled
 .text.irq_is_enabled
                0x1000064c       0x18 CMakeFiles/project-template.dir/home/hoagson/pico/pico-sdk/src/rp2_common/hardware_irq/irq.c.obj
                0x1000064c                irq_is_enabled
 .text.irq_set_pending
                0x10000664       0x10 CMakeFiles/project-template.dir/home/hoagson/pico/pico-sdk/src/rp2_common/hardware_irq/irq.c.obj
                0x10000664                irq_set_pending
 .text.irq_has_shared_handler
                0x10000674       0x2c CMakeFiles/project-template.dir/home/hoagson/pico/pico-sdk/src/rp2_common/hardware_irq/irq.c.obj
                0x10000674                irq_has_shared_handler
 .text.irq_set_exclusive_handler
                0x100006a0       0x54 CMakeFiles/project-template.dir/home/hoagson/pico/pico-sdk/src/rp2_common/hardware_irq/irq.c.obj
                0x100006a0                irq_set_exclusive_handler
 .text.irq_add_shared_handler
                0x100006f4      0x1f4 CMakeFiles/project-template.dir/home/hoagson/pico/pico-sdk/src/rp2_common/hardware_irq/irq.c.obj
                0x100006f4                irq_add_shared_handler
 .text.irq_add_tail_to_free_list
                0x100008e8       0xb4 CMakeFiles/project-template.dir/home/hoagson/pico/pico-sdk/src/rp2_common/hardware_irq/irq.c.obj
                0x100008e8                irq_add_tail_to_free_list
 .text.user_irq_claim_unused
                0x1000099c       0x2c CMakeFiles/project-template.dir/home/hoagson/pico/pico-sdk/src/rp2_common/hardware_irq/irq.c.obj
                0x1000099c                user_irq_claim_unused
 .text.lock_init
                0x100009c8       0x10 CMakeFiles/project-template.dir/home/hoagson/pico/pico-sdk/src/common/pico_sync/lock_core.c.obj
                0x100009c8                lock_init
 .text.runtime_init_mutex
                0x100009d8       0x50 CMakeFiles/project-template.dir/home/hoagson/pico/pico-sdk/src/common/pico_sync/mutex.c.obj
                0x100009d8                runtime_init_mutex
 .text.mutex_init
                0x10000a28       0x1c CMakeFiles/project-template.dir/home/hoagson/pico/pico-sdk/src/common/pico_sync/mutex.c.obj
                0x10000a28                mutex_init
 .text.critical_section_init
                0x10000a44       0x1c CMakeFiles/project-template.dir/home/hoagson/pico/pico-sdk/src/common/pico_sync/critical_section.c.obj
                0x10000a44                critical_section_init
 .text.critical_section_init_with_lock_num
                0x10000a60       0x14 CMakeFiles/project-template.dir/home/hoagson/pico/pico-sdk/src/common/pico_sync/critical_section.c.obj
                0x10000a60                critical_section_init_with_lock_num
 .text.sleep_until_callback
                0x10000a74       0x30 CMakeFiles/project-template.dir/home/hoagson/pico/pico-sdk/src/common/pico_time/time.c.obj
 .text.alarm_pool_irq_handler
                0x10000aa4      0x2e4 CMakeFiles/project-template.dir/home/hoagson/pico/pico-sdk/src/common/pico_time/time.c.obj
 .text.runtime_init_default_alarm_pool
                0x10000d88       0xdc CMakeFiles/project-template.dir/home/hoagson/pico/pico-sdk/src/common/pico_time/time.c.obj
                0x10000d88                runtime_init_default_alarm_pool
 .text.alarm_pool_get_default
                0x10000e64        0x8 CMakeFiles/project-template.dir/home/hoagson/pico/pico-sdk/src/common/pico_time/time.c.obj
                0x10000e64                alarm_pool_get_default
 .text.alarm_pool_add_alarm_at
                0x10000e6c       0xd4 CMakeFiles/project-template.dir/home/hoagson/pico/pico-sdk/src/common/pico_time/time.c.obj
                0x10000e6c                alarm_pool_add_alarm_at
 .text.alarm_pool_add_alarm_at_force_in_context
                0x10000f40       0xb0 CMakeFiles/project-template.dir/home/hoagson/pico/pico-sdk/src/common/pico_time/time.c.obj
                0x10000f40                alarm_pool_add_alarm_at_force_in_context
 .text.alarm_pool_cancel_alarm
                0x10000ff0       0x74 CMakeFiles/project-template.dir/home/hoagson/pico/pico-sdk/src/common/pico_time/time.c.obj
                0x10000ff0                alarm_pool_cancel_alarm
 .text.alarm_pool_core_num
                0x10001064        0x4 CMakeFiles/project-template.dir/home/hoagson/pico/pico-sdk/src/common/pico_time/time.c.obj
                0x10001064                alarm_pool_core_num
 .text.sleep_until
                0x10001068       0xd8 CMakeFiles/project-template.dir/home/hoagson/pico/pico-sdk/src/common/pico_time/time.c.obj
                0x10001068                sleep_until
 .text.sleep_ms
                0x10001140       0x38 CMakeFiles/project-template.dir/home/hoagson/pico/pico-sdk/src/common/pico_time/time.c.obj
                0x10001140                sleep_ms
 .text.best_effort_wfe_or_timeout
                0x10001178      0x134 CMakeFiles/project-template.dir/home/hoagson/pico/pico-sdk/src/common/pico_time/time.c.obj
                0x10001178                best_effort_wfe_or_timeout
 .text.timer_hardware_alarm_claim
                0x100012ac       0x14 CMakeFiles/project-template.dir/home/hoagson/pico/pico-sdk/src/rp2_common/hardware_timer/timer.c.obj
                0x100012ac                timer_hardware_alarm_claim
 .text.timer_time_us_64
                0x100012c0       0x10 CMakeFiles/project-template.dir/home/hoagson/pico/pico-sdk/src/rp2_common/hardware_timer/timer.c.obj
                0x100012c0                timer_time_us_64
 .text.time_us_64
                0x100012d0       0x14 CMakeFiles/project-template.dir/home/hoagson/pico/pico-sdk/src/rp2_common/hardware_timer/timer.c.obj
                0x100012d0                time_us_64
 .text.busy_wait_us
                0x100012e4       0x68 CMakeFiles/project-template.dir/home/hoagson/pico/pico-sdk/src/rp2_common/hardware_timer/timer.c.obj
                0x100012e4                busy_wait_us
 .text.busy_wait_until
                0x1000134c       0x20 CMakeFiles/project-template.dir/home/hoagson/pico/pico-sdk/src/rp2_common/hardware_timer/timer.c.obj
                0x1000134c                busy_wait_until
 .text.clock_configure_int_divider
                0x1000136c       0xf4 CMakeFiles/project-template.dir/home/hoagson/pico/pico-sdk/src/rp2_common/hardware_clocks/clocks.c.obj
                0x1000136c                clock_configure_int_divider
 .text.clock_configure_undivided
                0x10001460       0xe8 CMakeFiles/project-template.dir/home/hoagson/pico/pico-sdk/src/rp2_common/hardware_clocks/clocks.c.obj
                0x10001460                clock_configure_undivided
 .text.clock_get_hz
                0x10001548        0xc CMakeFiles/project-template.dir/home/hoagson/pico/pico-sdk/src/rp2_common/hardware_clocks/clocks.c.obj
                0x10001548                clock_get_hz
 .text.pll_init
                0x10001554       0xa4 CMakeFiles/project-template.dir/home/hoagson/pico/pico-sdk/src/rp2_common/hardware_pll/pll.c.obj
                0x10001554                pll_init
 .text.watchdog_reboot
                0x100015f8       0x9c CMakeFiles/project-template.dir/home/hoagson/pico/pico-sdk/src/rp2_common/hardware_watchdog/watchdog.c.obj
                0x100015f8                watchdog_reboot
 .text.tick_start
                0x10001694       0x10 CMakeFiles/project-template.dir/home/hoagson/pico/pico-sdk/src/rp2_common/hardware_ticks/ticks.c.obj
                0x10001694                tick_start
 .text.xosc_init
                0x100016a4       0x28 CMakeFiles/project-template.dir/home/hoagson/pico/pico-sdk/src/rp2_common/hardware_xosc/xosc.c.obj
                0x100016a4                xosc_init
 .text.first_per_core_initializer
                0x100016cc        0x4 CMakeFiles/project-template.dir/home/hoagson/pico/pico-sdk/src/rp2_common/pico_runtime/runtime.c.obj
 .text.hard_assertion_failure
                0x100016d0        0xc CMakeFiles/project-template.dir/home/hoagson/pico/pico-sdk/src/rp2_common/pico_runtime/runtime.c.obj
                0x100016d0                hard_assertion_failure
 .text.runtime_run_initializers
                0x100016dc       0x28 CMakeFiles/project-template.dir/home/hoagson/pico/pico-sdk/src/rp2_common/pico_runtime/runtime.c.obj
                0x100016dc                runtime_run_initializers
 .text.runtime_init_early_resets
                0x10001704       0x2c CMakeFiles/project-template.dir/home/hoagson/pico/pico-sdk/src/rp2_common/pico_runtime_init/runtime_init.c.obj
                0x10001704                runtime_init_early_resets
 .text.runtime_init_usb_power_down
                0x10001730       0x1c CMakeFiles/project-template.dir/home/hoagson/pico/pico-sdk/src/rp2_common/pico_runtime_init/runtime_init.c.obj
                0x10001730                runtime_init_usb_power_down
 .text.runtime_init_post_clock_resets
                0x1000174c       0x20 CMakeFiles/project-template.dir/home/hoagson/pico/pico-sdk/src/rp2_common/pico_runtime_init/runtime_init.c.obj
                0x1000174c                runtime_init_post_clock_resets
 .text.runtime_init_rp2040_gpio_ie_disable
                0x1000176c       0x14 CMakeFiles/project-template.dir/home/hoagson/pico/pico-sdk/src/rp2_common/pico_runtime_init/runtime_init.c.obj
                0x1000176c                runtime_init_rp2040_gpio_ie_disable
 .text.runtime_init_spin_locks_reset
                0x10001780        0x8 CMakeFiles/project-template.dir/home/hoagson/pico/pico-sdk/src/rp2_common/pico_runtime_init/runtime_init.c.obj
                0x10001780                runtime_init_spin_locks_reset
 .text.runtime_init_install_ram_vector_table
                0x10001788       0x1c CMakeFiles/project-template.dir/home/hoagson/pico/pico-sdk/src/rp2_common/pico_runtime_init/runtime_init.c.obj
                0x10001788                runtime_init_install_ram_vector_table
 .text.runtime_init_clocks
                0x100017a4       0xd8 CMakeFiles/project-template.dir/home/hoagson/pico/pico-sdk/src/rp2_common/pico_runtime_init/runtime_init_clocks.c.obj
                0x100017a4                runtime_init_clocks
 .text          0x1000187c       0x10 CMakeFiles/project-template.dir/home/hoagson/pico/pico-sdk/src/rp2_common/pico_bit_ops/bit_ops_aeabi.S.obj
 .text.rom_func_lookup
                0x1000188c       0x10 CMakeFiles/project-template.dir/home/hoagson/pico/pico-sdk/src/rp2_common/pico_bootrom/bootrom.c.obj
                0x1000188c                rom_func_lookup
 .text.rom_data_lookup
                0x1000189c       0x10 CMakeFiles/project-template.dir/home/hoagson/pico/pico-sdk/src/rp2_common/pico_bootrom/bootrom.c.obj
                0x1000189c                rom_data_lookup
 .text.rom_funcs_lookup
                0x100018ac       0x44 CMakeFiles/project-template.dir/home/hoagson/pico/pico-sdk/src/rp2_common/pico_bootrom/bootrom.c.obj
                0x100018ac                rom_funcs_lookup
 .text.rom_reset_usb_boot
                0x100018f0       0x20 CMakeFiles/project-template.dir/home/hoagson/pico/pico-sdk/src/rp2_common/pico_bootrom/bootrom.c.obj
                0x100018f0                rom_reset_usb_boot
 .text.__wrap___aeabi_idiv
                0x10001910       0x50 CMakeFiles/project-template.dir/home/hoagson/pico/pico-sdk/src/rp2_common/pico_divider/divider_hardware.S.obj
                0x10001910                __wrap___aeabi_idivmod
                0x10001910                divmod_s32s32
                0x10001910                div_s32s32
                0x10001910                __wrap___aeabi_idiv
                0x10001918                divmod_s32s32_unsafe
                0x10001944                divmod_s32s32_savestate
 .text.__wrap___aeabi_uidiv
                0x10001960       0x4c CMakeFiles/project-template.dir/home/hoagson/pico/pico-sdk/src/rp2_common/pico_divider/divider_hardware.S.obj
                0x10001960                __wrap___aeabi_uidiv
                0x10001960                __wrap___aeabi_uidivmod
                0x10001960                div_u32u32
                0x10001960                divmod_u32u32
                0x10001968                divmod_u32u32_unsafe
                0x10001990                divmod_u32u32_savestate
 .text.__wrap___aeabi_ldiv
                0x100019ac      0x424 CMakeFiles/project-template.dir/home/hoagson/pico/pico-sdk/src/rp2_common/pico_divider/divider_hardware.S.obj
                0x100019ac                div_s64s64
                0x100019ac                divmod_s64s64
                0x100019ac                __wrap___aeabi_ldivmod
                0x100019dc                div_u64u64
                0x100019dc                divmod_u64u64
                0x100019dc                __wrap___aeabi_uldivmod
                0x100019ec                divmod_u64u64_savestate
                0x10001a0c                divmod_s64s64_unsafe
                0x10001a94                divmod_u64u64_unsafe
 .text.__wrap___aeabi_darithmetic
                0x10001dd0       0x60 CMakeFiles/project-template.dir/home/hoagson/pico/pico-sdk/src/rp2_common/pico_double/double_aeabi_rp2040.S.obj
                0x10001dd0                __wrap___aeabi_drsub
                0x10001dd6                __wrap___aeabi_dsub
                0x10001de0                __wrap___aeabi_dadd
                0x10001dea                __wrap___aeabi_ddiv
                0x10001e1e                __wrap___aeabi_dmul
 .text.__wrap___aeabi_cdcmple
                0x10001e30       0x6c CMakeFiles/project-template.dir/home/hoagson/pico/pico-sdk/src/rp2_common/pico_double/double_aeabi_rp2040.S.obj
                0x10001e30                __wrap___aeabi_cdrcmple
                0x10001e40                __wrap___aeabi_cdcmple
                0x10001e40                __wrap___aeabi_cdcmpeq
 .text.__wrap___aeabi_dcmpeq
                0x10001e9c       0x10 CMakeFiles/project-template.dir/home/hoagson/pico/pico-sdk/src/rp2_common/pico_double/double_aeabi_rp2040.S.obj
                0x10001e9c                __wrap___aeabi_dcmpeq
 .text.__wrap___aeabi_dcmplt
                0x10001eac        0xc CMakeFiles/project-template.dir/home/hoagson/pico/pico-sdk/src/rp2_common/pico_double/double_aeabi_rp2040.S.obj
                0x10001eac                __wrap___aeabi_dcmplt
 .text.__wrap___aeabi_dcmple
                0x10001eb8       0x10 CMakeFiles/project-template.dir/home/hoagson/pico/pico-sdk/src/rp2_common/pico_double/double_aeabi_rp2040.S.obj
                0x10001eb8                __wrap___aeabi_dcmple
 .text.__wrap___aeabi_dcmpge
                0x10001ec8       0x10 CMakeFiles/project-template.dir/home/hoagson/pico/pico-sdk/src/rp2_common/pico_double/double_aeabi_rp2040.S.obj
                0x10001ec8                __wrap___aeabi_dcmpge
 .text.__wrap___aeabi_dcmpgt
                0x10001ed8        0xa CMakeFiles/project-template.dir/home/hoagson/pico/pico-sdk/src/rp2_common/pico_double/double_aeabi_rp2040.S.obj
                0x10001ed8                __wrap___aeabi_dcmpgt
 .text.__wrap___aeabi_dcmpun
                0x10001ee2       0x18 CMakeFiles/project-template.dir/home/hoagson/pico/pico-sdk/src/rp2_common/pico_double/double_aeabi_rp2040.S.obj
                0x10001ee2                __wrap___aeabi_dcmpun
 *fill*         0x10001efa        0x2 
 .text.__wrap___aeabi_i2d
                0x10001efc       0x38 CMakeFiles/project-template.dir/home/hoagson/pico/pico-sdk/src/rp2_common/pico_double/double_aeabi_rp2040.S.obj
                0x10001efc                __wrap___aeabi_ui2d
                0x10001f04                __wrap___aeabi_i2d
 .text.__wrap___aeabi_d2iz
                0x10001f34       0x48 CMakeFiles/project-template.dir/home/hoagson/pico/pico-sdk/src/rp2_common/pico_double/double_aeabi_rp2040.S.obj
                0x10001f34                __wrap___aeabi_d2iz
                0x10001f34                double2int_z
 .text.__wrap___aeabi_d2uiz
                0x10001f7c       0x10 CMakeFiles/project-template.dir/home/hoagson/pico/pico-sdk/src/rp2_common/pico_double/double_aeabi_rp2040.S.obj
                0x10001f7c                double2uint
                0x10001f7c                __wrap___aeabi_d2uiz
 .text.__wrap___aeabi_l2d
                0x10001f8c       0x10 CMakeFiles/project-template.dir/home/hoagson/pico/pico-sdk/src/rp2_common/pico_double/double_aeabi_rp2040.S.obj
                0x10001f8c                __wrap___aeabi_l2d
 .text.__wrap___aeabi_d2lz
                0x10001f9c       0x26 CMakeFiles/project-template.dir/home/hoagson/pico/pico-sdk/src/rp2_common/pico_double/double_aeabi_rp2040.S.obj
                0x10001f9c                __wrap___aeabi_d2lz
                0x10001f9c                double2int64_z
 *fill*         0x10001fc2        0x2 
 .text.double2int64
                0x10001fc4       0x10 CMakeFiles/project-template.dir/home/hoagson/pico/pico-sdk/src/rp2_common/pico_double/double_aeabi_rp2040.S.obj
                0x10001fc4                double2int64
 .text.double2ufix64
                0x10001fd4       0x10 CMakeFiles/project-template.dir/home/hoagson/pico/pico-sdk/src/rp2_common/pico_double/double_aeabi_rp2040.S.obj
                0x10001fd4                double2ufix64
 .text.__wrap___aeabi_d2f
                0x10001fe4       0x10 CMakeFiles/project-template.dir/home/hoagson/pico/pico-sdk/src/rp2_common/pico_double/double_aeabi_rp2040.S.obj
                0x10001fe4                __wrap___aeabi_d2f
 .text.missing_double_func_shim
                0x10001ff4        0xc CMakeFiles/project-template.dir/home/hoagson/pico/pico-sdk/src/rp2_common/pico_double/double_init_rom_rp2040.c.obj
 .text.__aeabi_double_init
                0x10002000       0xa0 CMakeFiles/project-template.dir/home/hoagson/pico/pico-sdk/src/rp2_common/pico_double/double_init_rom_rp2040.c.obj
                0x10002000                __aeabi_double_init
 .text.double_table_shim_on_use_helper
                0x100020a0       0x2c CMakeFiles/project-template.dir/home/hoagson/pico/pico-sdk/src/rp2_common/pico_double/double_v1_rom_shim_rp2040.S.obj
                0x100020a0                double_table_shim_on_use_helper
 .text.__aeabi_lmul
                0x100020cc       0x32 CMakeFiles/project-template.dir/home/hoagson/pico/pico-sdk/src/rp2_common/pico_int64_ops/pico_int64_ops_aeabi.S.obj
                0x100020cc                __wrap___aeabi_lmul
 *fill*         0x100020fe        0x2 
 .text.__wrap___aeabi_farithmetic
                0x10002100       0x48 CMakeFiles/project-template.dir/home/hoagson/pico/pico-sdk/src/rp2_common/pico_float/float_aeabi_rp2040.S.obj
                0x10002100                __wrap___aeabi_frsub
                0x10002106                __wrap___aeabi_fsub
                0x1000210c                __wrap___aeabi_fadd
                0x10002112                __wrap___aeabi_fdiv
                0x1000213a                __wrap___aeabi_fmul
 .text.__wrap___aeabi_cfcmple
                0x10002148       0x50 CMakeFiles/project-template.dir/home/hoagson/pico/pico-sdk/src/rp2_common/pico_float/float_aeabi_rp2040.S.obj
                0x10002148                __wrap___aeabi_cfrcmple
                0x10002154                __wrap___aeabi_cfcmpeq
                0x10002154                __wrap___aeabi_cfcmple
 .text.__wrap___aeabi_fcmple
                0x10002198       0x10 CMakeFiles/project-template.dir/home/hoagson/pico/pico-sdk/src/rp2_common/pico_float/float_aeabi_rp2040.S.obj
                0x10002198                __wrap___aeabi_fcmple
 .text.__wrap___aeabi_fcmpun
                0x100021a8       0x18 CMakeFiles/project-template.dir/home/hoagson/pico/pico-sdk/src/rp2_common/pico_float/float_aeabi_rp2040.S.obj
                0x100021a8                __wrap___aeabi_fcmpun
 .text.__wrap___aeabi_i2f
                0x100021c0       0x44 CMakeFiles/project-template.dir/home/hoagson/pico/pico-sdk/src/rp2_common/pico_float/float_aeabi_rp2040.S.obj
                0x100021c0                int2float
                0x100021c0                __wrap___aeabi_i2f
 .text.__wrap___aeabi_f2d
                0x10002204        0xc CMakeFiles/project-template.dir/home/hoagson/pico/pico-sdk/src/rp2_common/pico_float/float_aeabi_rp2040.S.obj
                0x10002204                __wrap___aeabi_f2d
 .text.missing_float_func_shim
                0x10002210        0xc CMakeFiles/project-template.dir/home/hoagson/pico/pico-sdk/src/rp2_common/pico_float/float_init_rom_rp2040.c.obj
 .text.__aeabi_float_init
                0x1000221c       0x5c CMakeFiles/project-template.dir/home/hoagson/pico/pico-sdk/src/rp2_common/pico_float/float_init_rom_rp2040.c.obj
                0x1000221c                __aeabi_float_init
 .text          0x10002278       0x10 CMakeFiles/project-template.dir/home/hoagson/pico/pico-sdk/src/rp2_common/pico_mem_ops/mem_ops_aeabi.S.obj
                0x10002278                __aeabi_mem_init
 .text.memset   0x10002288        0xc CMakeFiles/project-template.dir/home/hoagson/pico/pico-sdk/src/rp2_common/pico_mem_ops/mem_ops_aeabi.S.obj
                0x10002288                __wrap_memset
 .text.memcpy   0x10002294        0xc CMakeFiles/project-template.dir/home/hoagson/pico/pico-sdk/src/rp2_common/pico_mem_ops/mem_ops_aeabi.S.obj
                0x10002294                __wrap___aeabi_memcpy
                0x10002294                __wrap_memcpy
 .text._out_buffer
                0x100022a0        0x8 CMakeFiles/project-template.dir/home/hoagson/pico/pico-sdk/src/rp2_common/pico_printf/printf.c.obj
 .text._out_null
                0x100022a8        0x4 CMakeFiles/project-template.dir/home/hoagson/pico/pico-sdk/src/rp2_common/pico_printf/printf.c.obj
 .text._out_rev
                0x100022ac       0xac CMakeFiles/project-template.dir/home/hoagson/pico/pico-sdk/src/rp2_common/pico_printf/printf.c.obj
 .text._ntoa_format
                0x10002358      0x250 CMakeFiles/project-template.dir/home/hoagson/pico/pico-sdk/src/rp2_common/pico_printf/printf.c.obj
 .text._out_char
                0x100025a8       0x10 CMakeFiles/project-template.dir/home/hoagson/pico/pico-sdk/src/rp2_common/pico_printf/printf.c.obj
 .text._out_fct
                0x100025b8       0x10 CMakeFiles/project-template.dir/home/hoagson/pico/pico-sdk/src/rp2_common/pico_printf/printf.c.obj
 .text._etoa    0x100025c8      0x464 CMakeFiles/project-template.dir/home/hoagson/pico/pico-sdk/src/rp2_common/pico_printf/printf.c.obj
 .text._ftoa    0x10002a2c      0x3c0 CMakeFiles/project-template.dir/home/hoagson/pico/pico-sdk/src/rp2_common/pico_printf/printf.c.obj
 .text._vsnprintf
                0x10002dec      0xbc8 CMakeFiles/project-template.dir/home/hoagson/pico/pico-sdk/src/rp2_common/pico_printf/printf.c.obj
 .text.__wrap_sprintf
                0x100039b4       0x2c CMakeFiles/project-template.dir/home/hoagson/pico/pico-sdk/src/rp2_common/pico_printf/printf.c.obj
                0x100039b4                __wrap_sprintf
 .text.vfctprintf
                0x100039e0       0x20 CMakeFiles/project-template.dir/home/hoagson/pico/pico-sdk/src/rp2_common/pico_printf/printf.c.obj
                0x100039e0                vfctprintf
 .text.weak_raw_printf
                0x10003a00       0x40 CMakeFiles/project-template.dir/home/hoagson/pico/pico-sdk/src/rp2_common/pico_printf/printf.c.obj
                0x10003a00                weak_raw_printf
 .text.weak_raw_vprintf
                0x10003a40       0x30 CMakeFiles/project-template.dir/home/hoagson/pico/pico-sdk/src/rp2_common/pico_printf/printf.c.obj
                0x10003a40                weak_raw_vprintf
 .text._exit    0x10003a70        0x4 CMakeFiles/project-template.dir/home/hoagson/pico/pico-sdk/src/rp2_common/pico_clib_interface/newlib_interface.c.obj
                0x10003a70                _exit
 .text._sbrk    0x10003a74       0x34 CMakeFiles/project-template.dir/home/hoagson/pico/pico-sdk/src/rp2_common/pico_clib_interface/newlib_interface.c.obj
                0x10003a74                _sbrk
 .text._read    0x10003aa8       0x24 CMakeFiles/project-template.dir/home/hoagson/pico/pico-sdk/src/rp2_common/pico_clib_interface/newlib_interface.c.obj
                0x10003aa8                _read
 .text._write   0x10003acc       0x24 CMakeFiles/project-template.dir/home/hoagson/pico/pico-sdk/src/rp2_common/pico_clib_interface/newlib_interface.c.obj
                0x10003acc                _write
 .text._close   0x10003af0        0x8 CMakeFiles/project-template.dir/home/hoagson/pico/pico-sdk/src/rp2_common/pico_clib_interface/newlib_interface.c.obj
                0x10003af0                _close
 .text._lseek   0x10003af8        0x8 CMakeFiles/project-template.dir/home/hoagson/pico/pico-sdk/src/rp2_common/pico_clib_interface/newlib_interface.c.obj
                0x10003af8                _lseek
 .text._fstat   0x10003b00        0x8 CMakeFiles/project-template.dir/home/hoagson/pico/pico-sdk/src/rp2_common/pico_clib_interface/newlib_interface.c.obj
                0x10003b00                _fstat
 .text._isatty  0x10003b08        0xc CMakeFiles/project-template.dir/home/hoagson/pico/pico-sdk/src/rp2_common/pico_clib_interface/newlib_interface.c.obj
                0x10003b08                _isatty
 .text.exit     0x10003b14        0x8 CMakeFiles/project-template.dir/home/hoagson/pico/pico-sdk/src/rp2_common/pico_clib_interface/newlib_interface.c.obj
                0x10003b14                exit
 .text.__assert_func
                0x10003b1c       0x38 CMakeFiles/project-template.dir/home/hoagson/pico/pico-sdk/src/rp2_common/pico_clib_interface/newlib_interface.c.obj
                0x10003b1c                __assert_func
 .text.runtime_init
                0x10003b54       0x2c CMakeFiles/project-template.dir/home/hoagson/pico/pico-sdk/src/rp2_common/pico_clib_interface/newlib_interface.c.obj
                0x10003b54                runtime_init
 .text.stdio_out_chars_no_crlf
                0x10003b80       0x10 CMakeFiles/project-template.dir/home/hoagson/pico/pico-sdk/src/rp2_common/pico_stdio/stdio.c.obj
 .text.stdio_out_chars_crlf
                0x10003b90       0x94 CMakeFiles/project-template.dir/home/hoagson/pico/pico-sdk/src/rp2_common/pico_stdio/stdio.c.obj
 .text.stdio_buffered_printer
                0x10003c24       0x64 CMakeFiles/project-template.dir/home/hoagson/pico/pico-sdk/src/rp2_common/pico_stdio/stdio.c.obj
 .text.stdio_put_string
                0x10003c88      0x100 CMakeFiles/project-template.dir/home/hoagson/pico/pico-sdk/src/rp2_common/pico_stdio/stdio.c.obj
                0x10003c88                stdio_put_string
 .text.stdio_get_until
                0x10003d88       0x84 CMakeFiles/project-template.dir/home/hoagson/pico/pico-sdk/src/rp2_common/pico_stdio/stdio.c.obj
                0x10003d88                stdio_get_until
 .text.stdio_set_driver_enabled
                0x10003e0c       0x30 CMakeFiles/project-template.dir/home/hoagson/pico/pico-sdk/src/rp2_common/pico_stdio/stdio.c.obj
                0x10003e0c                stdio_set_driver_enabled
 .text.stdio_init_all
                0x10003e3c        0x8 CMakeFiles/project-template.dir/home/hoagson/pico/pico-sdk/src/rp2_common/pico_stdio/stdio.c.obj
                0x10003e3c                stdio_init_all
 .text.stdio_getchar_timeout_us
                0x10003e44       0x98 CMakeFiles/project-template.dir/home/hoagson/pico/pico-sdk/src/rp2_common/pico_stdio/stdio.c.obj
                0x10003e44                stdio_getchar_timeout_us
 .text.__wrap_putchar
                0x10003edc       0x98 CMakeFiles/project-template.dir/home/hoagson/pico/pico-sdk/src/rp2_common/pico_stdio/stdio.c.obj
                0x10003edc                stdio_putchar
                0x10003edc                __wrap_putchar
 .text.__wrap_puts
                0x10003f74       0x3c CMakeFiles/project-template.dir/home/hoagson/pico/pico-sdk/src/rp2_common/pico_stdio/stdio.c.obj
                0x10003f74                __wrap_puts
                0x10003f74                stdio_puts
 .text.__wrap_vprintf
                0x10003fb0       0xd4 CMakeFiles/project-template.dir/home/hoagson/pico/pico-sdk/src/rp2_common/pico_stdio/stdio.c.obj
                0x10003fb0                __wrap_vprintf
                0x10003fb0                stdio_vprintf
 .text.__wrap_printf
                0x10004084       0x18 CMakeFiles/project-template.dir/home/hoagson/pico/pico-sdk/src/rp2_common/pico_stdio/stdio.c.obj
                0x10004084                stdio_printf
                0x10004084                __wrap_printf
 .text.resetd_init
                0x1000409c        0x4 CMakeFiles/project-template.dir/home/hoagson/pico/pico-sdk/src/rp2_common/pico_stdio_usb/reset_interface.c.obj
 .text.resetd_reset
                0x100040a0        0xc CMakeFiles/project-template.dir/home/hoagson/pico/pico-sdk/src/rp2_common/pico_stdio_usb/reset_interface.c.obj
 .text.resetd_open
                0x100040ac       0x28 CMakeFiles/project-template.dir/home/hoagson/pico/pico-sdk/src/rp2_common/pico_stdio_usb/reset_interface.c.obj
 .text.resetd_xfer_cb
                0x100040d4        0x4 CMakeFiles/project-template.dir/home/hoagson/pico/pico-sdk/src/rp2_common/pico_stdio_usb/reset_interface.c.obj
 .text.resetd_control_xfer_cb
                0x100040d8       0x54 CMakeFiles/project-template.dir/home/hoagson/pico/pico-sdk/src/rp2_common/pico_stdio_usb/reset_interface.c.obj
 .text.tud_descriptor_bos_cb
                0x1000412c        0x8 CMakeFiles/project-template.dir/home/hoagson/pico/pico-sdk/src/rp2_common/pico_stdio_usb/reset_interface.c.obj
                0x1000412c                tud_descriptor_bos_cb
 .text.tud_vendor_control_xfer_cb
                0x10004134       0x34 CMakeFiles/project-template.dir/home/hoagson/pico/pico-sdk/src/rp2_common/pico_stdio_usb/reset_interface.c.obj
                0x10004134                tud_vendor_control_xfer_cb
 .text.usbd_app_driver_get_cb
                0x10004168        0xc CMakeFiles/project-template.dir/home/hoagson/pico/pico-sdk/src/rp2_common/pico_stdio_usb/reset_interface.c.obj
                0x10004168                usbd_app_driver_get_cb
 .text.tud_cdc_line_coding_cb
                0x10004174       0x28 CMakeFiles/project-template.dir/home/hoagson/pico/pico-sdk/src/rp2_common/pico_stdio_usb/reset_interface.c.obj
                0x10004174                tud_cdc_line_coding_cb
 .text.stdio_usb_set_chars_available_callback
                0x1000419c       0x14 CMakeFiles/project-template.dir/home/hoagson/pico/pico-sdk/src/rp2_common/pico_stdio_usb/stdio_usb.c.obj
                0x1000419c                stdio_usb_set_chars_available_callback
 .text.usb_irq  0x100041b0       0x10 CMakeFiles/project-template.dir/home/hoagson/pico/pico-sdk/src/rp2_common/pico_stdio_usb/stdio_usb.c.obj
 .text.timer_task
                0x100041c0       0x64 CMakeFiles/project-template.dir/home/hoagson/pico/pico-sdk/src/rp2_common/pico_stdio_usb/stdio_usb.c.obj
 .text.stdio_usb_in_chars
                0x10004224       0x90 CMakeFiles/project-template.dir/home/hoagson/pico/pico-sdk/src/rp2_common/pico_stdio_usb/stdio_usb.c.obj
                0x10004224                stdio_usb_in_chars
 .text.stdio_usb_out_flush
                0x100042b4       0x50 CMakeFiles/project-template.dir/home/hoagson/pico/pico-sdk/src/rp2_common/pico_stdio_usb/stdio_usb.c.obj
 .text.stdio_usb_out_chars
                0x10004304      0x104 CMakeFiles/project-template.dir/home/hoagson/pico/pico-sdk/src/rp2_common/pico_stdio_usb/stdio_usb.c.obj
 .text.low_priority_worker_irq
                0x10004408       0xcc CMakeFiles/project-template.dir/home/hoagson/pico/pico-sdk/src/rp2_common/pico_stdio_usb/stdio_usb.c.obj
 .text.stdio_usb_init
                0x100044d4       0xe8 CMakeFiles/project-template.dir/home/hoagson/pico/pico-sdk/src/rp2_common/pico_stdio_usb/stdio_usb.c.obj
                0x100044d4                stdio_usb_init
 .text.tud_descriptor_device_cb
                0x100045bc        0x8 CMakeFiles/project-template.dir/home/hoagson/pico/pico-sdk/src/rp2_common/pico_stdio_usb/stdio_usb_descriptors.c.obj
                0x100045bc                tud_descriptor_device_cb
 .text.tud_descriptor_configuration_cb
                0x100045c4        0x8 CMakeFiles/project-template.dir/home/hoagson/pico/pico-sdk/src/rp2_common/pico_stdio_usb/stdio_usb_descriptors.c.obj
                0x100045c4                tud_descriptor_configuration_cb
 .text.tud_descriptor_string_cb
                0x100045cc       0x78 CMakeFiles/project-template.dir/home/hoagson/pico/pico-sdk/src/rp2_common/pico_stdio_usb/stdio_usb_descriptors.c.obj
                0x100045cc                tud_descriptor_string_cb
 .text.startup._retrieve_unique_id_on_boot
                0x10004644       0x10 CMakeFiles/project-template.dir/home/hoagson/pico/pico-sdk/src/rp2_common/pico_unique_id/unique_id.c.obj
 .text.pico_get_unique_board_id_string
                0x10004654      0x1a8 CMakeFiles/project-template.dir/home/hoagson/pico/pico-sdk/src/rp2_common/pico_unique_id/unique_id.c.obj
                0x10004654                pico_get_unique_board_id_string
 .text.flash_get_unique_id
                0x100047fc       0x3c CMakeFiles/project-template.dir/home/hoagson/pico/pico-sdk/src/rp2_common/hardware_flash/flash.c.obj
                0x100047fc                flash_get_unique_id
 .text.dcd_init
                0x10004838       0x8c CMakeFiles/project-template.dir/home/hoagson/pico/pico-sdk/lib/tinyusb/src/portable/raspberrypi/rp2040/dcd_rp2040.c.obj
                0x10004838                dcd_init
 .text.dcd_int_enable
                0x100048c4        0xc CMakeFiles/project-template.dir/home/hoagson/pico/pico-sdk/lib/tinyusb/src/portable/raspberrypi/rp2040/dcd_rp2040.c.obj
                0x100048c4                dcd_int_enable
 .text.dcd_set_address
                0x100048d0       0x14 CMakeFiles/project-template.dir/home/hoagson/pico/pico-sdk/lib/tinyusb/src/portable/raspberrypi/rp2040/dcd_rp2040.c.obj
                0x100048d0                dcd_set_address
 .text.dcd_sof_enable
                0x100048e4       0x1c CMakeFiles/project-template.dir/home/hoagson/pico/pico-sdk/lib/tinyusb/src/portable/raspberrypi/rp2040/dcd_rp2040.c.obj
                0x100048e4                dcd_sof_enable
 .text.dcd_edpt0_status_complete
                0x10004900       0x1c CMakeFiles/project-template.dir/home/hoagson/pico/pico-sdk/lib/tinyusb/src/portable/raspberrypi/rp2040/dcd_rp2040.c.obj
                0x10004900                dcd_edpt0_status_complete
 .text.dcd_edpt_open
                0x1000491c      0x108 CMakeFiles/project-template.dir/home/hoagson/pico/pico-sdk/lib/tinyusb/src/portable/raspberrypi/rp2040/dcd_rp2040.c.obj
                0x1000491c                dcd_edpt_open
 .text.dcd_edpt_close_all
                0x10004a24        0x8 CMakeFiles/project-template.dir/home/hoagson/pico/pico-sdk/lib/tinyusb/src/portable/raspberrypi/rp2040/dcd_rp2040.c.obj
                0x10004a24                dcd_edpt_close_all
 .text.dcd_edpt_xfer
                0x10004a2c       0x24 CMakeFiles/project-template.dir/home/hoagson/pico/pico-sdk/lib/tinyusb/src/portable/raspberrypi/rp2040/dcd_rp2040.c.obj
                0x10004a2c                dcd_edpt_xfer
 .text.dcd_edpt_stall
                0x10004a50       0x34 CMakeFiles/project-template.dir/home/hoagson/pico/pico-sdk/lib/tinyusb/src/portable/raspberrypi/rp2040/dcd_rp2040.c.obj
                0x10004a50                dcd_edpt_stall
 .text.dcd_edpt_clear_stall
                0x10004a84       0x30 CMakeFiles/project-template.dir/home/hoagson/pico/pico-sdk/lib/tinyusb/src/portable/raspberrypi/rp2040/dcd_rp2040.c.obj
                0x10004a84                dcd_edpt_clear_stall
 .text.rp2040_usb_init
                0x10004ab4       0x40 CMakeFiles/project-template.dir/home/hoagson/pico/pico-sdk/lib/tinyusb/src/portable/raspberrypi/rp2040/rp2040_usb.c.obj
                0x10004ab4                rp2040_usb_init
 .text.hw_endpoint_xfer_start
                0x10004af4       0x40 CMakeFiles/project-template.dir/home/hoagson/pico/pico-sdk/lib/tinyusb/src/portable/raspberrypi/rp2040/rp2040_usb.c.obj
                0x10004af4                hw_endpoint_xfer_start
 .text.tud_event_hook_cb
                0x10004b34        0x4 CMakeFiles/project-template.dir/home/hoagson/pico/pico-sdk/lib/tinyusb/src/device/usbd.c.obj
                0x10004b34                tud_event_hook_cb
 .text.tud_sof_cb
                0x10004b38        0x4 CMakeFiles/project-template.dir/home/hoagson/pico/pico-sdk/lib/tinyusb/src/device/usbd.c.obj
                0x10004b38                tud_sof_cb
 .text.tud_descriptor_device_qualifier_cb
                0x10004b3c        0x4 CMakeFiles/project-template.dir/home/hoagson/pico/pico-sdk/lib/tinyusb/src/device/usbd.c.obj
                0x10004b3c                tud_descriptor_device_qualifier_cb
 .text.tud_descriptor_other_speed_configuration_cb
                0x10004b40        0x4 CMakeFiles/project-template.dir/home/hoagson/pico/pico-sdk/lib/tinyusb/src/device/usbd.c.obj
                0x10004b40                tud_descriptor_other_speed_configuration_cb
 .text.tud_mount_cb
                0x10004b44        0x4 CMakeFiles/project-template.dir/home/hoagson/pico/pico-sdk/lib/tinyusb/src/device/usbd.c.obj
                0x10004b44                tud_mount_cb
 .text.tud_umount_cb
                0x10004b48        0x4 CMakeFiles/project-template.dir/home/hoagson/pico/pico-sdk/lib/tinyusb/src/device/usbd.c.obj
                0x10004b48                tud_umount_cb
 .text.tud_suspend_cb
                0x10004b4c        0x4 CMakeFiles/project-template.dir/home/hoagson/pico/pico-sdk/lib/tinyusb/src/device/usbd.c.obj
                0x10004b4c                tud_suspend_cb
 .text.tud_resume_cb
                0x10004b50        0x4 CMakeFiles/project-template.dir/home/hoagson/pico/pico-sdk/lib/tinyusb/src/device/usbd.c.obj
                0x10004b50                tud_resume_cb
 .text.tud_mounted
                0x10004b54       0x10 CMakeFiles/project-template.dir/home/hoagson/pico/pico-sdk/lib/tinyusb/src/device/usbd.c.obj
                0x10004b54                tud_mounted
 .text.tud_suspended
                0x10004b64       0x10 CMakeFiles/project-template.dir/home/hoagson/pico/pico-sdk/lib/tinyusb/src/device/usbd.c.obj
                0x10004b64                tud_suspended
 .text.tud_init
                0x10004b74       0xe4 CMakeFiles/project-template.dir/home/hoagson/pico/pico-sdk/lib/tinyusb/src/device/usbd.c.obj
                0x10004b74                tud_init
 .text.tud_task_ext
                0x10004c58      0x800 CMakeFiles/project-template.dir/home/hoagson/pico/pico-sdk/lib/tinyusb/src/device/usbd.c.obj
                0x10004c58                tud_task_ext
 .text.usbd_open_edpt_pair
                0x10005458       0x9c CMakeFiles/project-template.dir/home/hoagson/pico/pico-sdk/lib/tinyusb/src/device/usbd.c.obj
                0x10005458                usbd_open_edpt_pair
 .text.usbd_edpt_open
                0x100054f4       0x34 CMakeFiles/project-template.dir/home/hoagson/pico/pico-sdk/lib/tinyusb/src/device/usbd.c.obj
                0x100054f4                usbd_edpt_open
 .text.usbd_edpt_claim
                0x10005528       0x28 CMakeFiles/project-template.dir/home/hoagson/pico/pico-sdk/lib/tinyusb/src/device/usbd.c.obj
                0x10005528                usbd_edpt_claim
 .text.usbd_edpt_release
                0x10005550       0x28 CMakeFiles/project-template.dir/home/hoagson/pico/pico-sdk/lib/tinyusb/src/device/usbd.c.obj
                0x10005550                usbd_edpt_release
 .text.usbd_edpt_xfer
                0x10005578       0x4c CMakeFiles/project-template.dir/home/hoagson/pico/pico-sdk/lib/tinyusb/src/device/usbd.c.obj
                0x10005578                usbd_edpt_xfer
 .text.tud_control_status
                0x100055c4       0x2c CMakeFiles/project-template.dir/home/hoagson/pico/pico-sdk/lib/tinyusb/src/device/usbd_control.c.obj
                0x100055c4                tud_control_status
 .text.tud_control_xfer
                0x100055f0       0xac CMakeFiles/project-template.dir/home/hoagson/pico/pico-sdk/lib/tinyusb/src/device/usbd_control.c.obj
                0x100055f0                tud_control_xfer
 .text.usbd_control_reset
                0x1000569c       0x14 CMakeFiles/project-template.dir/home/hoagson/pico/pico-sdk/lib/tinyusb/src/device/usbd_control.c.obj
                0x1000569c                usbd_control_reset
 .text.usbd_control_set_complete_callback
                0x100056b0        0xc CMakeFiles/project-template.dir/home/hoagson/pico/pico-sdk/lib/tinyusb/src/device/usbd_control.c.obj
                0x100056b0                usbd_control_set_complete_callback
 .text.usbd_control_set_request
                0x100056bc       0x1c CMakeFiles/project-template.dir/home/hoagson/pico/pico-sdk/lib/tinyusb/src/device/usbd_control.c.obj
                0x100056bc                usbd_control_set_request
 .text.usbd_control_xfer_cb
                0x100056d8       0xec CMakeFiles/project-template.dir/home/hoagson/pico/pico-sdk/lib/tinyusb/src/device/usbd_control.c.obj
                0x100056d8                usbd_control_xfer_cb
 .text._prep_out_transaction.isra.0
                0x100057c4       0x5c CMakeFiles/project-template.dir/home/hoagson/pico/pico-sdk/lib/tinyusb/src/class/cdc/cdc_device.c.obj
 .text.tud_cdc_n_connected
                0x10005820       0x30 CMakeFiles/project-template.dir/home/hoagson/pico/pico-sdk/lib/tinyusb/src/class/cdc/cdc_device.c.obj
                0x10005820                tud_cdc_n_connected
 .text.tud_cdc_n_available
                0x10005850       0x18 CMakeFiles/project-template.dir/home/hoagson/pico/pico-sdk/lib/tinyusb/src/class/cdc/cdc_device.c.obj
                0x10005850                tud_cdc_n_available
 .text.tud_cdc_n_read
                0x10005868       0x98 CMakeFiles/project-template.dir/home/hoagson/pico/pico-sdk/lib/tinyusb/src/class/cdc/cdc_device.c.obj
                0x10005868                tud_cdc_n_read
 .text.tud_cdc_n_write_flush
                0x10005900       0x78 CMakeFiles/project-template.dir/home/hoagson/pico/pico-sdk/lib/tinyusb/src/class/cdc/cdc_device.c.obj
                0x10005900                tud_cdc_n_write_flush
 .text.tud_cdc_n_write
                0x10005978       0x40 CMakeFiles/project-template.dir/home/hoagson/pico/pico-sdk/lib/tinyusb/src/class/cdc/cdc_device.c.obj
                0x10005978                tud_cdc_n_write
 .text.tud_cdc_n_write_available
                0x100059b8       0x18 CMakeFiles/project-template.dir/home/hoagson/pico/pico-sdk/lib/tinyusb/src/class/cdc/cdc_device.c.obj
                0x100059b8                tud_cdc_n_write_available
 .text.cdcd_init
                0x100059d0       0x7c CMakeFiles/project-template.dir/home/hoagson/pico/pico-sdk/lib/tinyusb/src/class/cdc/cdc_device.c.obj
                0x100059d0                cdcd_init
 .text.cdcd_deinit
                0x10005a4c       0x34 CMakeFiles/project-template.dir/home/hoagson/pico/pico-sdk/lib/tinyusb/src/class/cdc/cdc_device.c.obj
                0x10005a4c                cdcd_deinit
 .text.cdcd_reset
                0x10005a80       0x4c CMakeFiles/project-template.dir/home/hoagson/pico/pico-sdk/lib/tinyusb/src/class/cdc/cdc_device.c.obj
                0x10005a80                cdcd_reset
 .text.cdcd_open
                0x10005acc       0xb0 CMakeFiles/project-template.dir/home/hoagson/pico/pico-sdk/lib/tinyusb/src/class/cdc/cdc_device.c.obj
                0x10005acc                cdcd_open
 .text.cdcd_control_xfer_cb
                0x10005b7c       0xe4 CMakeFiles/project-template.dir/home/hoagson/pico/pico-sdk/lib/tinyusb/src/class/cdc/cdc_device.c.obj
                0x10005b7c                cdcd_control_xfer_cb
 .text.cdcd_xfer_cb
                0x10005c60      0x100 CMakeFiles/project-template.dir/home/hoagson/pico/pico-sdk/lib/tinyusb/src/class/cdc/cdc_device.c.obj
                0x10005c60                cdcd_xfer_cb
 .text.tud_vendor_n_write_flush
                0x10005d60       0x78 CMakeFiles/project-template.dir/home/hoagson/pico/pico-sdk/lib/tinyusb/src/class/vendor/vendor_device.c.obj
                0x10005d60                tud_vendor_n_write_flush
 .text.vendord_init
                0x10005dd8       0x64 CMakeFiles/project-template.dir/home/hoagson/pico/pico-sdk/lib/tinyusb/src/class/vendor/vendor_device.c.obj
                0x10005dd8                vendord_init
 .text.vendord_deinit
                0x10005e3c       0x34 CMakeFiles/project-template.dir/home/hoagson/pico/pico-sdk/lib/tinyusb/src/class/vendor/vendor_device.c.obj
                0x10005e3c                vendord_deinit
 .text.vendord_reset
                0x10005e70       0x1c CMakeFiles/project-template.dir/home/hoagson/pico/pico-sdk/lib/tinyusb/src/class/vendor/vendor_device.c.obj
                0x10005e70                vendord_reset
 .text.vendord_open
                0x10005e8c       0xd8 CMakeFiles/project-template.dir/home/hoagson/pico/pico-sdk/lib/tinyusb/src/class/vendor/vendor_device.c.obj
                0x10005e8c                vendord_open
 .text.vendord_xfer_cb
                0x10005f64       0xc8 CMakeFiles/project-template.dir/home/hoagson/pico/pico-sdk/lib/tinyusb/src/class/vendor/vendor_device.c.obj
                0x10005f64                vendord_xfer_cb
 .text.tusb_init
                0x1000602c        0xc CMakeFiles/project-template.dir/home/hoagson/pico/pico-sdk/lib/tinyusb/src/tusb.c.obj
                0x1000602c                tusb_init
 .text.tu_edpt_claim
                0x10006038       0x50 CMakeFiles/project-template.dir/home/hoagson/pico/pico-sdk/lib/tinyusb/src/tusb.c.obj
                0x10006038                tu_edpt_claim
 .text.tu_edpt_release
                0x10006088       0x38 CMakeFiles/project-template.dir/home/hoagson/pico/pico-sdk/lib/tinyusb/src/tusb.c.obj
                0x10006088                tu_edpt_release
 .text.tu_edpt_validate
                0x100060c0       0x7c CMakeFiles/project-template.dir/home/hoagson/pico/pico-sdk/lib/tinyusb/src/tusb.c.obj
                0x100060c0                tu_edpt_validate
 .text.tu_edpt_bind_driver
                0x1000613c       0x34 CMakeFiles/project-template.dir/home/hoagson/pico/pico-sdk/lib/tinyusb/src/tusb.c.obj
                0x1000613c                tu_edpt_bind_driver
 .text.tu_fifo_config
                0x10006170       0x6c CMakeFiles/project-template.dir/home/hoagson/pico/pico-sdk/lib/tinyusb/src/common/tusb_fifo.c.obj
                0x10006170                tu_fifo_config
 .text.tu_fifo_count
                0x100061dc       0x2c CMakeFiles/project-template.dir/home/hoagson/pico/pico-sdk/lib/tinyusb/src/common/tusb_fifo.c.obj
                0x100061dc                tu_fifo_count
 .text.tu_fifo_empty
                0x10006208       0x10 CMakeFiles/project-template.dir/home/hoagson/pico/pico-sdk/lib/tinyusb/src/common/tusb_fifo.c.obj
                0x10006208                tu_fifo_empty
 .text.tu_fifo_remaining
                0x10006218       0x2c CMakeFiles/project-template.dir/home/hoagson/pico/pico-sdk/lib/tinyusb/src/common/tusb_fifo.c.obj
                0x10006218                tu_fifo_remaining
 .text.tu_fifo_read
                0x10006244       0x9c CMakeFiles/project-template.dir/home/hoagson/pico/pico-sdk/lib/tinyusb/src/common/tusb_fifo.c.obj
                0x10006244                tu_fifo_read
 .text.tu_fifo_read_n
                0x100062e0       0xe8 CMakeFiles/project-template.dir/home/hoagson/pico/pico-sdk/lib/tinyusb/src/common/tusb_fifo.c.obj
                0x100062e0                tu_fifo_read_n
 .text.tu_fifo_write
                0x100063c8       0xa8 CMakeFiles/project-template.dir/home/hoagson/pico/pico-sdk/lib/tinyusb/src/common/tusb_fifo.c.obj
                0x100063c8                tu_fifo_write
 .text.tu_fifo_write_n
                0x10006470      0x178 CMakeFiles/project-template.dir/home/hoagson/pico/pico-sdk/lib/tinyusb/src/common/tusb_fifo.c.obj
                0x10006470                tu_fifo_write_n
 .text.tu_fifo_clear
                0x100065e8       0x40 CMakeFiles/project-template.dir/home/hoagson/pico/pico-sdk/lib/tinyusb/src/common/tusb_fifo.c.obj
                0x100065e8                tu_fifo_clear
 .text.tu_fifo_set_overwritable
                0x10006628       0x48 CMakeFiles/project-template.dir/home/hoagson/pico/pico-sdk/lib/tinyusb/src/common/tusb_fifo.c.obj
                0x10006628                tu_fifo_set_overwritable
 .text.adc_init
                0x10006670       0x38 CMakeFiles/project-template.dir/home/hoagson/pico/pico-sdk/src/rp2_common/hardware_adc/adc.c.obj
                0x10006670                adc_init
 .text          0x100066a8       0xa8 /usr/lib/gcc/arm-none-eabi/13.2.1/../../../arm-none-eabi/lib/thumb/v6-m/nofp/libg.a(libc_a-callocr.o)
                0x100066a8                _calloc_r
 .text          0x10006750      0x5b4 /usr/lib/gcc/arm-none-eabi/13.2.1/../../../arm-none-eabi/lib/thumb/v6-m/nofp/libg.a(libc_a-mallocr.o)
                0x10006750                _malloc_r
 .text          0x10006d04      0x288 /usr/lib/gcc/arm-none-eabi/13.2.1/../../../arm-none-eabi/lib/thumb/v6-m/nofp/libg.a(libc_a-freer.o)
                0x10006d04                _malloc_trim_r
                0x10006db8                _free_r
 .text          0x10006f8c       0x1c /usr/lib/gcc/arm-none-eabi/13.2.1/../../../arm-none-eabi/lib/thumb/v6-m/nofp/libg.a(libc_a-sysconf.o)
                0x10006f8c                sysconf
 .text          0x10006fa8      0x350 /usr/lib/gcc/arm-none-eabi/13.2.1/../../../arm-none-eabi/lib/thumb/v6-m/nofp/libg.a(libc_a-reallocr.o)
                0x10006fa8                _realloc_r
 .text          0x100072f8        0x8 /usr/lib/gcc/arm-none-eabi/13.2.1/../../../arm-none-eabi/lib/thumb/v6-m/nofp/libg.a(libc_a-mlock.o)
                0x100072f8                __malloc_lock
                0x100072fc                __malloc_unlock
 .text          0x10007300      0x258 /usr/lib/gcc/arm-none-eabi/13.2.1/../../../arm-none-eabi/lib/thumb/v6-m/nofp/libg.a(libc_a-findfp.o)
                0x1000745c                __sfp
                0x100074fc                __sinit
                0x10007520                __sfp_lock_acquire
                0x10007524                __sfp_lock_release
                0x10007528                __fp_lock_all
                0x10007540                __fp_unlock_all
 .text          0x10007558       0x40 /usr/lib/gcc/arm-none-eabi/13.2.1/../../../arm-none-eabi/lib/thumb/v6-m/nofp/libg.a(libc_a-scanf.o)
                0x10007558                scanf
                0x1000757c                _scanf_r
 .text          0x10007598       0x10 /usr/lib/gcc/arm-none-eabi/13.2.1/../../../arm-none-eabi/lib/thumb/v6-m/nofp/libg.a(libc_a-atexit.o)
                0x10007598                atexit
 .text          0x100075a8     0x1050 /usr/lib/gcc/arm-none-eabi/13.2.1/../../../arm-none-eabi/lib/thumb/v6-m/nofp/libg.a(libc_a-vfscanf.o)
                0x100075a8                __svfscanf_r
                0x10008588                vfscanf
                0x100085b8                __svfscanf
                0x100085d0                _vfscanf_r
 .text          0x100085f8       0x5c /usr/lib/gcc/arm-none-eabi/13.2.1/../../../arm-none-eabi/lib/thumb/v6-m/nofp/libg.a(libc_a-strlen-stub.o)
                0x100085f8                strlen
 .text          0x10008654       0x24 /usr/lib/gcc/arm-none-eabi/13.2.1/../../../arm-none-eabi/lib/thumb/v6-m/nofp/libg.a(libc_a-sbrkr.o)
                0x10008654                _sbrk_r
 .text          0x10008678      0x164 /usr/lib/gcc/arm-none-eabi/13.2.1/../../../arm-none-eabi/lib/thumb/v6-m/nofp/libg.a(libc_a-ungetc.o)
                0x10008678                __submore
                0x100086fc                _ungetc_r
                0x100087c4                ungetc
 .text          0x100087dc       0x28 /usr/lib/gcc/arm-none-eabi/13.2.1/../../../arm-none-eabi/lib/thumb/v6-m/nofp/libg.a(libc_a-fini.o)
                0x100087dc                __libc_fini_array
 .text          0x10008804        0x8 /usr/lib/gcc/arm-none-eabi/13.2.1/../../../arm-none-eabi/lib/thumb/v6-m/nofp/libg.a(libm_a-sf_nan.o)
                0x10008804                nanf
 .text          0x1000880c      0x1d8 /usr/lib/gcc/arm-none-eabi/13.2.1/../../../arm-none-eabi/lib/thumb/v6-m/nofp/libg.a(libc_a-strtoll.o)
                0x100089ac                _strtoll_r
                0x100089b4                strtoll_l
                0x100089cc                strtoll
 .text          0x100089e4      0x198 /usr/lib/gcc/arm-none-eabi/13.2.1/../../../arm-none-eabi/lib/thumb/v6-m/nofp/libg.a(libc_a-fread.o)
                0x100089e4                _fread_r
                0x10008b5c                fread
 .text          0x10008b7c       0x80 /usr/lib/gcc/arm-none-eabi/13.2.1/../../../arm-none-eabi/lib/thumb/v6-m/nofp/libg.a(libc_a-sccl.o)
                0x10008b7c                __sccl
 .text          0x10008bfc       0x44 /usr/lib/gcc/arm-none-eabi/13.2.1/../../../arm-none-eabi/lib/thumb/v6-m/nofp/libg.a(libc_a-fwalk.o)
                0x10008bfc                _fwalk_sglue
 .text          0x10008c40       0x14 /usr/lib/gcc/arm-none-eabi/13.2.1/../../../arm-none-eabi/lib/thumb/v6-m/nofp/libg.a(libc_a-localeconv.o)
                0x10008c40                __localeconv_l
                0x10008c44                _localeconv_r
                0x10008c4c                localeconv
 .text          0x10008c54     0x10b8 /usr/lib/gcc/arm-none-eabi/13.2.1/../../../arm-none-eabi/lib/thumb/v6-m/nofp/libg.a(libc_a-strtod.o)
                0x10008c84                _strtod_l
                0x10009b3c                _strtod_r
                0x10009b4c                strtod_l
                0x10009b64                strtod
                0x10009b80                strtof_l
                0x10009c38                strtof
 .text          0x10009d0c       0x98 /usr/lib/gcc/arm-none-eabi/13.2.1/../../../arm-none-eabi/lib/thumb/v6-m/nofp/libg.a(libc_a-locale.o)
                0x10009d0c                _setlocale_r
                0x10009d50                __locale_mb_cur_max
                0x10009d60                setlocale
 .text          0x10009da4       0x88 /usr/lib/gcc/arm-none-eabi/13.2.1/../../../arm-none-eabi/lib/thumb/v6-m/nofp/libg.a(libc_a-strcmp.o)
                0x10009da4                strcmp
 .text          0x10009e2c      0x658 /usr/lib/gcc/arm-none-eabi/13.2.1/../../../arm-none-eabi/lib/thumb/v6-m/nofp/libg.a(libc_a-gdtoa-gethex.o)
                0x10009edc                __gethex
 .text          0x1000a484      0x17c /usr/lib/gcc/arm-none-eabi/13.2.1/../../../arm-none-eabi/lib/thumb/v6-m/nofp/libg.a(libc_a-strtoul.o)
                0x1000a5c8                _strtoul_r
                0x1000a5d0                strtoul_l
                0x1000a5e8                strtoul
 .text          0x1000a600       0x44 /usr/lib/gcc/arm-none-eabi/13.2.1/../../../arm-none-eabi/lib/thumb/v6-m/nofp/libg.a(libc_a-mbtowc_r.o)
                0x1000a600                _mbtowc_r
                0x1000a618                __ascii_mbtowc
 .text          0x1000a644      0x1c4 /usr/lib/gcc/arm-none-eabi/13.2.1/../../../arm-none-eabi/lib/thumb/v6-m/nofp/libg.a(libc_a-fflush.o)
                0x1000a644                __sflush_r
                0x1000a78c                _fflush_r
                0x1000a7b8                fflush
 .text          0x1000a808       0x74 /usr/lib/gcc/arm-none-eabi/13.2.1/../../../arm-none-eabi/lib/thumb/v6-m/nofp/libg.a(libc_a-strncmp.o)
                0x1000a808                strncmp
 .text          0x1000a87c       0xb0 /usr/lib/gcc/arm-none-eabi/13.2.1/../../../arm-none-eabi/lib/thumb/v6-m/nofp/libg.a(libc_a-memmove.o)
                0x1000a87c                memmove
 .text          0x1000a92c        0xc /usr/lib/gcc/arm-none-eabi/13.2.1/../../../arm-none-eabi/lib/thumb/v6-m/nofp/libg.a(libc_a-errno.o)
                0x1000a92c                __errno
 .text          0x1000a938      0x1fc /usr/lib/gcc/arm-none-eabi/13.2.1/../../../arm-none-eabi/lib/thumb/v6-m/nofp/libg.a(libc_a-strtoull.o)
                0x1000aafc                _strtoull_r
                0x1000ab04                strtoull_l
                0x1000ab1c                strtoull
 .text          0x1000ab34      0x190 /usr/lib/gcc/arm-none-eabi/13.2.1/../../../arm-none-eabi/lib/thumb/v6-m/nofp/libg.a(libc_a-strtol.o)
                0x1000ac8c                _strtol_r
                0x1000ac94                strtol_l
                0x1000acac                strtol
 .text          0x1000acc4       0xa4 /usr/lib/gcc/arm-none-eabi/13.2.1/../../../arm-none-eabi/lib/thumb/v6-m/nofp/libg.a(libc_a-fclose.o)
                0x1000acc4                _fclose_r
                0x1000ad54                fclose
 .text          0x1000ad68       0x2c /usr/lib/gcc/arm-none-eabi/13.2.1/../../../arm-none-eabi/lib/thumb/v6-m/nofp/libg.a(libc_a-wctomb_r.o)
                0x1000ad68                _wctomb_r
                0x1000ad78                __ascii_wctomb
 .text          0x1000ad94       0xa8 /usr/lib/gcc/arm-none-eabi/13.2.1/../../../arm-none-eabi/lib/thumb/v6-m/nofp/libg.a(libc_a-stdio.o)
                0x1000ad94                __sread
                0x1000adbc                __seofread
                0x1000adc0                __swrite
                0x1000ae00                __sseek
                0x1000ae30                __sclose
 .text          0x1000ae3c        0xc /usr/lib/gcc/arm-none-eabi/13.2.1/../../../arm-none-eabi/lib/thumb/v6-m/nofp/libg.a(libc_a-iswspace.o)
                0x1000ae3c                iswspace
 .text          0x1000ae48       0x94 /usr/lib/gcc/arm-none-eabi/13.2.1/../../../arm-none-eabi/lib/thumb/v6-m/nofp/libg.a(libc_a-mbrtowc.o)
                0x1000ae48                _mbrtowc_r
                0x1000ae90                mbrtowc
 .text          0x1000aedc       0x78 /usr/lib/gcc/arm-none-eabi/13.2.1/../../../arm-none-eabi/lib/thumb/v6-m/nofp/libg.a(libc_a-__atexit.o)
                0x1000aedc                __register_exitproc
 .text          0x1000af54      0x120 /usr/lib/gcc/arm-none-eabi/13.2.1/../../../arm-none-eabi/lib/thumb/v6-m/nofp/libg.a(libc_a-refill.o)
                0x1000af74                __srefill_r
 .text          0x1000b074       0x28 /usr/lib/gcc/arm-none-eabi/13.2.1/../../../arm-none-eabi/lib/thumb/v6-m/nofp/libg.a(libc_a-writer.o)
                0x1000b074                _write_r
 .text          0x1000b09c      0x230 /usr/lib/gcc/arm-none-eabi/13.2.1/../../../arm-none-eabi/lib/thumb/v6-m/nofp/libg.a(libc_a-gdtoa-hexnan.o)
                0x1000b09c                __match
                0x1000b0c8                __hexnan
 .text          0x1000b2cc       0x24 /usr/lib/gcc/arm-none-eabi/13.2.1/../../../arm-none-eabi/lib/thumb/v6-m/nofp/libg.a(libc_a-closer.o)
                0x1000b2cc                _close_r
 .text          0x1000b2f0        0xc /usr/lib/gcc/arm-none-eabi/13.2.1/../../../arm-none-eabi/lib/thumb/v6-m/nofp/libg.a(libm_a-s_nan.o)
                0x1000b2f0                nan
 .text          0x1000b2fc      0xb18 /usr/lib/gcc/arm-none-eabi/13.2.1/../../../arm-none-eabi/lib/thumb/v6-m/nofp/libg.a(libc_a-mprec.o)
                0x1000b2fc                _Balloc
                0x1000b34c                _Bfree
                0x1000b360                __multadd
                0x1000b408                __s2b
                0x1000b4b8                __hi0bits
                0x1000b504                __lo0bits
                0x1000b560                __i2b
                0x1000b5c0                __multiply
                0x1000b76c                __pow5mult
                0x1000b83c                __lshift
                0x1000b938                __mcmp
                0x1000b974                __mdiff
                0x1000bb28                __ulp
                0x1000bb68                __b2d
                0x1000bc20                __d2b
                0x1000bcec                __ratio
                0x1000bd54                _mprec_log10
                0x1000bd88                __copybits
                0x1000bdc8                __any_on
 .text          0x1000be14      0x138 /usr/lib/gcc/arm-none-eabi/13.2.1/../../../arm-none-eabi/lib/thumb/v6-m/nofp/libg.a(libc_a-makebuf.o)
                0x1000be14                __smakebuf_r
                0x1000bef4                __swhatbuf_r
 .text          0x1000bf4c       0x18 /usr/lib/gcc/arm-none-eabi/13.2.1/../../../arm-none-eabi/lib/thumb/v6-m/nofp/libg.a(libc_a-iswspace_l.o)
                0x1000bf4c                iswspace_l
 .text          0x1000bf64       0x28 /usr/lib/gcc/arm-none-eabi/13.2.1/../../../arm-none-eabi/lib/thumb/v6-m/nofp/libg.a(libc_a-readr.o)
                0x1000bf64                _read_r
 .text          0x1000bf8c       0x28 /usr/lib/gcc/arm-none-eabi/13.2.1/../../../arm-none-eabi/lib/thumb/v6-m/nofp/libg.a(libc_a-lseekr.o)
                0x1000bf8c                _lseek_r
 .text.startup  0x1000bfb4       0x18 /usr/lib/gcc/arm-none-eabi/13.2.1/../../../arm-none-eabi/lib/thumb/v6-m/nofp/libg.a(libc_a-__call_atexit.o)
 .text          0x1000bfcc       0x28 /usr/lib/gcc/arm-none-eabi/13.2.1/../../../arm-none-eabi/lib/thumb/v6-m/nofp/libg.a(libc_a-fstatr.o)
                0x1000bfcc                _fstat_r
 .text          0x1000bff4       0x24 /usr/lib/gcc/arm-none-eabi/13.2.1/../../../arm-none-eabi/lib/thumb/v6-m/nofp/libg.a(libc_a-isattyr.o)
                0x1000bff4                _isatty_r
 *(.fini)
 .fini          0x1000c018        0x4 /usr/lib/gcc/arm-none-eabi/13.2.1/thumb/v6-m/nofp/crti.o
                0x1000c018                _fini
 *fill*         0x1000c01c        0x4 
 .fini.__stub   0x1000c020       0xc0 linker stubs
 *crtbegin.o(.ctors)
 *crtbegin?.o(.ctors)
 *(EXCLUDE_FILE(*crtend.o *crtend?.o) .ctors)
 *(SORT_BY_NAME(.ctors.*))
 *(.ctors)
 *crtbegin.o(.dtors)
 *crtbegin?.o(.dtors)
 *(EXCLUDE_FILE(*crtend.o *crtend?.o) .dtors)
 *(SORT_BY_NAME(.dtors.*))
 *(.dtors)
                0x1000c0e0                        . = ALIGN (0x4)
                0x1000c0e0                        PROVIDE (__preinit_array_start = .)
 *(SORT_BY_NAME(.preinit_array.*))
 .preinit_array.00100
                0x1000c0e0        0x4 CMakeFiles/project-template.dir/home/hoagson/pico/pico-sdk/src/rp2_common/pico_runtime_init/runtime_init.c.obj
                0x1000c0e0                __pre_init_runtime_init_early_resets
 .preinit_array.00101
                0x1000c0e4        0x4 CMakeFiles/project-template.dir/home/hoagson/pico/pico-sdk/src/rp2_common/pico_runtime_init/runtime_init.c.obj
                0x1000c0e4                __pre_init_runtime_init_usb_power_down
 .preinit_array.00275
                0x1000c0e8        0x4 CMakeFiles/project-template.dir/home/hoagson/pico/pico-sdk/src/rp2_common/pico_bit_ops/bit_ops_aeabi.S.obj
 .preinit_array.00300
                0x1000c0ec        0x4 CMakeFiles/project-template.dir/home/hoagson/pico/pico-sdk/src/rp2_common/pico_mem_ops/mem_ops_aeabi.S.obj
 .preinit_array.00350
                0x1000c0f0        0x4 CMakeFiles/project-template.dir/home/hoagson/pico/pico-sdk/src/rp2_common/pico_double/double_aeabi_rp2040.S.obj
 .preinit_array.00350
                0x1000c0f4        0x4 CMakeFiles/project-template.dir/home/hoagson/pico/pico-sdk/src/rp2_common/pico_float/float_aeabi_rp2040.S.obj
 .preinit_array.00500
                0x1000c0f8        0x4 CMakeFiles/project-template.dir/home/hoagson/pico/pico-sdk/src/rp2_common/pico_runtime_init/runtime_init.c.obj
                0x1000c0f8                __pre_init_runtime_init_clocks
 .preinit_array.00600
                0x1000c0fc        0x4 CMakeFiles/project-template.dir/home/hoagson/pico/pico-sdk/src/rp2_common/pico_runtime_init/runtime_init.c.obj
                0x1000c0fc                __pre_init_runtime_init_post_clock_resets
 .preinit_array.00700
                0x1000c100        0x4 CMakeFiles/project-template.dir/home/hoagson/pico/pico-sdk/src/rp2_common/pico_runtime_init/runtime_init.c.obj
                0x1000c100                __pre_init_runtime_init_rp2040_gpio_ie_disable
 .preinit_array.01000
                0x1000c104        0x4 CMakeFiles/project-template.dir/home/hoagson/pico/pico-sdk/src/rp2_common/pico_runtime_init/runtime_init.c.obj
                0x1000c104                __pre_init_runtime_init_spin_locks_reset
 .preinit_array.01100
                0x1000c108        0x4 CMakeFiles/project-template.dir/home/hoagson/pico/pico-sdk/src/common/pico_sync/mutex.c.obj
                0x1000c108                __pre_init_runtime_init_mutex
 .preinit_array.10080
                0x1000c10c        0x4 CMakeFiles/project-template.dir/home/hoagson/pico/pico-sdk/src/rp2_common/pico_runtime_init/runtime_init.c.obj
                0x1000c10c                __pre_init_runtime_init_install_ram_vector_table
 .preinit_array.11000
                0x1000c110        0x4 CMakeFiles/project-template.dir/home/hoagson/pico/pico-sdk/src/common/pico_time/time.c.obj
                0x1000c110                __pre_init_runtime_init_default_alarm_pool
 .preinit_array.YYYYY
                0x1000c114        0x4 CMakeFiles/project-template.dir/home/hoagson/pico/pico-sdk/src/rp2_common/pico_runtime/runtime.c.obj
                0x1000c114                __pre_init_first_per_core_initializer
 .preinit_array.ZZZZZ.01200
                0x1000c118        0x4 CMakeFiles/project-template.dir/home/hoagson/pico/pico-sdk/src/rp2_common/hardware_irq/irq.c.obj
                0x1000c118                __pre_init_runtime_init_per_core_irq_priorities
 *(.preinit_array)
                0x1000c11c                        PROVIDE (__preinit_array_end = .)
                0x1000c11c                        . = ALIGN (0x4)
                0x1000c11c                        PROVIDE (__init_array_start = .)
 *(SORT_BY_NAME(.init_array.*))
 .init_array.00000
                0x1000c11c        0x4 /usr/lib/gcc/arm-none-eabi/13.2.1/../../../arm-none-eabi/lib/thumb/v6-m/nofp/libg.a(libc_a-__call_atexit.o)
 *(.init_array)
 .init_array    0x1000c120        0x4 /usr/lib/gcc/arm-none-eabi/13.2.1/thumb/v6-m/nofp/crtbegin.o
 .init_array    0x1000c124        0x4 CMakeFiles/project-template.dir/home/hoagson/pico/pico-sdk/src/rp2_common/pico_unique_id/unique_id.c.obj
                0x1000c128                        PROVIDE (__init_array_end = .)
                0x1000c128                        . = ALIGN (0x4)
                0x1000c128                        PROVIDE (__fini_array_start = .)
 *(SORT_BY_NAME(.fini_array.*))
 *(.fini_array)
                0x1000c128                        PROVIDE (__fini_array_end = .)
 *(.eh_frame*)
 .eh_frame      0x1000c128        0x0 /usr/lib/gcc/arm-none-eabi/13.2.1/thumb/v6-m/nofp/crtbegin.o
                0x1000c128                        . = ALIGN (0x4)

.glue_7         0x1000c128        0x0
 .glue_7        0x1000c128        0x0 linker stubs

.glue_7t        0x1000c128        0x0
 .glue_7t       0x1000c128        0x0 linker stubs

.vfp11_veneer   0x1000c128        0x0
 .vfp11_veneer  0x1000c128        0x0 linker stubs

.v4_bx          0x1000c128        0x0
 .v4_bx         0x1000c128        0x0 linker stubs

.iplt           0x1000c128        0x0
 .iplt          0x1000c128        0x0 /usr/lib/gcc/arm-none-eabi/13.2.1/thumb/v6-m/nofp/crtbegin.o

.rodata         0x1000c128      0xf80
 *(EXCLUDE_FILE(*libm.a: *libc.a:*lib_a-mem*.o *libgcc.a:) .rodata*)
 .rodata.main.str1.4
                0x1000c128      0x299 CMakeFiles/project-template.dir/main.c.obj
                                 0x3f (size before relaxing)
 .rodata.panic.str1.4
                0x1000c3c1       0x12 CMakeFiles/project-template.dir/home/hoagson/pico/pico-sdk/src/rp2_common/pico_platform_panic/panic.c.obj
 .rodata.spin_lock_claim_unused.str1.4
                0x1000c3c1       0x1b CMakeFiles/project-template.dir/home/hoagson/pico/pico-sdk/src/rp2_common/hardware_sync/sync.c.obj
 .rodata.user_irq_claim_unused.str1.4
                0x1000c3c1       0x1b CMakeFiles/project-template.dir/home/hoagson/pico/pico-sdk/src/rp2_common/hardware_irq/irq.c.obj
 *fill*         0x1000c3c1        0x7 
 .rodata.at_the_end_of_time
                0x1000c3c8        0x8 CMakeFiles/project-template.dir/home/hoagson/pico/pico-sdk/src/common/pico_time/time.c.obj
                0x1000c3c8                at_the_end_of_time
 .rodata.timer_hardware_alarm_claim.str1.4
                0x1000c3d0       0x22 CMakeFiles/project-template.dir/home/hoagson/pico/pico-sdk/src/rp2_common/hardware_timer/timer.c.obj
 .rodata.hard_assertion_failure.str1.4
                0x1000c3d0        0xc CMakeFiles/project-template.dir/home/hoagson/pico/pico-sdk/src/rp2_common/pico_runtime/runtime.c.obj
 .rodata.missing_double_func_shim.str1.4
                0x1000c3d0       0x18 CMakeFiles/project-template.dir/home/hoagson/pico/pico-sdk/src/rp2_common/pico_double/double_init_rom_rp2040.c.obj
 .rodata.missing_float_func_shim.str1.4
                0x1000c3d0        0x1 CMakeFiles/project-template.dir/home/hoagson/pico/pico-sdk/src/rp2_common/pico_float/float_init_rom_rp2040.c.obj
 .rodata.str1.4
                0x1000c3d0       0x38 CMakeFiles/project-template.dir/home/hoagson/pico/pico-sdk/src/rp2_common/pico_standard_binary_info/standard_binary_info.c.obj
 .rodata.__bi_84
                0x1000c3d0        0xc CMakeFiles/project-template.dir/home/hoagson/pico/pico-sdk/src/rp2_common/pico_standard_binary_info/standard_binary_info.c.obj
 .rodata.__bi_54
                0x1000c3dc        0xc CMakeFiles/project-template.dir/home/hoagson/pico/pico-sdk/src/rp2_common/pico_standard_binary_info/standard_binary_info.c.obj
 .rodata.__bi_48
                0x1000c3e8        0xc CMakeFiles/project-template.dir/home/hoagson/pico/pico-sdk/src/rp2_common/pico_standard_binary_info/standard_binary_info.c.obj
 .rodata.__bi_42
                0x1000c3f4        0xc CMakeFiles/project-template.dir/home/hoagson/pico/pico-sdk/src/rp2_common/pico_standard_binary_info/standard_binary_info.c.obj
 .rodata.__bi_34
                0x1000c400        0xc CMakeFiles/project-template.dir/home/hoagson/pico/pico-sdk/src/rp2_common/pico_standard_binary_info/standard_binary_info.c.obj
 .rodata.__bi_26
                0x1000c40c        0xc CMakeFiles/project-template.dir/home/hoagson/pico/pico-sdk/src/rp2_common/pico_standard_binary_info/standard_binary_info.c.obj
 .rodata._ftoa.str1.4
                0x1000c418       0x15 CMakeFiles/project-template.dir/home/hoagson/pico/pico-sdk/src/rp2_common/pico_printf/printf.c.obj
 .rodata._vsnprintf
                0x1000c418      0x19c CMakeFiles/project-template.dir/home/hoagson/pico/pico-sdk/src/rp2_common/pico_printf/printf.c.obj
 *fill*         0x1000c5b4        0x4 
 .rodata.pow10.0
                0x1000c5b8       0x50 CMakeFiles/project-template.dir/home/hoagson/pico/pico-sdk/src/rp2_common/pico_printf/printf.c.obj
 .rodata.__assert_func.str1.4
                0x1000c608       0x43 CMakeFiles/project-template.dir/home/hoagson/pico/pico-sdk/src/rp2_common/pico_clib_interface/newlib_interface.c.obj
 .rodata.crlf_str.0
                0x1000c608        0x2 CMakeFiles/project-template.dir/home/hoagson/pico/pico-sdk/src/rp2_common/pico_stdio/stdio.c.obj
 *fill*         0x1000c60a        0x2 
 .rodata._resetd_driver
                0x1000c60c       0x20 CMakeFiles/project-template.dir/home/hoagson/pico/pico-sdk/src/rp2_common/pico_stdio_usb/reset_interface.c.obj
 .rodata.desc_ms_os_20
                0x1000c62c       0xa6 CMakeFiles/project-template.dir/home/hoagson/pico/pico-sdk/src/rp2_common/pico_stdio_usb/reset_interface.c.obj
 *fill*         0x1000c6d2        0x2 
 .rodata.desc_bos
                0x1000c6d4       0x21 CMakeFiles/project-template.dir/home/hoagson/pico/pico-sdk/src/rp2_common/pico_stdio_usb/reset_interface.c.obj
                0x1000c6d4                desc_bos
 .rodata.str1.4
                0x1000c6f5       0x13 CMakeFiles/project-template.dir/home/hoagson/pico/pico-sdk/src/rp2_common/pico_stdio_usb/stdio_usb.c.obj
 *fill*         0x1000c6f5        0x3 
 .rodata.__bi_197.0
                0x1000c6f8        0xc CMakeFiles/project-template.dir/home/hoagson/pico/pico-sdk/src/rp2_common/pico_stdio_usb/stdio_usb.c.obj
 .rodata.str1.4
                0x1000c704       0x2a CMakeFiles/project-template.dir/home/hoagson/pico/pico-sdk/src/rp2_common/pico_stdio_usb/stdio_usb_descriptors.c.obj
 .rodata.usbd_desc_str
                0x1000c704       0x18 CMakeFiles/project-template.dir/home/hoagson/pico/pico-sdk/src/rp2_common/pico_stdio_usb/stdio_usb_descriptors.c.obj
 .rodata.usbd_desc_cfg
                0x1000c71c       0x54 CMakeFiles/project-template.dir/home/hoagson/pico/pico-sdk/src/rp2_common/pico_stdio_usb/stdio_usb_descriptors.c.obj
 .rodata.usbd_desc_device
                0x1000c770       0x12 CMakeFiles/project-template.dir/home/hoagson/pico/pico-sdk/src/rp2_common/pico_stdio_usb/stdio_usb_descriptors.c.obj
 .rodata.str1.4
                0x1000c782       0x14 CMakeFiles/project-template.dir/home/hoagson/pico/pico-sdk/lib/tinyusb/src/portable/raspberrypi/rp2040/dcd_rp2040.c.obj
 .rodata.str1.4
                0x1000c782       0x48 CMakeFiles/project-template.dir/home/hoagson/pico/pico-sdk/lib/tinyusb/src/portable/raspberrypi/rp2040/rp2040_usb.c.obj
 *fill*         0x1000c782        0x2 
 .rodata.tud_task_ext
                0x1000c784       0x8c CMakeFiles/project-template.dir/home/hoagson/pico/pico-sdk/lib/tinyusb/src/device/usbd.c.obj
 .rodata        0x1000c810       0x1c CMakeFiles/project-template.dir/home/hoagson/pico/pico-sdk/lib/tinyusb/src/device/usbd.c.obj
 .rodata._usbd_driver
                0x1000c82c       0x40 CMakeFiles/project-template.dir/home/hoagson/pico/pico-sdk/lib/tinyusb/src/device/usbd.c.obj
 .rodata.str1.4
                0x1000c86c        0x9 /usr/lib/gcc/arm-none-eabi/13.2.1/../../../arm-none-eabi/lib/thumb/v6-m/nofp/libg.a(libc_a-vfscanf.o)
 .rodata        0x1000c86c      0x3e6 /usr/lib/gcc/arm-none-eabi/13.2.1/../../../arm-none-eabi/lib/thumb/v6-m/nofp/libg.a(libc_a-vfscanf.o)
 .rodata.str1.4
                0x1000cc52       0x15 /usr/lib/gcc/arm-none-eabi/13.2.1/../../../arm-none-eabi/lib/thumb/v6-m/nofp/libg.a(libc_a-strtod.o)
 *fill*         0x1000cc52        0x6 
 .rodata        0x1000cc58      0x120 /usr/lib/gcc/arm-none-eabi/13.2.1/../../../arm-none-eabi/lib/thumb/v6-m/nofp/libg.a(libc_a-strtod.o)
 .rodata.str1.4
                0x1000cd78       0x12 /usr/lib/gcc/arm-none-eabi/13.2.1/../../../arm-none-eabi/lib/thumb/v6-m/nofp/libg.a(libc_a-locale.o)
 .rodata.str1.4
                0x1000cd78       0x4c /usr/lib/gcc/arm-none-eabi/13.2.1/../../../arm-none-eabi/lib/thumb/v6-m/nofp/libg.a(libc_a-gdtoa-gethex.o)
 .rodata        0x1000cd78      0x100 /usr/lib/gcc/arm-none-eabi/13.2.1/../../../arm-none-eabi/lib/thumb/v6-m/nofp/libg.a(libc_a-gdtoa-gethex.o)
                0x1000cd78                __hexdig
 .rodata.str1.4
                0x1000ce78        0x1 /usr/lib/gcc/arm-none-eabi/13.2.1/../../../arm-none-eabi/lib/thumb/v6-m/nofp/libg.a(libc_a-mbrtowc.o)
 .rodata        0x1000ce78      0x101 /usr/lib/gcc/arm-none-eabi/13.2.1/../../../arm-none-eabi/lib/thumb/v6-m/nofp/libg.a(libc_a-ctype_.o)
                0x1000ce78                _ctype_
 .rodata.str1.4
                0x1000cf79       0x41 /usr/lib/gcc/arm-none-eabi/13.2.1/../../../arm-none-eabi/lib/thumb/v6-m/nofp/libg.a(libc_a-mprec.o)
 *fill*         0x1000cf79        0x7 
 .rodata        0x1000cf80      0x128 /usr/lib/gcc/arm-none-eabi/13.2.1/../../../arm-none-eabi/lib/thumb/v6-m/nofp/libg.a(libc_a-mprec.o)
                0x1000cf90                __mprec_tinytens
                0x1000cfb8                __mprec_bigtens
                0x1000cfe0                __mprec_tens
                0x1000d0a8                        . = ALIGN (0x4)
 *(SORT_BY_ALIGNMENT(SORT_BY_NAME(.flashdata*)))
                0x1000d0a8                        . = ALIGN (0x4)

.ARM.extab
 *(.ARM.extab* .gnu.linkonce.armextab.*)
                0x1000d0a8                        __exidx_start = .

.ARM.exidx
 *(.ARM.exidx* .gnu.linkonce.armexidx.*)
                0x1000d0a8                        __exidx_end = .
                0x1000d0a8                        . = ALIGN (0x4)
                0x1000d0a8                        __binary_info_start = .

.binary_info    0x1000d0a8       0x1c
 *(.binary_info.keep.*)
 .binary_info.keep.__bi_ptr84
                0x1000d0a8        0x4 CMakeFiles/project-template.dir/home/hoagson/pico/pico-sdk/src/rp2_common/pico_standard_binary_info/standard_binary_info.c.obj
 .binary_info.keep.__bi_ptr54
                0x1000d0ac        0x4 CMakeFiles/project-template.dir/home/hoagson/pico/pico-sdk/src/rp2_common/pico_standard_binary_info/standard_binary_info.c.obj
 .binary_info.keep.__bi_ptr48
                0x1000d0b0        0x4 CMakeFiles/project-template.dir/home/hoagson/pico/pico-sdk/src/rp2_common/pico_standard_binary_info/standard_binary_info.c.obj
 .binary_info.keep.__bi_ptr42
                0x1000d0b4        0x4 CMakeFiles/project-template.dir/home/hoagson/pico/pico-sdk/src/rp2_common/pico_standard_binary_info/standard_binary_info.c.obj
 .binary_info.keep.__bi_ptr34
                0x1000d0b8        0x4 CMakeFiles/project-template.dir/home/hoagson/pico/pico-sdk/src/rp2_common/pico_standard_binary_info/standard_binary_info.c.obj
 .binary_info.keep.__bi_ptr26
                0x1000d0bc        0x4 CMakeFiles/project-template.dir/home/hoagson/pico/pico-sdk/src/rp2_common/pico_standard_binary_info/standard_binary_info.c.obj
 *(.binary_info.*)
 .binary_info.__bi_ptr197
                0x1000d0c0        0x4 CMakeFiles/project-template.dir/home/hoagson/pico/pico-sdk/src/rp2_common/pico_stdio_usb/stdio_usb.c.obj
                0x1000d0c4                        __binary_info_end = .

.rel.dyn        0x1000d0c4        0x0
 .rel.iplt      0x1000d0c4        0x0 /usr/lib/gcc/arm-none-eabi/13.2.1/thumb/v6-m/nofp/crtbegin.o
                0x1000d0c4                        . = ALIGN (0x4)

.ram_vector_table
                0x20000000       0xc0
 *(.ram_vector_table)
 .ram_vector_table
                0x20000000       0xc0 CMakeFiles/project-template.dir/home/hoagson/pico/pico-sdk/src/rp2_common/pico_runtime_init/runtime_init.c.obj
                0x20000000                ram_vector_table

.uninitialized_data
                0x200000c0        0x0
                0x200000c0                        . = ALIGN (0x4)
 *(.uninitialized_data*)

.data           0x200000c0     0x1650 load address 0x1000d0c4
                0x200000c0                        __data_start__ = .
 *(vtable)
 *(.time_critical*)
 .time_critical.mutex_try_enter
                0x200000c0       0x40 CMakeFiles/project-template.dir/home/hoagson/pico/pico-sdk/src/common/pico_sync/mutex.c.obj
                0x200000c0                mutex_try_enter
 .time_critical.mutex_try_enter_block_until
                0x20000100       0x9c CMakeFiles/project-template.dir/home/hoagson/pico/pico-sdk/src/common/pico_sync/mutex.c.obj
                0x20000100                mutex_try_enter_block_until
 .time_critical.mutex_enter_timeout_ms
                0x2000019c       0x90 CMakeFiles/project-template.dir/home/hoagson/pico/pico-sdk/src/common/pico_sync/mutex.c.obj
                0x2000019c                mutex_enter_timeout_ms
 .time_critical.mutex_exit
                0x2000022c       0x28 CMakeFiles/project-template.dir/home/hoagson/pico/pico-sdk/src/common/pico_sync/mutex.c.obj
                0x2000022c                mutex_exit
 .time_critical.flash_init_boot2_copyout
                0x20000254       0x30 CMakeFiles/project-template.dir/home/hoagson/pico/pico-sdk/src/rp2_common/hardware_flash/flash.c.obj
 .time_critical.flash_enable_xip_via_boot2
                0x20000284        0xc CMakeFiles/project-template.dir/home/hoagson/pico/pico-sdk/src/rp2_common/hardware_flash/flash.c.obj
 .time_critical.flash_cs_force
                0x20000290       0x38 CMakeFiles/project-template.dir/home/hoagson/pico/pico-sdk/src/rp2_common/hardware_flash/flash.c.obj
 .time_critical.flash_do_cmd
                0x200002c8       0xc0 CMakeFiles/project-template.dir/home/hoagson/pico/pico-sdk/src/rp2_common/hardware_flash/flash.c.obj
                0x200002c8                flash_do_cmd
 .time_critical.reset_non_control_endpoints
                0x20000388       0x68 CMakeFiles/project-template.dir/home/hoagson/pico/pico-sdk/lib/tinyusb/src/portable/raspberrypi/rp2040/dcd_rp2040.c.obj
 .time_critical.hw_handle_buff_status
                0x200003f0       0xb0 CMakeFiles/project-template.dir/home/hoagson/pico/pico-sdk/lib/tinyusb/src/portable/raspberrypi/rp2040/dcd_rp2040.c.obj
 .time_critical.dcd_rp2040_irq
                0x200004a0      0x578 CMakeFiles/project-template.dir/home/hoagson/pico/pico-sdk/lib/tinyusb/src/portable/raspberrypi/rp2040/dcd_rp2040.c.obj
 .time_critical.prepare_ep_buffer
                0x20000a18       0xe0 CMakeFiles/project-template.dir/home/hoagson/pico/pico-sdk/lib/tinyusb/src/portable/raspberrypi/rp2040/rp2040_usb.c.obj
 .time_critical.sync_ep_buffer
                0x20000af8       0xa8 CMakeFiles/project-template.dir/home/hoagson/pico/pico-sdk/lib/tinyusb/src/portable/raspberrypi/rp2040/rp2040_usb.c.obj
 .time_critical._hw_endpoint_xfer_sync
                0x20000ba0       0x28 CMakeFiles/project-template.dir/home/hoagson/pico/pico-sdk/lib/tinyusb/src/portable/raspberrypi/rp2040/rp2040_usb.c.obj
 .time_critical.e15_is_bulkin_ep
                0x20000bc8       0x28 CMakeFiles/project-template.dir/home/hoagson/pico/pico-sdk/lib/tinyusb/src/portable/raspberrypi/rp2040/rp2040_usb.c.obj
 .time_critical.e15_is_critical_frame_period
                0x20000bf0       0x34 CMakeFiles/project-template.dir/home/hoagson/pico/pico-sdk/lib/tinyusb/src/portable/raspberrypi/rp2040/rp2040_usb.c.obj
 .time_critical.hw_endpoint_reset_transfer
                0x20000c24        0xc CMakeFiles/project-template.dir/home/hoagson/pico/pico-sdk/lib/tinyusb/src/portable/raspberrypi/rp2040/rp2040_usb.c.obj
                0x20000c24                hw_endpoint_reset_transfer
 .time_critical._hw_endpoint_buffer_control_update32
                0x20000c30       0x50 CMakeFiles/project-template.dir/home/hoagson/pico/pico-sdk/lib/tinyusb/src/portable/raspberrypi/rp2040/rp2040_usb.c.obj
                0x20000c30                _hw_endpoint_buffer_control_update32
 .time_critical.hw_endpoint_start_next_buffer
                0x20000c80       0x6c CMakeFiles/project-template.dir/home/hoagson/pico/pico-sdk/lib/tinyusb/src/portable/raspberrypi/rp2040/rp2040_usb.c.obj
                0x20000c80                hw_endpoint_start_next_buffer
 .time_critical.hw_endpoint_xfer_continue
                0x20000cec       0x40 CMakeFiles/project-template.dir/home/hoagson/pico/pico-sdk/lib/tinyusb/src/portable/raspberrypi/rp2040/rp2040_usb.c.obj
                0x20000cec                hw_endpoint_xfer_continue
 .time_critical.tinyusb
                0x20000d2c      0x1e4 CMakeFiles/project-template.dir/home/hoagson/pico/pico-sdk/lib/tinyusb/src/device/usbd.c.obj
                0x20000d2c                dcd_event_handler
 *(.text*)
 .text          0x20000f10        0x4 /usr/lib/gcc/arm-none-eabi/13.2.1/thumb/v6-m/nofp/libgcc.a(_dvmd_tls.o)
                0x20000f10                __aeabi_ldiv0
                0x20000f10                __aeabi_idiv0
 *fill*         0x20000f14        0x4 
 .text.__stub   0x20000f18       0x80 linker stubs
                0x20000f98                        . = ALIGN (0x4)
 *(.rodata*)
                0x20000f98                        . = ALIGN (0x4)
 *(.data*)
 .data.striped_spin_lock_num
                0x20000f98        0x1 CMakeFiles/project-template.dir/home/hoagson/pico/pico-sdk/src/rp2_common/hardware_sync/sync.c.obj
 *fill*         0x20000f99        0x3 
 .data          0x20000f9c       0x48 CMakeFiles/project-template.dir/home/hoagson/pico/pico-sdk/src/rp2_common/hardware_irq/irq_handler_chain.S.obj
                0x20000f9c                irq_handler_chain_slots
                0x20000fcc                irq_handler_chain_first_slot
                0x20000fd6                irq_handler_chain_remove_tail
 .data.default_alarm_pool
                0x20000fe4       0x18 CMakeFiles/project-template.dir/home/hoagson/pico/pico-sdk/src/common/pico_time/time.c.obj
 *fill*         0x20000ffc        0x4 
 .data.aeabi_bits_funcs
                0x20001000       0x10 CMakeFiles/project-template.dir/home/hoagson/pico/pico-sdk/src/rp2_common/pico_bit_ops/bit_ops_aeabi.S.obj
                0x20001000                aeabi_bits_funcs
                0x20001010                aeabi_bits_funcs_end
 .data.aeabi_mem_funcs
                0x20001010       0x10 CMakeFiles/project-template.dir/home/hoagson/pico/pico-sdk/src/rp2_common/pico_mem_ops/mem_ops_aeabi.S.obj
                0x20001010                aeabi_mem_funcs
                0x20001020                aeabi_mem_funcs_end
 .data.stdio_usb
                0x20001020       0x18 CMakeFiles/project-template.dir/home/hoagson/pico/pico-sdk/src/rp2_common/pico_stdio_usb/stdio_usb.c.obj
                0x20001020                stdio_usb
 .data._usbd_qdef
                0x20001038       0x1c CMakeFiles/project-template.dir/home/hoagson/pico/pico-sdk/lib/tinyusb/src/device/usbd.c.obj
                0x20001038                _usbd_qdef
 .data._usbd_rhport
                0x20001054        0x1 CMakeFiles/project-template.dir/home/hoagson/pico/pico-sdk/lib/tinyusb/src/device/usbd.c.obj
 *fill*         0x20001055        0x3 
 .data          0x20001058      0x128 /usr/lib/gcc/arm-none-eabi/13.2.1/../../../arm-none-eabi/lib/thumb/v6-m/nofp/libg.a(libc_a-impure.o)
                0x20001058                _impure_ptr
                0x20001060                _impure_data
 .data          0x20001180      0x410 /usr/lib/gcc/arm-none-eabi/13.2.1/../../../arm-none-eabi/lib/thumb/v6-m/nofp/libg.a(libc_a-mallocr.o)
                0x20001180                __malloc_sbrk_base
                0x20001184                __malloc_trim_threshold
                0x20001188                __malloc_av_
 .data          0x20001590        0xc /usr/lib/gcc/arm-none-eabi/13.2.1/../../../arm-none-eabi/lib/thumb/v6-m/nofp/libg.a(libc_a-findfp.o)
                0x20001590                __sglue
 .data          0x2000159c      0x16c /usr/lib/gcc/arm-none-eabi/13.2.1/../../../arm-none-eabi/lib/thumb/v6-m/nofp/libg.a(libc_a-locale.o)
                0x2000159c                __global_locale
                0x20001708                        . = ALIGN (0x4)
 *(.after_data.*)
                0x20001708                        . = ALIGN (0x4)
                0x20001708                        PROVIDE (__mutex_array_start = .)
 *(SORT_BY_NAME(.mutex_array.*))
 *(.mutex_array)
 .mutex_array   0x20001708        0x8 CMakeFiles/project-template.dir/home/hoagson/pico/pico-sdk/src/rp2_common/pico_stdio/stdio.c.obj
                0x20001710                        PROVIDE (__mutex_array_end = .)