Archive member included to satisfy reference by file (symbol)

/usr/lib/gcc/arm-none-eabi/13.2.1/thumb/v6-m/nofp/libgcc.a(_dvmd_tls.o)
                              CMakeFiles/pico-wifi-example.dir/home/hoagson/pico/pico-sdk/src/rp2_common/pico_divider/divider_hardware.S.obj (__aeabi_idiv0)
/usr/lib/gcc/arm-none-eabi/13.2.1/../../../arm-none-eabi/lib/thumb/v6-m/nofp/libg.a(libc_a-strncmp.o)
                              CMakeFiles/pico-wifi-example.dir/home/hoagson/pico/pico-sdk/lib/lwip/src/core/def.c.obj (strncmp)
/usr/lib/gcc/arm-none-eabi/13.2.1/../../../arm-none-eabi/lib/thumb/v6-m/nofp/libg.a(libc_a-memmove.o)
                              CMakeFiles/pico-wifi-example.dir/home/hoagson/pico/pico-sdk/lib/lwip/src/core/def.c.obj (memmove)
/usr/lib/gcc/arm-none-eabi/13.2.1/../../../arm-none-eabi/lib/thumb/v6-m/nofp/libg.a(libc_a-calloc.o)
                              CMakeFiles/pico-wifi-example.dir/home/hoagson/pico/pico-sdk/src/rp2_common/pico_malloc/malloc.c.obj (calloc)
/usr/lib/gcc/arm-none-eabi/13.2.1/../../../arm-none-eabi/lib/thumb/v6-m/nofp/libg.a(libc_a-impure.o)
                              /usr/lib/gcc/arm-none-eabi/13.2.1/../../../arm-none-eabi/lib/thumb/v6-m/nofp/libg.a(libc_a-calloc.o) (_impure_ptr)
/usr/lib/gcc/arm-none-eabi/13.2.1/../../../arm-none-eabi/lib/thumb/v6-m/nofp/libg.a(libc_a-callocr.o)
                              /usr/lib/gcc/arm-none-eabi/13.2.1/../../../arm-none-eabi/lib/thumb/v6-m/nofp/libg.a(libc_a-calloc.o) (_calloc_r)
/usr/lib/gcc/arm-none-eabi/13.2.1/../../../arm-none-eabi/lib/thumb/v6-m/nofp/libg.a(libc_a-realloc.o)
                              CMakeFiles/pico-wifi-example.dir/home/hoagson/pico/pico-sdk/src/rp2_common/pico_malloc/malloc.c.obj (realloc)
/usr/lib/gcc/arm-none-eabi/13.2.1/../../../arm-none-eabi/lib/thumb/v6-m/nofp/libg.a(libc_a-mallocr.o)
                              /usr/lib/gcc/arm-none-eabi/13.2.1/../../../arm-none-eabi/lib/thumb/v6-m/nofp/libg.a(libc_a-callocr.o) (_malloc_r)
/usr/lib/gcc/arm-none-eabi/13.2.1/../../../arm-none-eabi/lib/thumb/v6-m/nofp/libg.a(libc_a-freer.o)
                              /usr/lib/gcc/arm-none-eabi/13.2.1/../../../arm-none-eabi/lib/thumb/v6-m/nofp/libg.a(libc_a-mallocr.o) (_free_r)
/usr/lib/gcc/arm-none-eabi/13.2.1/../../../arm-none-eabi/lib/thumb/v6-m/nofp/libg.a(libc_a-memcmp.o)
                              CMakeFiles/pico-wifi-example.dir/home/hoagson/pico/pico-sdk/src/rp2_common/pico_atomic/atomic.c.obj (memcmp)
/usr/lib/gcc/arm-none-eabi/13.2.1/../../../arm-none-eabi/lib/thumb/v6-m/nofp/libg.a(libc_a-atoi.o)
                              CMakeFiles/pico-wifi-example.dir/home/hoagson/pico/pico-sdk/lib/lwip/src/core/netif.c.obj (atoi)
/usr/lib/gcc/arm-none-eabi/13.2.1/../../../arm-none-eabi/lib/thumb/v6-m/nofp/libg.a(libc_a-strtol.o)
                              /usr/lib/gcc/arm-none-eabi/13.2.1/../../../arm-none-eabi/lib/thumb/v6-m/nofp/libg.a(libc_a-atoi.o) (_strtol_r)
/usr/lib/gcc/arm-none-eabi/13.2.1/../../../arm-none-eabi/lib/thumb/v6-m/nofp/libg.a(libc_a-malloc.o)
                              CMakeFiles/pico-wifi-example.dir/home/hoagson/pico/pico-sdk/src/rp2_common/pico_malloc/malloc.c.obj (malloc)
/usr/lib/gcc/arm-none-eabi/13.2.1/../../../arm-none-eabi/lib/thumb/v6-m/nofp/libg.a(libc_a-sysconf.o)
                              /usr/lib/gcc/arm-none-eabi/13.2.1/../../../arm-none-eabi/lib/thumb/v6-m/nofp/libg.a(libc_a-mallocr.o) (sysconf)
/usr/lib/gcc/arm-none-eabi/13.2.1/../../../arm-none-eabi/lib/thumb/v6-m/nofp/libg.a(libc_a-init.o)
                              /usr/lib/gcc/arm-none-eabi/13.2.1/../../../arm-none-eabi/lib/thumb/v6-m/nofp/crt0.o (__libc_init_array)
/usr/lib/gcc/arm-none-eabi/13.2.1/../../../arm-none-eabi/lib/thumb/v6-m/nofp/libg.a(libc_a-reallocr.o)
                              /usr/lib/gcc/arm-none-eabi/13.2.1/../../../arm-none-eabi/lib/thumb/v6-m/nofp/libg.a(libc_a-realloc.o) (_realloc_r)
/usr/lib/gcc/arm-none-eabi/13.2.1/../../../arm-none-eabi/lib/thumb/v6-m/nofp/libg.a(libc_a-mktime.o)
                              CMakeFiles/pico-wifi-example.dir/home/hoagson/pico/pico-sdk/src/common/pico_util/datetime.c.obj (mktime)
/usr/lib/gcc/arm-none-eabi/13.2.1/../../../arm-none-eabi/lib/thumb/v6-m/nofp/libg.a(libc_a-mlock.o)
                              /usr/lib/gcc/arm-none-eabi/13.2.1/../../../arm-none-eabi/lib/thumb/v6-m/nofp/libg.a(libc_a-mallocr.o) (__malloc_lock)
/usr/lib/gcc/arm-none-eabi/13.2.1/../../../arm-none-eabi/lib/thumb/v6-m/nofp/libg.a(libc_a-findfp.o)
                              /usr/lib/gcc/arm-none-eabi/13.2.1/../../../arm-none-eabi/lib/thumb/v6-m/nofp/libg.a(libc_a-impure.o) (__sf)
/usr/lib/gcc/arm-none-eabi/13.2.1/../../../arm-none-eabi/lib/thumb/v6-m/nofp/libg.a(libc_a-tzlock.o)
                              /usr/lib/gcc/arm-none-eabi/13.2.1/../../../arm-none-eabi/lib/thumb/v6-m/nofp/libg.a(libc_a-mktime.o) (__tz_lock)
/usr/lib/gcc/arm-none-eabi/13.2.1/../../../arm-none-eabi/lib/thumb/v6-m/nofp/libg.a(libc_a-ctype_.o)
[...]
Memory Configuration

Name             Origin             Length             Attributes
FLASH            0x10000000         0x00200000         xr
RAM              0x20000000         0x00040000         xrw
SCRATCH_X        0x20040000         0x00001000         xrw
SCRATCH_Y        0x20041000         0x00001000         xrw
*default*        0x00000000         0xffffffff

Linker script and memory map

LOAD /usr/lib/gcc/arm-none-eabi/13.2.1/thumb/v6-m/nofp/crti.o
LOAD /usr/lib/gcc/arm-none-eabi/13.2.1/thumb/v6-m/nofp/crtbegin.o
LOAD /usr/lib/gcc/arm-none-eabi/13.2.1/../../../arm-none-eabi/lib/thumb/v6-m/nofp/crt0.o

.flash_begin    0x10000000        0x0
                0x10000000                        __flash_binary_start = .

.boot2          0x10000000      0x100
                0x10000000                        __boot2_start__ = .
 *(.boot2)
 .boot2         0x10000000      0x100 /tmp/ccuUAPN9.o
                0x10000100                        __boot2_end__ = .
                0x00000001                        ASSERT (((__boot2_end__ - __boot2_start__) == 0x100), ERROR: Pico second stage bootloader must be 256 bytes in size)

.text           0x10000100    0x14ae0
                0x10000100                        __logical_binary_start = .
 *(.vectors)
 .vectors       0x10000100       0xd4 CMakeFiles/pico-wifi-example.dir/home/hoagson/pico/pico-sdk/src/rp2_common/pico_crt0/crt0.S.obj
                0x10000100                __vectors
                0x10000100                __VECTOR_TABLE
                0x100001c0                isr_invalid
                0x100001c0                __default_isrs_start
                0x100001c2                isr_nmi
                0x100001c4                isr_hardfault
                0x100001c6                isr_svcall
                0x100001c8                isr_pendsv
                0x100001ca                isr_systick
                0x100001cc                isr_irq30
                0x100001cc                __unhandled_user_irq
                0x100001cc                isr_irq13
                0x100001cc                isr_irq27
                0x100001cc                isr_irq31
                0x100001cc                isr_irq5
                0x100001cc                isr_irq11
                0x100001cc                isr_irq23
                0x100001cc                isr_irq18
                0x100001cc                isr_irq28
                0x100001cc                isr_irq19
                0x100001cc                isr_irq0
                0x100001cc                isr_irq6
                0x100001cc                isr_irq22
                0x100001cc                isr_irq17
                0x100001cc                isr_irq14
                0x100001cc                isr_irq2
                0x100001cc                isr_irq10
                0x100001cc                isr_irq8
                0x100001cc                isr_irq24
                0x100001cc                isr_irq1
                0x100001cc                isr_irq7
                0x100001cc                isr_irq21
                0x100001cc                isr_irq20
                0x100001cc                isr_irq15
                0x100001cc                isr_irq25
                0x100001cc                isr_irq4
                0x100001cc                isr_irq16
                0x100001cc                isr_irq29
                0x100001cc                isr_irq26
                0x100001cc                __default_isrs_end
                0x100001cc                isr_irq3
                0x100001cc                isr_irq12
                0x100001cc                isr_irq9
                0x100001d2                unhandled_user_irq_num_in_r0
 *(.binary_info_header)
 .binary_info_header
                0x100001d4       0x14 CMakeFiles/pico-wifi-example.dir/home/hoagson/pico/pico-sdk/src/rp2_common/pico_crt0/crt0.S.obj
                0x100001e8                        __binary_info_header_end = .
 *(.embedded_block)
                0x100001e8                        __embedded_block_end = .
 *(.reset)
 .reset         0x100001e8       0x9c CMakeFiles/pico-wifi-example.dir/home/hoagson/pico/pico-sdk/src/rp2_common/pico_crt0/crt0.S.obj
                0x100001e8                _entry_point
 *(.init)
 .init          0x10000284        0x4 /usr/lib/gcc/arm-none-eabi/13.2.1/thumb/v6-m/nofp/crti.o
                0x10000284                _init
 *(EXCLUDE_FILE(*libm.a: *libc.a:*lib_a-mem*.o *libgcc.a:) .text*)
 .text          0x10000288       0x98 /usr/lib/gcc/arm-none-eabi/13.2.1/thumb/v6-m/nofp/crtbegin.o
 .text.altcp_client_connected
                0x10000320       0x28 CMakeFiles/pico-wifi-example.dir/main.c.obj
 .text.recv     0x10000348       0x58 CMakeFiles/pico-wifi-example.dir/main.c.obj
                0x10000348                recv
 .text.setup.part.0
                0x100003a0      0x158 CMakeFiles/pico-wifi-example.dir/main.c.obj
 .text.setup    0x100004f8       0x50 CMakeFiles/pico-wifi-example.dir/main.c.obj
                0x100004f8                setup
 .text.startup.main
                0x10000548       0x74 CMakeFiles/pico-wifi-example.dir/main.c.obj
                0x10000548                main
 .text.gpio_set_function
                0x100005bc       0x34 CMakeFiles/pico-wifi-example.dir/home/hoagson/pico/pico-sdk/src/rp2_common/hardware_gpio/gpio.c.obj
                0x100005bc                gpio_set_function
 .text.gpio_set_pulls
                0x100005f0       0x28 CMakeFiles/pico-wifi-example.dir/home/hoagson/pico/pico-sdk/src/rp2_common/hardware_gpio/gpio.c.obj
                0x100005f0                gpio_set_pulls
 .text.gpio_set_input_hysteresis_enabled
                0x10000618       0x28 CMakeFiles/pico-wifi-example.dir/home/hoagson/pico/pico-sdk/src/rp2_common/hardware_gpio/gpio.c.obj
                0x10000618                gpio_set_input_hysteresis_enabled
 .text.gpio_set_irq_enabled
                0x10000640       0x58 CMakeFiles/pico-wifi-example.dir/home/hoagson/pico/pico-sdk/src/rp2_common/hardware_gpio/gpio.c.obj
                0x10000640                gpio_set_irq_enabled
 .text.gpio_add_raw_irq_handler_with_order_priority_masked
                0x10000698       0x44 CMakeFiles/pico-wifi-example.dir/home/hoagson/pico/pico-sdk/src/rp2_common/hardware_gpio/gpio.c.obj
                0x10000698                gpio_add_raw_irq_handler_with_order_priority_masked
 .text.gpio_remove_raw_irq_handler_masked
                0x100006dc       0x20 CMakeFiles/pico-wifi-example.dir/home/hoagson/pico/pico-sdk/src/rp2_common/hardware_gpio/gpio.c.obj
                0x100006dc                gpio_remove_raw_irq_handler_masked
 .text.gpio_init
                0x100006fc       0x40 CMakeFiles/pico-wifi-example.dir/home/hoagson/pico/pico-sdk/src/rp2_common/hardware_gpio/gpio.c.obj
                0x100006fc                gpio_init
 .text.panic    0x1000073c       0x30 CMakeFiles/pico-wifi-example.dir/home/hoagson/pico/pico-sdk/src/rp2_common/pico_platform_panic/panic.c.obj
                0x1000073c                panic
 .text.hw_claim_lock
                0x1000076c       0x18 CMakeFiles/pico-wifi-example.dir/home/hoagson/pico/pico-sdk/src/common/hardware_claim/claim.c.obj
                0x1000076c                hw_claim_lock
 .text.hw_claim_unlock
                0x10000784       0x14 CMakeFiles/pico-wifi-example.dir/home/hoagson/pico/pico-sdk/src/common/hardware_claim/claim.c.obj
                0x10000784                hw_claim_unlock
 .text.hw_claim_or_assert
                0x10000798       0x44 CMakeFiles/pico-wifi-example.dir/home/hoagson/pico/pico-sdk/src/common/hardware_claim/claim.c.obj
                0x10000798                hw_claim_or_assert
 .text.hw_claim_unused_from_range
                0x100007dc       0x9c CMakeFiles/pico-wifi-example.dir/home/hoagson/pico/pico-sdk/src/common/hardware_claim/claim.c.obj
                0x100007dc                hw_claim_unused_from_range
 .text.hw_claim_clear
                0x10000878       0x38 CMakeFiles/pico-wifi-example.dir/home/hoagson/pico/pico-sdk/src/common/hardware_claim/claim.c.obj
                0x10000878                hw_claim_clear
 .text.next_striped_spin_lock_num
                0x100008b0       0x18 CMakeFiles/pico-wifi-example.dir/home/hoagson/pico/pico-sdk/src/rp2_common/hardware_sync/sync.c.obj
                0x100008b0                next_striped_spin_lock_num
 .text.spin_locks_reset
                0x100008c8       0x1c CMakeFiles/pico-wifi-example.dir/home/hoagson/pico/pico-sdk/src/rp2_common/hardware_sync_spin_lock/sync_spin_lock.c.obj
                0x100008c8                spin_locks_reset
 .text.runtime_init_per_core_irq_priorities
                0x100008e4       0x24 CMakeFiles/pico-wifi-example.dir/home/hoagson/pico/pico-sdk/src/rp2_common/hardware_irq/irq.c.obj
                0x100008e4                runtime_init_per_core_irq_priorities
 .text.irq_set_enabled
                0x10000908       0x24 CMakeFiles/pico-wifi-example.dir/home/hoagson/pico/pico-sdk/src/rp2_common/hardware_irq/irq.c.obj
                0x10000908                irq_set_enabled
 .text.irq_set_pending
                0x1000092c       0x10 CMakeFiles/pico-wifi-example.dir/home/hoagson/pico/pico-sdk/src/rp2_common/hardware_irq/irq.c.obj
                0x1000092c                irq_set_pending
 .text.irq_set_exclusive_handler
                0x1000093c       0x54 CMakeFiles/pico-wifi-example.dir/home/hoagson/pico/pico-sdk/src/rp2_common/hardware_irq/irq.c.obj
                0x1000093c                irq_set_exclusive_handler
 .text.irq_add_shared_handler
                0x10000990      0x1f4 CMakeFiles/pico-wifi-example.dir/home/hoagson/pico/pico-sdk/src/rp2_common/hardware_irq/irq.c.obj
                0x10000990                irq_add_shared_handler
 .text.irq_remove_handler
                0x10000b84      0x1d4 CMakeFiles/pico-wifi-example.dir/home/hoagson/pico/pico-sdk/src/rp2_common/hardware_irq/irq.c.obj
                0x10000b84                irq_remove_handler
 .text.irq_set_priority
                0x10000d58       0x28 CMakeFiles/pico-wifi-example.dir/home/hoagson/pico/pico-sdk/src/rp2_common/hardware_irq/irq.c.obj
                0x10000d58                irq_set_priority
 .text.irq_add_tail_to_free_list
                0x10000d80       0xb4 CMakeFiles/pico-wifi-example.dir/home/hoagson/pico/pico-sdk/src/rp2_common/hardware_irq/irq.c.obj
                0x10000d80                irq_add_tail_to_free_list
 .text.user_irq_unclaim
                0x10000e34       0x14 CMakeFiles/pico-wifi-example.dir/home/hoagson/pico/pico-sdk/src/rp2_common/hardware_irq/irq.c.obj
                0x10000e34                user_irq_unclaim
 .text.user_irq_claim_unused
                0x10000e48       0x2c CMakeFiles/pico-wifi-example.dir/home/hoagson/pico/pico-sdk/src/rp2_common/hardware_irq/irq.c.obj
                0x10000e48                user_irq_claim_unused
 .text.sem_init
                0x10000e74       0x20 CMakeFiles/pico-wifi-example.dir/home/hoagson/pico/pico-sdk/src/common/pico_sync/sem.c.obj
                0x10000e74                sem_init
 .text.lock_init
                0x10000e94       0x10 CMakeFiles/pico-wifi-example.dir/home/hoagson/pico/pico-sdk/src/common/pico_sync/lock_core.c.obj
                0x10000e94                lock_init
 .text.runtime_init_mutex
                0x10000ea4       0x50 CMakeFiles/pico-wifi-example.dir/home/hoagson/pico/pico-sdk/src/common/pico_sync/mutex.c.obj
                0x10000ea4                runtime_init_mutex
 .text.recursive_mutex_init
                0x10000ef4       0x1c CMakeFiles/pico-wifi-example.dir/home/hoagson/pico/pico-sdk/src/common/pico_sync/mutex.c.obj
                0x10000ef4                recursive_mutex_init
 .text.sleep_until_callback
                0x10000f10       0x30 CMakeFiles/pico-wifi-example.dir/home/hoagson/pico/pico-sdk/src/common/pico_time/time.c.obj
 .text.alarm_pool_irq_handler
                0x10000f40      0x2e4 CMakeFiles/pico-wifi-example.dir/home/hoagson/pico/pico-sdk/src/common/pico_time/time.c.obj
 .text.runtime_init_default_alarm_pool
                0x10001224       0xdc CMakeFiles/pico-wifi-example.dir/home/hoagson/pico/pico-sdk/src/common/pico_time/time.c.obj
                0x10001224                runtime_init_default_alarm_pool
 .text.alarm_pool_get_default
                0x10001300        0x8 CMakeFiles/pico-wifi-example.dir/home/hoagson/pico/pico-sdk/src/common/pico_time/time.c.obj
                0x10001300                alarm_pool_get_default
 .text.alarm_pool_add_alarm_at
                0x10001308       0xd4 CMakeFiles/pico-wifi-example.dir/home/hoagson/pico/pico-sdk/src/common/pico_time/time.c.obj
                0x10001308                alarm_pool_add_alarm_at
 .text.alarm_pool_add_alarm_at_force_in_context
                0x100013dc       0xb0 CMakeFiles/pico-wifi-example.dir/home/hoagson/pico/pico-sdk/src/common/pico_time/time.c.obj
                0x100013dc                alarm_pool_add_alarm_at_force_in_context
 .text.alarm_pool_cancel_alarm
                0x1000148c       0x74 CMakeFiles/pico-wifi-example.dir/home/hoagson/pico/pico-sdk/src/common/pico_time/time.c.obj
                0x1000148c                alarm_pool_cancel_alarm
 .text.sleep_until
                0x10001500       0xd8 CMakeFiles/pico-wifi-example.dir/home/hoagson/pico/pico-sdk/src/common/pico_time/time.c.obj
                0x10001500                sleep_until
 .text.sleep_ms
                0x100015d8       0x38 CMakeFiles/pico-wifi-example.dir/home/hoagson/pico/pico-sdk/src/common/pico_time/time.c.obj
                0x100015d8                sleep_ms
 .text.best_effort_wfe_or_timeout
                0x10001610      0x134 CMakeFiles/pico-wifi-example.dir/home/hoagson/pico/pico-sdk/src/common/pico_time/time.c.obj
                0x10001610                best_effort_wfe_or_timeout
 .text.timer_hardware_alarm_claim
                0x10001744       0x14 CMakeFiles/pico-wifi-example.dir/home/hoagson/pico/pico-sdk/src/rp2_common/hardware_timer/timer.c.obj
                0x10001744                timer_hardware_alarm_claim
 .text.timer_time_us_64
                0x10001758       0x10 CMakeFiles/pico-wifi-example.dir/home/hoagson/pico/pico-sdk/src/rp2_common/hardware_timer/timer.c.obj
                0x10001758                timer_time_us_64
 .text.time_us_64
                0x10001768       0x14 CMakeFiles/pico-wifi-example.dir/home/hoagson/pico/pico-sdk/src/rp2_common/hardware_timer/timer.c.obj
                0x10001768                time_us_64
 .text.busy_wait_us
                0x1000177c       0x68 CMakeFiles/pico-wifi-example.dir/home/hoagson/pico/pico-sdk/src/rp2_common/hardware_timer/timer.c.obj
                0x1000177c                busy_wait_us
 .text.busy_wait_until
                0x100017e4       0x20 CMakeFiles/pico-wifi-example.dir/home/hoagson/pico/pico-sdk/src/rp2_common/hardware_timer/timer.c.obj
                0x100017e4                busy_wait_until
 .text.uart_init
                0x10001804      0x120 CMakeFiles/pico-wifi-example.dir/home/hoagson/pico/pico-sdk/src/rp2_common/hardware_uart/uart.c.obj
                0x10001804                uart_init
 .text.clock_configure_int_divider
                0x10001924       0xf4 CMakeFiles/pico-wifi-example.dir/home/hoagson/pico/pico-sdk/src/rp2_common/hardware_clocks/clocks.c.obj
                0x10001924                clock_configure_int_divider
 .text.clock_configure_undivided
                0x10001a18       0xe8 CMakeFiles/pico-wifi-example.dir/home/hoagson/pico/pico-sdk/src/rp2_common/hardware_clocks/clocks.c.obj
                0x10001a18                clock_configure_undivided
 .text.clock_get_hz
                0x10001b00        0xc CMakeFiles/pico-wifi-example.dir/home/hoagson/pico/pico-sdk/src/rp2_common/hardware_clocks/clocks.c.obj
                0x10001b00                clock_get_hz
 .text.pll_init
                0x10001b0c       0xa4 CMakeFiles/pico-wifi-example.dir/home/hoagson/pico/pico-sdk/src/rp2_common/hardware_pll/pll.c.obj
                0x10001b0c                pll_init
 .text.tick_start
                0x10001bb0       0x10 CMakeFiles/pico-wifi-example.dir/home/hoagson/pico/pico-sdk/src/rp2_common/hardware_ticks/ticks.c.obj
                0x10001bb0                tick_start
 .text.xosc_init
                0x10001bc0       0x28 CMakeFiles/pico-wifi-example.dir/home/hoagson/pico/pico-sdk/src/rp2_common/hardware_xosc/xosc.c.obj
                0x10001bc0                xosc_init
 .text.first_per_core_initializer
                0x10001be8        0x4 CMakeFiles/pico-wifi-example.dir/home/hoagson/pico/pico-sdk/src/rp2_common/pico_runtime/runtime.c.obj
 .text.hard_assertion_failure
                0x10001bec        0xc CMakeFiles/pico-wifi-example.dir/home/hoagson/pico/pico-sdk/src/rp2_common/pico_runtime/runtime.c.obj
                0x10001bec                hard_assertion_failure
 .text.runtime_run_initializers
                0x10001bf8       0x28 CMakeFiles/pico-wifi-example.dir/home/hoagson/pico/pico-sdk/src/rp2_common/pico_runtime/runtime.c.obj
                0x10001bf8                runtime_run_initializers
 .text.runtime_init_early_resets
                0x10001c20       0x2c CMakeFiles/pico-wifi-example.dir/home/hoagson/pico/pico-sdk/src/rp2_common/pico_runtime_init/runtime_init.c.obj
                0x10001c20                runtime_init_early_resets
 .text.runtime_init_usb_power_down
                0x10001c4c       0x1c CMakeFiles/pico-wifi-example.dir/home/hoagson/pico/pico-sdk/src/rp2_common/pico_runtime_init/runtime_init.c.obj
                0x10001c4c                runtime_init_usb_power_down
 .text.runtime_init_post_clock_resets
                0x10001c68       0x20 CMakeFiles/pico-wifi-example.dir/home/hoagson/pico/pico-sdk/src/rp2_common/pico_runtime_init/runtime_init.c.obj
                0x10001c68                runtime_init_post_clock_resets
 .text.runtime_init_rp2040_gpio_ie_disable
                0x10001c88       0x14 CMakeFiles/pico-wifi-example.dir/home/hoagson/pico/pico-sdk/src/rp2_common/pico_runtime_init/runtime_init.c.obj
                0x10001c88                runtime_init_rp2040_gpio_ie_disable
 .text.runtime_init_spin_locks_reset
                0x10001c9c        0x8 CMakeFiles/pico-wifi-example.dir/home/hoagson/pico/pico-sdk/src/rp2_common/pico_runtime_init/runtime_init.c.obj
                0x10001c9c                runtime_init_spin_locks_reset
 .text.runtime_init_install_ram_vector_table
                0x10001ca4       0x1c CMakeFiles/pico-wifi-example.dir/home/hoagson/pico/pico-sdk/src/rp2_common/pico_runtime_init/runtime_init.c.obj
                0x10001ca4                runtime_init_install_ram_vector_table
 .text.runtime_init_clocks
                0x10001cc0       0xd8 CMakeFiles/pico-wifi-example.dir/home/hoagson/pico/pico-sdk/src/rp2_common/pico_runtime_init/runtime_init_clocks.c.obj
                0x10001cc0                runtime_init_clocks
 .text          0x10001d98       0x10 CMakeFiles/pico-wifi-example.dir/home/hoagson/pico/pico-sdk/src/rp2_common/pico_bit_ops/bit_ops_aeabi.S.obj
 .text.ctzsi    0x10001da8        0xc CMakeFiles/pico-wifi-example.dir/home/hoagson/pico/pico-sdk/src/rp2_common/pico_bit_ops/bit_ops_aeabi.S.obj
                0x10001da8                __wrap___ctzsi2
 .text.rom_func_lookup
                0x10001db4       0x10 CMakeFiles/pico-wifi-example.dir/home/hoagson/pico/pico-sdk/src/rp2_common/pico_bootrom/bootrom.c.obj
                0x10001db4                rom_func_lookup
 .text.rom_data_lookup
                0x10001dc4       0x10 CMakeFiles/pico-wifi-example.dir/home/hoagson/pico/pico-sdk/src/rp2_common/pico_bootrom/bootrom.c.obj
                0x10001dc4                rom_data_lookup
 .text.rom_funcs_lookup
                0x10001dd4       0x44 CMakeFiles/pico-wifi-example.dir/home/hoagson/pico/pico-sdk/src/rp2_common/pico_bootrom/bootrom.c.obj
                0x10001dd4                rom_funcs_lookup
 .text.__wrap___aeabi_idiv
                0x10001e18       0x50 CMakeFiles/pico-wifi-example.dir/home/hoagson/pico/pico-sdk/src/rp2_common/pico_divider/divider_hardware.S.obj
                0x10001e18                __wrap___aeabi_idivmod
                0x10001e18                divmod_s32s32
                0x10001e18                div_s32s32
                0x10001e18                __wrap___aeabi_idiv
                0x10001e20                divmod_s32s32_unsafe
                0x10001e4c                divmod_s32s32_savestate
 .text.__wrap___aeabi_uidiv
                0x10001e68       0x4c CMakeFiles/pico-wifi-example.dir/home/hoagson/pico/pico-sdk/src/rp2_common/pico_divider/divider_hardware.S.obj
                0x10001e68                __wrap___aeabi_uidiv
                0x10001e68                __wrap___aeabi_uidivmod
                0x10001e68                div_u32u32
                0x10001e68                divmod_u32u32
                0x10001e70                divmod_u32u32_unsafe
                0x10001e98                divmod_u32u32_savestate
 .text.__wrap___aeabi_ldiv
                0x10001eb4      0x424 CMakeFiles/pico-wifi-example.dir/home/hoagson/pico/pico-sdk/src/rp2_common/pico_divider/divider_hardware.S.obj
                0x10001eb4                div_s64s64
                0x10001eb4                divmod_s64s64
                0x10001eb4                __wrap___aeabi_ldivmod
                0x10001ee4                div_u64u64
                0x10001ee4                divmod_u64u64
                0x10001ee4                __wrap___aeabi_uldivmod
                0x10001ef4                divmod_u64u64_savestate
                0x10001f14                divmod_s64s64_unsafe
                0x10001f9c                divmod_u64u64_unsafe
 .text.__wrap___aeabi_darithmetic
                0x100022d8       0x60 CMakeFiles/pico-wifi-example.dir/home/hoagson/pico/pico-sdk/src/rp2_common/pico_double/double_aeabi_rp2040.S.obj
                0x100022d8                __wrap___aeabi_drsub
                0x100022de                __wrap___aeabi_dsub
                0x100022e8                __wrap___aeabi_dadd
                0x100022f2                __wrap___aeabi_ddiv
                0x10002326                __wrap___aeabi_dmul
 .text.__wrap___aeabi_cdcmple
                0x10002338       0x6c CMakeFiles/pico-wifi-example.dir/home/hoagson/pico/pico-sdk/src/rp2_common/pico_double/double_aeabi_rp2040.S.obj
                0x10002338                __wrap___aeabi_cdrcmple
                0x10002348                __wrap___aeabi_cdcmple
                0x10002348                __wrap___aeabi_cdcmpeq
 .text.__wrap___aeabi_dcmplt
                0x100023a4        0xc CMakeFiles/pico-wifi-example.dir/home/hoagson/pico/pico-sdk/src/rp2_common/pico_double/double_aeabi_rp2040.S.obj
                0x100023a4                __wrap___aeabi_dcmplt
 .text.__wrap___aeabi_dcmpge
                0x100023b0       0x10 CMakeFiles/pico-wifi-example.dir/home/hoagson/pico/pico-sdk/src/rp2_common/pico_double/double_aeabi_rp2040.S.obj
                0x100023b0                __wrap___aeabi_dcmpge
 .text.__wrap___aeabi_dcmpgt
                0x100023c0        0xa CMakeFiles/pico-wifi-example.dir/home/hoagson/pico/pico-sdk/src/rp2_common/pico_double/double_aeabi_rp2040.S.obj
                0x100023c0                __wrap___aeabi_dcmpgt
 .text.__wrap___aeabi_dcmpun
                0x100023ca       0x18 CMakeFiles/pico-wifi-example.dir/home/hoagson/pico/pico-sdk/src/rp2_common/pico_double/double_aeabi_rp2040.S.obj
                0x100023ca                __wrap___aeabi_dcmpun
 *fill*         0x100023e2        0x2 
 .text.__wrap___aeabi_i2d
                0x100023e4       0x38 CMakeFiles/pico-wifi-example.dir/home/hoagson/pico/pico-sdk/src/rp2_common/pico_double/double_aeabi_rp2040.S.obj
                0x100023e4                __wrap___aeabi_ui2d
                0x100023ec                __wrap___aeabi_i2d
 .text.__wrap___aeabi_d2iz
                0x1000241c       0x48 CMakeFiles/pico-wifi-example.dir/home/hoagson/pico/pico-sdk/src/rp2_common/pico_double/double_aeabi_rp2040.S.obj
                0x1000241c                __wrap___aeabi_d2iz
                0x1000241c                double2int_z
 .text.__wrap___aeabi_d2uiz
                0x10002464       0x10 CMakeFiles/pico-wifi-example.dir/home/hoagson/pico/pico-sdk/src/rp2_common/pico_double/double_aeabi_rp2040.S.obj
                0x10002464                double2uint
                0x10002464                __wrap___aeabi_d2uiz
 .text.missing_double_func_shim
                0x10002474        0xc CMakeFiles/pico-wifi-example.dir/home/hoagson/pico/pico-sdk/src/rp2_common/pico_double/double_init_rom_rp2040.c.obj
 .text.__aeabi_double_init
                0x10002480       0xa0 CMakeFiles/pico-wifi-example.dir/home/hoagson/pico/pico-sdk/src/rp2_common/pico_double/double_init_rom_rp2040.c.obj
                0x10002480                __aeabi_double_init
 .text.double_table_shim_on_use_helper
                0x10002520       0x2c CMakeFiles/pico-wifi-example.dir/home/hoagson/pico/pico-sdk/src/rp2_common/pico_double/double_v1_rom_shim_rp2040.S.obj
                0x10002520                double_table_shim_on_use_helper
 .text.__aeabi_lmul
                0x1000254c       0x32 CMakeFiles/pico-wifi-example.dir/home/hoagson/pico/pico-sdk/src/rp2_common/pico_int64_ops/pico_int64_ops_aeabi.S.obj
                0x1000254c                __wrap___aeabi_lmul
 *fill*         0x1000257e        0x2 
 .text.missing_float_func_shim
                0x10002580        0xc CMakeFiles/pico-wifi-example.dir/home/hoagson/pico/pico-sdk/src/rp2_common/pico_float/float_init_rom_rp2040.c.obj
 .text.__aeabi_float_init
                0x1000258c       0x5c CMakeFiles/pico-wifi-example.dir/home/hoagson/pico/pico-sdk/src/rp2_common/pico_float/float_init_rom_rp2040.c.obj
                0x1000258c                __aeabi_float_init
 .text          0x100025e8       0x10 CMakeFiles/pico-wifi-example.dir/home/hoagson/pico/pico-sdk/src/rp2_common/pico_mem_ops/mem_ops_aeabi.S.obj
                0x100025e8                __aeabi_mem_init
 .text.memset   0x100025f8        0xc CMakeFiles/pico-wifi-example.dir/home/hoagson/pico/pico-sdk/src/rp2_common/pico_mem_ops/mem_ops_aeabi.S.obj
                0x100025f8                __wrap_memset
 .text.memcpy   0x10002604        0xc CMakeFiles/pico-wifi-example.dir/home/hoagson/pico/pico-sdk/src/rp2_common/pico_mem_ops/mem_ops_aeabi.S.obj
                0x10002604                __wrap___aeabi_memcpy
                0x10002604                __wrap_memcpy
 .text._out_null
                0x10002610        0x4 CMakeFiles/pico-wifi-example.dir/home/hoagson/pico/pico-sdk/src/rp2_common/pico_printf/printf.c.obj
 .text._out_rev
                0x10002614       0xac CMakeFiles/pico-wifi-example.dir/home/hoagson/pico/pico-sdk/src/rp2_common/pico_printf/printf.c.obj
 .text._ntoa_format
                0x100026c0      0x250 CMakeFiles/pico-wifi-example.dir/home/hoagson/pico/pico-sdk/src/rp2_common/pico_printf/printf.c.obj
 .text._out_char
                0x10002910       0x10 CMakeFiles/pico-wifi-example.dir/home/hoagson/pico/pico-sdk/src/rp2_common/pico_printf/printf.c.obj
 .text._out_fct
                0x10002920       0x10 CMakeFiles/pico-wifi-example.dir/home/hoagson/pico/pico-sdk/src/rp2_common/pico_printf/printf.c.obj
 .text._etoa    0x10002930      0x464 CMakeFiles/pico-wifi-example.dir/home/hoagson/pico/pico-sdk/src/rp2_common/pico_printf/printf.c.obj
 .text._ftoa    0x10002d94      0x3c0 CMakeFiles/pico-wifi-example.dir/home/hoagson/pico/pico-sdk/src/rp2_common/pico_printf/printf.c.obj
 .text._vsnprintf
                0x10003154      0xbc8 CMakeFiles/pico-wifi-example.dir/home/hoagson/pico/pico-sdk/src/rp2_common/pico_printf/printf.c.obj
 .text.vfctprintf
                0x10003d1c       0x20 CMakeFiles/pico-wifi-example.dir/home/hoagson/pico/pico-sdk/src/rp2_common/pico_printf/printf.c.obj
                0x10003d1c                vfctprintf
 .text.weak_raw_vprintf
                0x10003d3c       0x30 CMakeFiles/pico-wifi-example.dir/home/hoagson/pico/pico-sdk/src/rp2_common/pico_printf/printf.c.obj
                0x10003d3c                weak_raw_vprintf
 .text._exit    0x10003d6c        0x4 CMakeFiles/pico-wifi-example.dir/home/hoagson/pico/pico-sdk/src/rp2_common/pico_clib_interface/newlib_interface.c.obj
                0x10003d6c                _exit
 .text.exit     0x10003d70        0x8 CMakeFiles/pico-wifi-example.dir/home/hoagson/pico/pico-sdk/src/rp2_common/pico_clib_interface/newlib_interface.c.obj
                0x10003d70                exit
 .text.runtime_init
                0x10003d78       0x2c CMakeFiles/pico-wifi-example.dir/home/hoagson/pico/pico-sdk/src/rp2_common/pico_clib_interface/newlib_interface.c.obj
                0x10003d78                runtime_init
 .text.stdio_out_chars_no_crlf
                0x10003da4       0x10 CMakeFiles/pico-wifi-example.dir/home/hoagson/pico/pico-sdk/src/rp2_common/pico_stdio/stdio.c.obj
 .text.stdio_out_chars_crlf
                0x10003db4       0x94 CMakeFiles/pico-wifi-example.dir/home/hoagson/pico/pico-sdk/src/rp2_common/pico_stdio/stdio.c.obj
 .text.stdio_buffered_printer
                0x10003e48       0x64 CMakeFiles/pico-wifi-example.dir/home/hoagson/pico/pico-sdk/src/rp2_common/pico_stdio/stdio.c.obj
 .text.stdio_put_string
                0x10003eac      0x100 CMakeFiles/pico-wifi-example.dir/home/hoagson/pico/pico-sdk/src/rp2_common/pico_stdio/stdio.c.obj
                0x10003eac                stdio_put_string
 .text.stdio_set_driver_enabled
                0x10003fac       0x30 CMakeFiles/pico-wifi-example.dir/home/hoagson/pico/pico-sdk/src/rp2_common/pico_stdio/stdio.c.obj
                0x10003fac                stdio_set_driver_enabled
 .text.stdio_init_all
                0x10003fdc        0xc CMakeFiles/pico-wifi-example.dir/home/hoagson/pico/pico-sdk/src/rp2_common/pico_stdio/stdio.c.obj
                0x10003fdc                stdio_init_all
 .text.__wrap_putchar
                0x10003fe8       0x98 CMakeFiles/pico-wifi-example.dir/home/hoagson/pico/pico-sdk/src/rp2_common/pico_stdio/stdio.c.obj
                0x10003fe8                stdio_putchar
                0x10003fe8                __wrap_putchar
 .text.__wrap_puts
                0x10004080       0x3c CMakeFiles/pico-wifi-example.dir/home/hoagson/pico/pico-sdk/src/rp2_common/pico_stdio/stdio.c.obj
                0x10004080                __wrap_puts
                0x10004080                stdio_puts
 .text.__wrap_vprintf
                0x100040bc       0xd4 CMakeFiles/pico-wifi-example.dir/home/hoagson/pico/pico-sdk/src/rp2_common/pico_stdio/stdio.c.obj
                0x100040bc                __wrap_vprintf
                0x100040bc                stdio_vprintf
 .text.__wrap_printf
                0x10004190       0x18 CMakeFiles/pico-wifi-example.dir/home/hoagson/pico/pico-sdk/src/rp2_common/pico_stdio/stdio.c.obj
                0x10004190                stdio_printf
                0x10004190                __wrap_printf
 .text.stdio_uart_out_chars
                0x100041a8       0x4c CMakeFiles/pico-wifi-example.dir/home/hoagson/pico/pico-sdk/src/rp2_common/pico_stdio_uart/stdio_uart.c.obj
 .text.stdio_uart_in_chars
                0x100041f4       0x90 CMakeFiles/pico-wifi-example.dir/home/hoagson/pico/pico-sdk/src/rp2_common/pico_stdio_uart/stdio_uart.c.obj
                0x100041f4                stdio_uart_in_chars
 .text.on_uart_rx
                0x10004284       0x28 CMakeFiles/pico-wifi-example.dir/home/hoagson/pico/pico-sdk/src/rp2_common/pico_stdio_uart/stdio_uart.c.obj
 .text.stdio_uart_out_flush
                0x100042ac       0x10 CMakeFiles/pico-wifi-example.dir/home/hoagson/pico/pico-sdk/src/rp2_common/pico_stdio_uart/stdio_uart.c.obj
 .text.stdio_uart_set_chars_available_callback
                0x100042bc       0x8c CMakeFiles/pico-wifi-example.dir/home/hoagson/pico/pico-sdk/src/rp2_common/pico_stdio_uart/stdio_uart.c.obj
 .text.stdio_uart_init
                0x10004348       0x50 CMakeFiles/pico-wifi-example.dir/home/hoagson/pico/pico-sdk/src/rp2_common/pico_stdio_uart/stdio_uart.c.obj
                0x10004348                stdio_uart_init
 .text.lwip_timeout_reached
                0x10004398        0x8 CMakeFiles/pico-wifi-example.dir/home/hoagson/pico/pico-sdk/src/rp2_common/pico_lwip/lwip_nosys.c.obj
 .text.update_next_timeout
                0x100043a0       0x60 CMakeFiles/pico-wifi-example.dir/home/hoagson/pico/pico-sdk/src/rp2_common/pico_lwip/lwip_nosys.c.obj
 .text.lwip_nosys_init
                0x10004400       0x30 CMakeFiles/pico-wifi-example.dir/home/hoagson/pico/pico-sdk/src/rp2_common/pico_lwip/lwip_nosys.c.obj
                0x10004400                lwip_nosys_init
 .text.lwip_nosys_deinit
                0x10004430       0x20 CMakeFiles/pico-wifi-example.dir/home/hoagson/pico/pico-sdk/src/rp2_common/pico_lwip/lwip_nosys.c.obj
                0x10004430                lwip_nosys_deinit
 .text.sys_arch_protect
                0x10004450        0x4 CMakeFiles/pico-wifi-example.dir/home/hoagson/pico/pico-sdk/src/rp2_common/pico_lwip/lwip_nosys.c.obj
                0x10004450                sys_arch_protect
 .text.sys_arch_unprotect
                0x10004454        0x4 CMakeFiles/pico-wifi-example.dir/home/hoagson/pico/pico-sdk/src/rp2_common/pico_lwip/lwip_nosys.c.obj
                0x10004454                sys_arch_unprotect
 .text.sys_now  0x10004458       0x20 CMakeFiles/pico-wifi-example.dir/home/hoagson/pico/pico-sdk/src/rp2_common/pico_lwip/lwip_nosys.c.obj
                0x10004458                sys_now
 .text.async_context_base_add_at_time_worker
                0x10004478       0x24 CMakeFiles/pico-wifi-example.dir/home/hoagson/pico/pico-sdk/src/rp2_common/pico_async_context/async_context_base.c.obj
                0x10004478                async_context_base_add_at_time_worker
 .text.async_context_base_remove_at_time_worker
                0x1000449c       0x28 CMakeFiles/pico-wifi-example.dir/home/hoagson/pico/pico-sdk/src/rp2_common/pico_async_context/async_context_base.c.obj
                0x1000449c                async_context_base_remove_at_time_worker
 .text.async_context_base_add_when_pending_worker
                0x100044c4       0x24 CMakeFiles/pico-wifi-example.dir/home/hoagson/pico/pico-sdk/src/rp2_common/pico_async_context/async_context_base.c.obj
                0x100044c4                async_context_base_add_when_pending_worker
 .text.async_context_base_remove_when_pending_worker
                0x100044e8       0x28 CMakeFiles/pico-wifi-example.dir/home/hoagson/pico/pico-sdk/src/rp2_common/pico_async_context/async_context_base.c.obj
                0x100044e8                async_context_base_remove_when_pending_worker
 .text.async_context_base_execute_once
                0x10004510      0x108 CMakeFiles/pico-wifi-example.dir/home/hoagson/pico/pico-sdk/src/rp2_common/pico_async_context/async_context_base.c.obj
                0x10004510                async_context_base_execute_once
 .text.splitmix64
                0x10004618       0x58 CMakeFiles/pico-wifi-example.dir/home/hoagson/pico/pico-sdk/src/rp2_common/pico_rand/rand.c.obj
 .text.xoroshiro128ss
                0x10004670       0x90 CMakeFiles/pico-wifi-example.dir/home/hoagson/pico/pico-sdk/src/rp2_common/pico_rand/rand.c.obj
 .text.get_rand_64
                0x10004700      0x42c CMakeFiles/pico-wifi-example.dir/home/hoagson/pico/pico-sdk/src/rp2_common/pico_rand/rand.c.obj
                0x10004700                get_rand_64
 .text.get_rand_32
                0x10004b2c        0x8 CMakeFiles/pico-wifi-example.dir/home/hoagson/pico/pico-sdk/src/rp2_common/pico_rand/rand.c.obj
                0x10004b2c                get_rand_32
 .text.startup._retrieve_unique_id_on_boot
                0x10004b34       0x10 CMakeFiles/pico-wifi-example.dir/home/hoagson/pico/pico-sdk/src/rp2_common/pico_unique_id/unique_id.c.obj
 .text.pico_get_unique_board_id
                0x10004b44       0x10 CMakeFiles/pico-wifi-example.dir/home/hoagson/pico/pico-sdk/src/rp2_common/pico_unique_id/unique_id.c.obj
                0x10004b44                pico_get_unique_board_id
 .text.flash_get_unique_id
                0x10004b54       0x3c CMakeFiles/pico-wifi-example.dir/home/hoagson/pico/pico-sdk/src/rp2_common/hardware_flash/flash.c.obj
                0x10004b54                flash_get_unique_id
 .text.lwip_init
                0x10004b90       0x24 CMakeFiles/pico-wifi-example.dir/home/hoagson/pico/pico-sdk/lib/lwip/src/core/init.c.obj
                0x10004b90                lwip_init
 .text.lwip_htons
                0x10004bb4        0x8 CMakeFiles/pico-wifi-example.dir/home/hoagson/pico/pico-sdk/lib/lwip/src/core/def.c.obj
                0x10004bb4                lwip_htons
 .text.lwip_htonl
                0x10004bbc        0x4 CMakeFiles/pico-wifi-example.dir/home/hoagson/pico/pico-sdk/lib/lwip/src/core/def.c.obj
                0x10004bbc                lwip_htonl
 .text.dns_call_found
                0x10004bc0      0x184 CMakeFiles/pico-wifi-example.dir/home/hoagson/pico/pico-sdk/lib/lwip/src/core/dns.c.obj
 .text.dns_send.isra.0
                0x10004d44      0x174 CMakeFiles/pico-wifi-example.dir/home/hoagson/pico/pico-sdk/lib/lwip/src/core/dns.c.obj
 .text.dns_init
                0x10004eb8        0x4 CMakeFiles/pico-wifi-example.dir/home/hoagson/pico/pico-sdk/lib/lwip/src/core/dns.c.obj
                0x10004eb8                dns_init
 .text.dns_setserver
                0x10004ebc       0x24 CMakeFiles/pico-wifi-example.dir/home/hoagson/pico/pico-sdk/lib/lwip/src/core/dns.c.obj
                0x10004ebc                dns_setserver
 .text.dns_tmr  0x10004ee0      0x140 CMakeFiles/pico-wifi-example.dir/home/hoagson/pico/pico-sdk/lib/lwip/src/core/dns.c.obj
                0x10004ee0                dns_tmr
 .text.lwip_standard_chksum
                0x10005020       0xdc CMakeFiles/pico-wifi-example.dir/home/hoagson/pico/pico-sdk/lib/lwip/src/core/inet_chksum.c.obj
                0x10005020                lwip_standard_chksum
 .text.inet_chksum_pseudo
                0x100050fc       0xbc CMakeFiles/pico-wifi-example.dir/home/hoagson/pico/pico-sdk/lib/lwip/src/core/inet_chksum.c.obj
                0x100050fc                inet_chksum_pseudo
 .text.ip_chksum_pseudo
                0x100051b8       0x10 CMakeFiles/pico-wifi-example.dir/home/hoagson/pico/pico-sdk/lib/lwip/src/core/inet_chksum.c.obj
                0x100051b8                ip_chksum_pseudo
 .text.inet_chksum
                0x100051c8        0xc CMakeFiles/pico-wifi-example.dir/home/hoagson/pico/pico-sdk/lib/lwip/src/core/inet_chksum.c.obj
                0x100051c8                inet_chksum
 .text.inet_chksum_pbuf
                0x100051d4       0x78 CMakeFiles/pico-wifi-example.dir/home/hoagson/pico/pico-sdk/lib/lwip/src/core/inet_chksum.c.obj
                0x100051d4                inet_chksum_pbuf
 .text.mem_init
                0x1000524c       0x3c CMakeFiles/pico-wifi-example.dir/home/hoagson/pico/pico-sdk/lib/lwip/src/core/mem.c.obj
                0x1000524c                mem_init
 .text.mem_free
                0x10005288      0x130 CMakeFiles/pico-wifi-example.dir/home/hoagson/pico/pico-sdk/lib/lwip/src/core/mem.c.obj
                0x10005288                mem_free
 .text.mem_trim
                0x100053b8      0x104 CMakeFiles/pico-wifi-example.dir/home/hoagson/pico/pico-sdk/lib/lwip/src/core/mem.c.obj
                0x100053b8                mem_trim
 .text.mem_malloc
                0x100054bc      0x124 CMakeFiles/pico-wifi-example.dir/home/hoagson/pico/pico-sdk/lib/lwip/src/core/mem.c.obj
                0x100054bc                mem_malloc
 .text.memp_init
                0x100055e0       0x6c CMakeFiles/pico-wifi-example.dir/home/hoagson/pico/pico-sdk/lib/lwip/src/core/memp.c.obj
                0x100055e0                memp_init
 .text.memp_malloc
                0x1000564c       0x40 CMakeFiles/pico-wifi-example.dir/home/hoagson/pico/pico-sdk/lib/lwip/src/core/memp.c.obj
                0x1000564c                memp_malloc
 .text.memp_free
                0x1000568c       0x38 CMakeFiles/pico-wifi-example.dir/home/hoagson/pico/pico-sdk/lib/lwip/src/core/memp.c.obj
                0x1000568c                memp_free
 .text.netif_null_output_ip4
                0x100056c4        0x8 CMakeFiles/pico-wifi-example.dir/home/hoagson/pico/pico-sdk/lib/lwip/src/core/netif.c.obj
 .text.netif_do_set_ipaddr.isra.0
                0x100056cc       0x60 CMakeFiles/pico-wifi-example.dir/home/hoagson/pico/pico-sdk/lib/lwip/src/core/netif.c.obj
 .text.netif_init
                0x1000572c        0x4 CMakeFiles/pico-wifi-example.dir/home/hoagson/pico/pico-sdk/lib/lwip/src/core/netif.c.obj
                0x1000572c                netif_init
 .text.netif_add
                0x10005730      0x16c CMakeFiles/pico-wifi-example.dir/home/hoagson/pico/pico-sdk/lib/lwip/src/core/netif.c.obj
                0x10005730                netif_add
 .text.netif_set_ipaddr
                0x1000589c       0x70 CMakeFiles/pico-wifi-example.dir/home/hoagson/pico/pico-sdk/lib/lwip/src/core/netif.c.obj
                0x1000589c                netif_set_ipaddr
 .text.netif_set_netmask
                0x1000590c       0x1c CMakeFiles/pico-wifi-example.dir/home/hoagson/pico/pico-sdk/lib/lwip/src/core/netif.c.obj
                0x1000590c                netif_set_netmask
 .text.netif_set_gw
                0x10005928       0x1c CMakeFiles/pico-wifi-example.dir/home/hoagson/pico/pico-sdk/lib/lwip/src/core/netif.c.obj
                0x10005928                netif_set_gw
 .text.netif_set_addr
                0x10005944       0xb4 CMakeFiles/pico-wifi-example.dir/home/hoagson/pico/pico-sdk/lib/lwip/src/core/netif.c.obj
                0x10005944                netif_set_addr
 .text.netif_remove
                0x100059f8       0x94 CMakeFiles/pico-wifi-example.dir/home/hoagson/pico/pico-sdk/lib/lwip/src/core/netif.c.obj
                0x100059f8                netif_remove
 .text.netif_set_default
                0x10005a8c        0xc CMakeFiles/pico-wifi-example.dir/home/hoagson/pico/pico-sdk/lib/lwip/src/core/netif.c.obj
                0x10005a8c                netif_set_default
 .text.netif_set_up
                0x10005a98       0x40 CMakeFiles/pico-wifi-example.dir/home/hoagson/pico/pico-sdk/lib/lwip/src/core/netif.c.obj
                0x10005a98                netif_set_up
 .text.netif_set_link_up
                0x10005ad8       0x44 CMakeFiles/pico-wifi-example.dir/home/hoagson/pico/pico-sdk/lib/lwip/src/core/netif.c.obj
                0x10005ad8                netif_set_link_up
 .text.netif_set_link_down
                0x10005b1c       0x20 CMakeFiles/pico-wifi-example.dir/home/hoagson/pico/pico-sdk/lib/lwip/src/core/netif.c.obj
                0x10005b1c                netif_set_link_down
 .text.netif_get_by_index
                0x10005b3c       0x2c CMakeFiles/pico-wifi-example.dir/home/hoagson/pico/pico-sdk/lib/lwip/src/core/netif.c.obj
                0x10005b3c                netif_get_by_index
 .text.pbuf_free.part.0
                0x10005b68       0x7c CMakeFiles/pico-wifi-example.dir/home/hoagson/pico/pico-sdk/lib/lwip/src/core/pbuf.c.obj
 .text.pbuf_free_ooseq
                0x10005be4       0x34 CMakeFiles/pico-wifi-example.dir/home/hoagson/pico/pico-sdk/lib/lwip/src/core/pbuf.c.obj
                0x10005be4                pbuf_free_ooseq
 .text.pbuf_alloc
                0x10005c18      0x134 CMakeFiles/pico-wifi-example.dir/home/hoagson/pico/pico-sdk/lib/lwip/src/core/pbuf.c.obj
                0x10005c18                pbuf_alloc
 .text.pbuf_realloc
                0x10005d4c       0x84 CMakeFiles/pico-wifi-example.dir/home/hoagson/pico/pico-sdk/lib/lwip/src/core/pbuf.c.obj
                0x10005d4c                pbuf_realloc
 .text.pbuf_add_header
                0x10005dd0       0x50 CMakeFiles/pico-wifi-example.dir/home/hoagson/pico/pico-sdk/lib/lwip/src/core/pbuf.c.obj
                0x10005dd0                pbuf_add_header
 .text.pbuf_remove_header
                0x10005e20       0x3c CMakeFiles/pico-wifi-example.dir/home/hoagson/pico/pico-sdk/lib/lwip/src/core/pbuf.c.obj
                0x10005e20                pbuf_remove_header
 .text.pbuf_header_force
                0x10005e5c       0x68 CMakeFiles/pico-wifi-example.dir/home/hoagson/pico/pico-sdk/lib/lwip/src/core/pbuf.c.obj
                0x10005e5c                pbuf_header_force
 .text.pbuf_free
                0x10005ec4       0x18 CMakeFiles/pico-wifi-example.dir/home/hoagson/pico/pico-sdk/lib/lwip/src/core/pbuf.c.obj
                0x10005ec4                pbuf_free
 .text.pbuf_clen
                0x10005edc       0x14 CMakeFiles/pico-wifi-example.dir/home/hoagson/pico/pico-sdk/lib/lwip/src/core/pbuf.c.obj
                0x10005edc                pbuf_clen
 .text.pbuf_ref
                0x10005ef0       0x28 CMakeFiles/pico-wifi-example.dir/home/hoagson/pico/pico-sdk/lib/lwip/src/core/pbuf.c.obj
                0x10005ef0                pbuf_ref
 .text.pbuf_cat
                0x10005f18       0x44 CMakeFiles/pico-wifi-example.dir/home/hoagson/pico/pico-sdk/lib/lwip/src/core/pbuf.c.obj
                0x10005f18                pbuf_cat
 .text.pbuf_chain
                0x10005f5c       0x64 CMakeFiles/pico-wifi-example.dir/home/hoagson/pico/pico-sdk/lib/lwip/src/core/pbuf.c.obj
                0x10005f5c                pbuf_chain
 .text.pbuf_copy_partial_pbuf
                0x10005fc0      0x148 CMakeFiles/pico-wifi-example.dir/home/hoagson/pico/pico-sdk/lib/lwip/src/core/pbuf.c.obj
                0x10005fc0                pbuf_copy_partial_pbuf
 .text.pbuf_copy
                0x10006108       0x18 CMakeFiles/pico-wifi-example.dir/home/hoagson/pico/pico-sdk/lib/lwip/src/core/pbuf.c.obj
                0x10006108                pbuf_copy
 .text.pbuf_copy_partial
                0x10006120       0x68 CMakeFiles/pico-wifi-example.dir/home/hoagson/pico/pico-sdk/lib/lwip/src/core/pbuf.c.obj
                0x10006120                pbuf_copy_partial
 .text.pbuf_take
                0x10006188       0x78 CMakeFiles/pico-wifi-example.dir/home/hoagson/pico/pico-sdk/lib/lwip/src/core/pbuf.c.obj
                0x10006188                pbuf_take
 .text.pbuf_take_at
                0x10006200       0xcc CMakeFiles/pico-wifi-example.dir/home/hoagson/pico/pico-sdk/lib/lwip/src/core/pbuf.c.obj
                0x10006200                pbuf_take_at
 .text.pbuf_clone
                0x100062cc       0x30 CMakeFiles/pico-wifi-example.dir/home/hoagson/pico/pico-sdk/lib/lwip/src/core/pbuf.c.obj
                0x100062cc                pbuf_clone
 .text.pbuf_put_at
                0x100062fc       0x1c CMakeFiles/pico-wifi-example.dir/home/hoagson/pico/pico-sdk/lib/lwip/src/core/pbuf.c.obj
                0x100062fc                pbuf_put_at
 .text.raw_input
                0x10006318      0x164 CMakeFiles/pico-wifi-example.dir/home/hoagson/pico/pico-sdk/lib/lwip/src/core/raw.c.obj
                0x10006318                raw_input
 .text.raw_netif_ip_addr_changed
                0x1000647c       0x40 CMakeFiles/pico-wifi-example.dir/home/hoagson/pico/pico-sdk/lib/lwip/src/core/raw.c.obj
                0x1000647c                raw_netif_ip_addr_changed
 .text.stats_init
                0x100064bc        0x4 CMakeFiles/pico-wifi-example.dir/home/hoagson/pico/pico-sdk/lib/lwip/src/core/stats.c.obj
                0x100064bc                stats_init
 .text.altcp_alloc
                0x100064c0       0x18 CMakeFiles/pico-wifi-example.dir/home/hoagson/pico/pico-sdk/lib/lwip/src/core/altcp.c.obj
                0x100064c0                altcp_alloc
 .text.altcp_free
                0x100064d8       0x20 CMakeFiles/pico-wifi-example.dir/home/hoagson/pico/pico-sdk/lib/lwip/src/core/altcp.c.obj
                0x100064d8                altcp_free
 .text.altcp_new
                0x100064f8       0x20 CMakeFiles/pico-wifi-example.dir/home/hoagson/pico/pico-sdk/lib/lwip/src/core/altcp.c.obj
                0x100064f8                altcp_new
 .text.altcp_recv
                0x10006518        0x8 CMakeFiles/pico-wifi-example.dir/home/hoagson/pico/pico-sdk/lib/lwip/src/core/altcp.c.obj
                0x10006518                altcp_recv
 .text.altcp_recved
                0x10006520       0x18 CMakeFiles/pico-wifi-example.dir/home/hoagson/pico/pico-sdk/lib/lwip/src/core/altcp.c.obj
                0x10006520                altcp_recved
 .text.altcp_connect
                0x10006538       0x1c CMakeFiles/pico-wifi-example.dir/home/hoagson/pico/pico-sdk/lib/lwip/src/core/altcp.c.obj
                0x10006538                altcp_connect
 .text.altcp_write
                0x10006554       0x1c CMakeFiles/pico-wifi-example.dir/home/hoagson/pico/pico-sdk/lib/lwip/src/core/altcp.c.obj
                0x10006554                altcp_write
 .text.altcp_output
                0x10006570       0x1c CMakeFiles/pico-wifi-example.dir/home/hoagson/pico/pico-sdk/lib/lwip/src/core/altcp.c.obj
                0x10006570                altcp_output
 .text.altcp_tcp_err
                0x1000658c       0x1c CMakeFiles/pico-wifi-example.dir/home/hoagson/pico/pico-sdk/lib/lwip/src/core/altcp_tcp.c.obj
 .text.altcp_tcp_get_port
                0x100065a8       0x2c CMakeFiles/pico-wifi-example.dir/home/hoagson/pico/pico-sdk/lib/lwip/src/core/altcp_tcp.c.obj
 .text.altcp_tcp_get_ip
                0x100065d4       0x2c CMakeFiles/pico-wifi-example.dir/home/hoagson/pico/pico-sdk/lib/lwip/src/core/altcp_tcp.c.obj
 .text.altcp_tcp_nagle_disabled
                0x10006600       0x28 CMakeFiles/pico-wifi-example.dir/home/hoagson/pico/pico-sdk/lib/lwip/src/core/altcp_tcp.c.obj
 .text.altcp_tcp_sndqueuelen
                0x10006628       0x24 CMakeFiles/pico-wifi-example.dir/home/hoagson/pico/pico-sdk/lib/lwip/src/core/altcp_tcp.c.obj
 .text.altcp_tcp_sndbuf
                0x1000664c       0x24 CMakeFiles/pico-wifi-example.dir/home/hoagson/pico/pico-sdk/lib/lwip/src/core/altcp_tcp.c.obj
 .text.altcp_tcp_mss
                0x10006670       0x20 CMakeFiles/pico-wifi-example.dir/home/hoagson/pico/pico-sdk/lib/lwip/src/core/altcp_tcp.c.obj
 .text.altcp_tcp_get_tcp_addrinfo
                0x10006690       0x24 CMakeFiles/pico-wifi-example.dir/home/hoagson/pico/pico-sdk/lib/lwip/src/core/altcp_tcp.c.obj
 .text.altcp_tcp_output
                0x100066b4       0x24 CMakeFiles/pico-wifi-example.dir/home/hoagson/pico/pico-sdk/lib/lwip/src/core/altcp_tcp.c.obj
 .text.altcp_tcp_write
                0x100066d8       0x24 CMakeFiles/pico-wifi-example.dir/home/hoagson/pico/pico-sdk/lib/lwip/src/core/altcp_tcp.c.obj
 .text.altcp_tcp_shutdown
                0x100066fc       0x24 CMakeFiles/pico-wifi-example.dir/home/hoagson/pico/pico-sdk/lib/lwip/src/core/altcp_tcp.c.obj
 .text.altcp_tcp_listen
                0x10006720       0x34 CMakeFiles/pico-wifi-example.dir/home/hoagson/pico/pico-sdk/lib/lwip/src/core/altcp_tcp.c.obj
 .text.altcp_tcp_connect
                0x10006754       0x2c CMakeFiles/pico-wifi-example.dir/home/hoagson/pico/pico-sdk/lib/lwip/src/core/altcp_tcp.c.obj
 .text.altcp_tcp_bind
                0x10006780       0x24 CMakeFiles/pico-wifi-example.dir/home/hoagson/pico/pico-sdk/lib/lwip/src/core/altcp_tcp.c.obj
 .text.altcp_tcp_close
                0x100067a4       0xb8 CMakeFiles/pico-wifi-example.dir/home/hoagson/pico/pico-sdk/lib/lwip/src/core/altcp_tcp.c.obj
 .text.altcp_tcp_sent
                0x1000685c       0x3c CMakeFiles/pico-wifi-example.dir/home/hoagson/pico/pico-sdk/lib/lwip/src/core/altcp_tcp.c.obj
 .text.altcp_tcp_keepalive_enable.part.0
                0x10006898        0xc CMakeFiles/pico-wifi-example.dir/home/hoagson/pico/pico-sdk/lib/lwip/src/core/altcp_tcp.c.obj
 .text.altcp_tcp_keepalive_enable
                0x100068a4       0x48 CMakeFiles/pico-wifi-example.dir/home/hoagson/pico/pico-sdk/lib/lwip/src/core/altcp_tcp.c.obj
 .text.altcp_tcp_keepalive_disable
                0x100068ec       0x20 CMakeFiles/pico-wifi-example.dir/home/hoagson/pico/pico-sdk/lib/lwip/src/core/altcp_tcp.c.obj
 .text.altcp_tcp_dealloc
                0x1000690c       0x14 CMakeFiles/pico-wifi-example.dir/home/hoagson/pico/pico-sdk/lib/lwip/src/core/altcp_tcp.c.obj
 .text.altcp_tcp_nagle_enable
                0x10006920       0x20 CMakeFiles/pico-wifi-example.dir/home/hoagson/pico/pico-sdk/lib/lwip/src/core/altcp_tcp.c.obj
 .text.altcp_tcp_nagle_disable
                0x10006940       0x20 CMakeFiles/pico-wifi-example.dir/home/hoagson/pico/pico-sdk/lib/lwip/src/core/altcp_tcp.c.obj
 .text.altcp_tcp_connected
                0x10006960       0x3c CMakeFiles/pico-wifi-example.dir/home/hoagson/pico/pico-sdk/lib/lwip/src/core/altcp_tcp.c.obj
 .text.altcp_tcp_poll
                0x1000699c       0x3c CMakeFiles/pico-wifi-example.dir/home/hoagson/pico/pico-sdk/lib/lwip/src/core/altcp_tcp.c.obj
 .text.altcp_tcp_recv
                0x100069d8       0x44 CMakeFiles/pico-wifi-example.dir/home/hoagson/pico/pico-sdk/lib/lwip/src/core/altcp_tcp.c.obj
 .text.altcp_tcp_setprio
                0x10006a1c       0x1c CMakeFiles/pico-wifi-example.dir/home/hoagson/pico/pico-sdk/lib/lwip/src/core/altcp_tcp.c.obj
 .text.altcp_tcp_set_poll
                0x10006a38       0x24 CMakeFiles/pico-wifi-example.dir/home/hoagson/pico/pico-sdk/lib/lwip/src/core/altcp_tcp.c.obj
 .text.altcp_tcp_abort
                0x10006a5c       0x20 CMakeFiles/pico-wifi-example.dir/home/hoagson/pico/pico-sdk/lib/lwip/src/core/altcp_tcp.c.obj
 .text.altcp_tcp_recved
                0x10006a7c       0x1c CMakeFiles/pico-wifi-example.dir/home/hoagson/pico/pico-sdk/lib/lwip/src/core/altcp_tcp.c.obj
 .text.altcp_tcp_accept
                0x10006a98       0x74 CMakeFiles/pico-wifi-example.dir/home/hoagson/pico/pico-sdk/lib/lwip/src/core/altcp_tcp.c.obj
 .text.altcp_tcp_new_ip_type
                0x10006b0c       0x60 CMakeFiles/pico-wifi-example.dir/home/hoagson/pico/pico-sdk/lib/lwip/src/core/altcp_tcp.c.obj
                0x10006b0c                altcp_tcp_new_ip_type
 .text.tcp_close_shutdown_fin
                0x10006b6c       0x54 CMakeFiles/pico-wifi-example.dir/home/hoagson/pico/pico-sdk/lib/lwip/src/core/tcp.c.obj
 .text.tcp_pcb_purge.part.0
                0x10006bc0       0xc4 CMakeFiles/pico-wifi-example.dir/home/hoagson/pico/pico-sdk/lib/lwip/src/core/tcp.c.obj
 .text.tcp_init
                0x10006c84       0x20 CMakeFiles/pico-wifi-example.dir/home/hoagson/pico/pico-sdk/lib/lwip/src/core/tcp.c.obj
                0x10006c84                tcp_init
 .text.tcp_free
                0x10006ca4       0x1c CMakeFiles/pico-wifi-example.dir/home/hoagson/pico/pico-sdk/lib/lwip/src/core/tcp.c.obj
                0x10006ca4                tcp_free
 .text.tcp_bind
                0x10006cc0       0xf4 CMakeFiles/pico-wifi-example.dir/home/hoagson/pico/pico-sdk/lib/lwip/src/core/tcp.c.obj
                0x10006cc0                tcp_bind
 .text.tcp_listen_with_backlog_and_err
                0x10006db4       0xb8 CMakeFiles/pico-wifi-example.dir/home/hoagson/pico/pico-sdk/lib/lwip/src/core/tcp.c.obj
                0x10006db4                tcp_listen_with_backlog_and_err
 .text.tcp_update_rcv_ann_wnd
                0x10006e6c       0x58 CMakeFiles/pico-wifi-example.dir/home/hoagson/pico/pico-sdk/lib/lwip/src/core/tcp.c.obj
                0x10006e6c                tcp_update_rcv_ann_wnd
 .text.tcp_recved
                0x10006ec4       0x98 CMakeFiles/pico-wifi-example.dir/home/hoagson/pico/pico-sdk/lib/lwip/src/core/tcp.c.obj
                0x10006ec4                tcp_recved
 .text.tcp_connect
                0x10006f5c      0x1bc CMakeFiles/pico-wifi-example.dir/home/hoagson/pico/pico-sdk/lib/lwip/src/core/tcp.c.obj
                0x10006f5c                tcp_connect
 .text.tcp_slowtmr
                0x10007118      0x524 CMakeFiles/pico-wifi-example.dir/home/hoagson/pico/pico-sdk/lib/lwip/src/core/tcp.c.obj
                0x10007118                tcp_slowtmr
 .text.tcp_segs_free
                0x1000763c       0x38 CMakeFiles/pico-wifi-example.dir/home/hoagson/pico/pico-sdk/lib/lwip/src/core/tcp.c.obj
                0x1000763c                tcp_segs_free
 .text.tcp_seg_free
                0x10007674       0x1c CMakeFiles/pico-wifi-example.dir/home/hoagson/pico/pico-sdk/lib/lwip/src/core/tcp.c.obj
                0x10007674                tcp_seg_free
 .text.tcp_setprio
                0x10007690        0x8 CMakeFiles/pico-wifi-example.dir/home/hoagson/pico/pico-sdk/lib/lwip/src/core/tcp.c.obj
                0x10007690                tcp_setprio
 .text.tcp_seg_copy
                0x10007698       0x2c CMakeFiles/pico-wifi-example.dir/home/hoagson/pico/pico-sdk/lib/lwip/src/core/tcp.c.obj
                0x10007698                tcp_seg_copy
 .text.tcp_arg  0x100076c4        0x8 CMakeFiles/pico-wifi-example.dir/home/hoagson/pico/pico-sdk/lib/lwip/src/core/tcp.c.obj
                0x100076c4                tcp_arg
 .text.tcp_recv
                0x100076cc       0x1c CMakeFiles/pico-wifi-example.dir/home/hoagson/pico/pico-sdk/lib/lwip/src/core/tcp.c.obj
                0x100076cc                tcp_recv
 .text.tcp_sent
                0x100076e8       0x1c CMakeFiles/pico-wifi-example.dir/home/hoagson/pico/pico-sdk/lib/lwip/src/core/tcp.c.obj
                0x100076e8                tcp_sent
 .text.tcp_err  0x10007704       0x1c CMakeFiles/pico-wifi-example.dir/home/hoagson/pico/pico-sdk/lib/lwip/src/core/tcp.c.obj
                0x10007704                tcp_err
 .text.tcp_accept
                0x10007720       0x10 CMakeFiles/pico-wifi-example.dir/home/hoagson/pico/pico-sdk/lib/lwip/src/core/tcp.c.obj
                0x10007720                tcp_accept
 .text.tcp_poll
                0x10007730       0x20 CMakeFiles/pico-wifi-example.dir/home/hoagson/pico/pico-sdk/lib/lwip/src/core/tcp.c.obj
                0x10007730                tcp_poll
 .text.tcp_pcb_purge
                0x10007750       0x18 CMakeFiles/pico-wifi-example.dir/home/hoagson/pico/pico-sdk/lib/lwip/src/core/tcp.c.obj
                0x10007750                tcp_pcb_purge
 .text.tcp_pcb_remove
                0x10007768       0xc8 CMakeFiles/pico-wifi-example.dir/home/hoagson/pico/pico-sdk/lib/lwip/src/core/tcp.c.obj
                0x10007768                tcp_pcb_remove
 .text.tcp_abandon
                0x10007830      0x1a0 CMakeFiles/pico-wifi-example.dir/home/hoagson/pico/pico-sdk/lib/lwip/src/core/tcp.c.obj
                0x10007830                tcp_abandon
 .text.tcp_abort
                0x100079d0        0xc CMakeFiles/pico-wifi-example.dir/home/hoagson/pico/pico-sdk/lib/lwip/src/core/tcp.c.obj
                0x100079d0                tcp_abort
 .text.tcp_accept_null
                0x100079dc       0x20 CMakeFiles/pico-wifi-example.dir/home/hoagson/pico/pico-sdk/lib/lwip/src/core/tcp.c.obj
 .text.tcp_alloc
                0x100079fc      0x1d4 CMakeFiles/pico-wifi-example.dir/home/hoagson/pico/pico-sdk/lib/lwip/src/core/tcp.c.obj
                0x100079fc                tcp_alloc
 .text.tcp_new_ip_type
                0x10007bd0        0xc CMakeFiles/pico-wifi-example.dir/home/hoagson/pico/pico-sdk/lib/lwip/src/core/tcp.c.obj
                0x10007bd0                tcp_new_ip_type
 .text.tcp_close_shutdown
                0x10007bdc      0x188 CMakeFiles/pico-wifi-example.dir/home/hoagson/pico/pico-sdk/lib/lwip/src/core/tcp.c.obj
 .text.tcp_shutdown
                0x10007d64       0x60 CMakeFiles/pico-wifi-example.dir/home/hoagson/pico/pico-sdk/lib/lwip/src/core/tcp.c.obj
                0x10007d64                tcp_shutdown
 .text.tcp_recv_null
                0x10007dc4       0xcc CMakeFiles/pico-wifi-example.dir/home/hoagson/pico/pico-sdk/lib/lwip/src/core/tcp.c.obj
                0x10007dc4                tcp_recv_null
 .text.tcp_process_refused_data
                0x10007e90       0x78 CMakeFiles/pico-wifi-example.dir/home/hoagson/pico/pico-sdk/lib/lwip/src/core/tcp.c.obj
                0x10007e90                tcp_process_refused_data
 .text.tcp_fasttmr
                0x10007f08       0x98 CMakeFiles/pico-wifi-example.dir/home/hoagson/pico/pico-sdk/lib/lwip/src/core/tcp.c.obj
                0x10007f08                tcp_fasttmr
 .text.tcp_tmr  0x10007fa0       0x20 CMakeFiles/pico-wifi-example.dir/home/hoagson/pico/pico-sdk/lib/lwip/src/core/tcp.c.obj
                0x10007fa0                tcp_tmr
 .text.tcp_close
                0x10007fc0      0x170 CMakeFiles/pico-wifi-example.dir/home/hoagson/pico/pico-sdk/lib/lwip/src/core/tcp.c.obj
                0x10007fc0                tcp_close
 .text.tcp_next_iss
                0x10008130       0x28 CMakeFiles/pico-wifi-example.dir/home/hoagson/pico/pico-sdk/lib/lwip/src/core/tcp.c.obj
                0x10008130                tcp_next_iss
 .text.tcp_eff_send_mss_netif
                0x10008158       0x34 CMakeFiles/pico-wifi-example.dir/home/hoagson/pico/pico-sdk/lib/lwip/src/core/tcp.c.obj
                0x10008158                tcp_eff_send_mss_netif
 .text.tcp_netif_ip_addr_changed
                0x1000818c       0x94 CMakeFiles/pico-wifi-example.dir/home/hoagson/pico/pico-sdk/lib/lwip/src/core/tcp.c.obj
                0x1000818c                tcp_netif_ip_addr_changed
 .text.tcp_tcp_get_tcp_addrinfo
                0x10008220       0x34 CMakeFiles/pico-wifi-example.dir/home/hoagson/pico/pico-sdk/lib/lwip/src/core/tcp.c.obj
                0x10008220                tcp_tcp_get_tcp_addrinfo
 .text.tcp_free_ooseq
                0x10008254       0x40 CMakeFiles/pico-wifi-example.dir/home/hoagson/pico/pico-sdk/lib/lwip/src/core/tcp.c.obj
                0x10008254                tcp_free_ooseq
 .text.tcp_parseopt
                0x10008294      0x1bc CMakeFiles/pico-wifi-example.dir/home/hoagson/pico/pico-sdk/lib/lwip/src/core/tcp_in.c.obj
 .text.tcp_oos_insert_segment
                0x10008450       0xdc CMakeFiles/pico-wifi-example.dir/home/hoagson/pico/pico-sdk/lib/lwip/src/core/tcp_in.c.obj
 .text.tcp_free_acked_segments.isra.0
                0x1000852c       0xdc CMakeFiles/pico-wifi-example.dir/home/hoagson/pico/pico-sdk/lib/lwip/src/core/tcp_in.c.obj
 .text.tcp_receive
                0x10008608      0xa00 CMakeFiles/pico-wifi-example.dir/home/hoagson/pico/pico-sdk/lib/lwip/src/core/tcp_in.c.obj
 .text.tcp_input
                0x10009008      0xe54 CMakeFiles/pico-wifi-example.dir/home/hoagson/pico/pico-sdk/lib/lwip/src/core/tcp_in.c.obj
                0x10009008                tcp_input
 .text.tcp_trigger_input_pcb_close
                0x10009e5c       0x10 CMakeFiles/pico-wifi-example.dir/home/hoagson/pico/pico-sdk/lib/lwip/src/core/tcp_in.c.obj
                0x10009e5c                tcp_trigger_input_pcb_close
 .text.tcp_create_segment
                0x10009e6c       0xf8 CMakeFiles/pico-wifi-example.dir/home/hoagson/pico/pico-sdk/lib/lwip/src/core/tcp_out.c.obj
 .text.tcp_output_control_segment
                0x10009f64       0xc0 CMakeFiles/pico-wifi-example.dir/home/hoagson/pico/pico-sdk/lib/lwip/src/core/tcp_out.c.obj
 .text.tcp_output_alloc_header.constprop.0
                0x1000a024       0xc8 CMakeFiles/pico-wifi-example.dir/home/hoagson/pico/pico-sdk/lib/lwip/src/core/tcp_out.c.obj
 .text.tcp_write
                0x1000a0ec      0x468 CMakeFiles/pico-wifi-example.dir/home/hoagson/pico/pico-sdk/lib/lwip/src/core/tcp_out.c.obj
                0x1000a0ec                tcp_write
 .text.tcp_split_unsent_seg
                0x1000a554      0x1b4 CMakeFiles/pico-wifi-example.dir/home/hoagson/pico/pico-sdk/lib/lwip/src/core/tcp_out.c.obj
                0x1000a554                tcp_split_unsent_seg
 .text.tcp_send_fin
                0x1000a708      0x118 CMakeFiles/pico-wifi-example.dir/home/hoagson/pico/pico-sdk/lib/lwip/src/core/tcp_out.c.obj
                0x1000a708                tcp_send_fin
 .text.tcp_enqueue_flags
                0x1000a820      0x108 CMakeFiles/pico-wifi-example.dir/home/hoagson/pico/pico-sdk/lib/lwip/src/core/tcp_out.c.obj
                0x1000a820                tcp_enqueue_flags
 .text.tcp_rexmit_rto_prepare
                0x1000a928       0x9c CMakeFiles/pico-wifi-example.dir/home/hoagson/pico/pico-sdk/lib/lwip/src/core/tcp_out.c.obj
                0x1000a928                tcp_rexmit_rto_prepare
 .text.tcp_rexmit
                0x1000a9c4       0x9c CMakeFiles/pico-wifi-example.dir/home/hoagson/pico/pico-sdk/lib/lwip/src/core/tcp_out.c.obj
                0x1000a9c4                tcp_rexmit
 .text.tcp_rexmit_fast
                0x1000aa60       0x64 CMakeFiles/pico-wifi-example.dir/home/hoagson/pico/pico-sdk/lib/lwip/src/core/tcp_out.c.obj
                0x1000aa60                tcp_rexmit_fast
 .text.tcp_rst  0x1000aac4       0xe8 CMakeFiles/pico-wifi-example.dir/home/hoagson/pico/pico-sdk/lib/lwip/src/core/tcp_out.c.obj
                0x1000aac4                tcp_rst
 .text.tcp_rst_netif
                0x1000abac      0x130 CMakeFiles/pico-wifi-example.dir/home/hoagson/pico/pico-sdk/lib/lwip/src/core/tcp_out.c.obj
                0x1000abac                tcp_rst_netif
 .text.tcp_send_empty_ack
                0x1000acdc       0x4c CMakeFiles/pico-wifi-example.dir/home/hoagson/pico/pico-sdk/lib/lwip/src/core/tcp_out.c.obj
                0x1000acdc                tcp_send_empty_ack
 .text.tcp_output
                0x1000ad28      0x454 CMakeFiles/pico-wifi-example.dir/home/hoagson/pico/pico-sdk/lib/lwip/src/core/tcp_out.c.obj
                0x1000ad28                tcp_output
 .text.tcp_rexmit_rto_commit
                0x1000b17c       0x24 CMakeFiles/pico-wifi-example.dir/home/hoagson/pico/pico-sdk/lib/lwip/src/core/tcp_out.c.obj
                0x1000b17c                tcp_rexmit_rto_commit
 .text.tcp_rexmit_rto
                0x1000b1a0       0xa4 CMakeFiles/pico-wifi-example.dir/home/hoagson/pico/pico-sdk/lib/lwip/src/core/tcp_out.c.obj
                0x1000b1a0                tcp_rexmit_rto
 .text.tcp_keepalive
                0x1000b244       0xdc CMakeFiles/pico-wifi-example.dir/home/hoagson/pico/pico-sdk/lib/lwip/src/core/tcp_out.c.obj
                0x1000b244                tcp_keepalive
 .text.tcp_zero_window_probe
                0x1000b320      0x110 CMakeFiles/pico-wifi-example.dir/home/hoagson/pico/pico-sdk/lib/lwip/src/core/tcp_out.c.obj
                0x1000b320                tcp_zero_window_probe
 .text.tcpip_tcp_timer
                0x1000b430       0x78 CMakeFiles/pico-wifi-example.dir/home/hoagson/pico/pico-sdk/lib/lwip/src/core/timeouts.c.obj
 .text.lwip_cyclic_timer
                0x1000b4a8       0x98 CMakeFiles/pico-wifi-example.dir/home/hoagson/pico/pico-sdk/lib/lwip/src/core/timeouts.c.obj
 .text.tcp_timer_needed
                0x1000b540       0x7c CMakeFiles/pico-wifi-example.dir/home/hoagson/pico/pico-sdk/lib/lwip/src/core/timeouts.c.obj
                0x1000b540                tcp_timer_needed
 .text.sys_timeouts_init
                0x1000b5bc       0x8c CMakeFiles/pico-wifi-example.dir/home/hoagson/pico/pico-sdk/lib/lwip/src/core/timeouts.c.obj
                0x1000b5bc                sys_timeouts_init
 .text.sys_check_timeouts
                0x1000b648       0x68 CMakeFiles/pico-wifi-example.dir/home/hoagson/pico/pico-sdk/lib/lwip/src/core/timeouts.c.obj
                0x1000b648                sys_check_timeouts
 .text.sys_timeouts_sleeptime
                0x1000b6b0       0x28 CMakeFiles/pico-wifi-example.dir/home/hoagson/pico/pico-sdk/lib/lwip/src/core/timeouts.c.obj
                0x1000b6b0                sys_timeouts_sleeptime
 .text.udp_init
                0x1000b6d8       0x20 CMakeFiles/pico-wifi-example.dir/home/hoagson/pico/pico-sdk/lib/lwip/src/core/udp.c.obj
                0x1000b6d8                udp_init
 .text.udp_input
                0x1000b6f8      0x320 CMakeFiles/pico-wifi-example.dir/home/hoagson/pico/pico-sdk/lib/lwip/src/core/udp.c.obj
                0x1000b6f8                udp_input
 .text.udp_bind
                0x1000ba18      0x118 CMakeFiles/pico-wifi-example.dir/home/hoagson/pico/pico-sdk/lib/lwip/src/core/udp.c.obj
                0x1000ba18                udp_bind
 .text.udp_sendto_if_src
                0x1000bb30      0x130 CMakeFiles/pico-wifi-example.dir/home/hoagson/pico/pico-sdk/lib/lwip/src/core/udp.c.obj
                0x1000bb30                udp_sendto_if_src
 .text.udp_sendto_if
                0x1000bc60       0x48 CMakeFiles/pico-wifi-example.dir/home/hoagson/pico/pico-sdk/lib/lwip/src/core/udp.c.obj
                0x1000bc60                udp_sendto_if
 .text.udp_sendto
                0x1000bca8       0x78 CMakeFiles/pico-wifi-example.dir/home/hoagson/pico/pico-sdk/lib/lwip/src/core/udp.c.obj
                0x1000bca8                udp_sendto
 .text.udp_connect
                0x1000bd20       0x60 CMakeFiles/pico-wifi-example.dir/home/hoagson/pico/pico-sdk/lib/lwip/src/core/udp.c.obj
                0x1000bd20                udp_connect
 .text.udp_recv
                0x1000bd80        0xc CMakeFiles/pico-wifi-example.dir/home/hoagson/pico/pico-sdk/lib/lwip/src/core/udp.c.obj
                0x1000bd80                udp_recv
 .text.udp_remove
                0x1000bd8c       0x3c CMakeFiles/pico-wifi-example.dir/home/hoagson/pico/pico-sdk/lib/lwip/src/core/udp.c.obj
                0x1000bd8c                udp_remove
 .text.udp_new  0x1000bdc8       0x1c CMakeFiles/pico-wifi-example.dir/home/hoagson/pico/pico-sdk/lib/lwip/src/core/udp.c.obj
                0x1000bdc8                udp_new
 .text.udp_netif_ip_addr_changed
                0x1000bde4       0x40 CMakeFiles/pico-wifi-example.dir/home/hoagson/pico/pico-sdk/lib/lwip/src/core/udp.c.obj
                0x1000bde4                udp_netif_ip_addr_changed
 .text.dhcp_create_msg
                0x1000be24      0x164 CMakeFiles/pico-wifi-example.dir/home/hoagson/pico/pico-sdk/lib/lwip/src/core/ipv4/dhcp.c.obj
 .text.dhcp_inc_pcb_refcount
                0x1000bf88       0x6c CMakeFiles/pico-wifi-example.dir/home/hoagson/pico/pico-sdk/lib/lwip/src/core/ipv4/dhcp.c.obj
 .text.dhcp_bind
                0x1000bff4      0x138 CMakeFiles/pico-wifi-example.dir/home/hoagson/pico/pico-sdk/lib/lwip/src/core/ipv4/dhcp.c.obj
 .text.dhcp_option_hostname.isra.0
                0x1000c12c       0x84 CMakeFiles/pico-wifi-example.dir/home/hoagson/pico/pico-sdk/lib/lwip/src/core/ipv4/dhcp.c.obj
 .text.dhcp_handle_ack.isra.0
                0x1000c1b0       0xcc CMakeFiles/pico-wifi-example.dir/home/hoagson/pico/pico-sdk/lib/lwip/src/core/ipv4/dhcp.c.obj
 .text.dhcp_reboot.isra.0
                0x1000c27c      0x178 CMakeFiles/pico-wifi-example.dir/home/hoagson/pico/pico-sdk/lib/lwip/src/core/ipv4/dhcp.c.obj
 .text.dhcp_discover
                0x1000c3f4      0x140 CMakeFiles/pico-wifi-example.dir/home/hoagson/pico/pico-sdk/lib/lwip/src/core/ipv4/dhcp.c.obj
 .text.dhcp_select.isra.0
                0x1000c534      0x1e0 CMakeFiles/pico-wifi-example.dir/home/hoagson/pico/pico-sdk/lib/lwip/src/core/ipv4/dhcp.c.obj
 .text.dhcp_recv
                0x1000c714      0x47c CMakeFiles/pico-wifi-example.dir/home/hoagson/pico/pico-sdk/lib/lwip/src/core/ipv4/dhcp.c.obj
 .text.dhcp_set_struct
                0x1000cb90       0x44 CMakeFiles/pico-wifi-example.dir/home/hoagson/pico/pico-sdk/lib/lwip/src/core/ipv4/dhcp.c.obj
                0x1000cb90                dhcp_set_struct
 .text.dhcp_network_changed_link_up
                0x1000cbd4       0x40 CMakeFiles/pico-wifi-example.dir/home/hoagson/pico/pico-sdk/lib/lwip/src/core/ipv4/dhcp.c.obj
                0x1000cbd4                dhcp_network_changed_link_up
 .text.dhcp_renew
                0x1000cc14      0x138 CMakeFiles/pico-wifi-example.dir/home/hoagson/pico/pico-sdk/lib/lwip/src/core/ipv4/dhcp.c.obj
                0x1000cc14                dhcp_renew
 .text.dhcp_release_and_stop
                0x1000cd4c      0x158 CMakeFiles/pico-wifi-example.dir/home/hoagson/pico/pico-sdk/lib/lwip/src/core/ipv4/dhcp.c.obj
                0x1000cd4c                dhcp_release_and_stop
 .text.dhcp_start
                0x1000cea4       0xb0 CMakeFiles/pico-wifi-example.dir/home/hoagson/pico/pico-sdk/lib/lwip/src/core/ipv4/dhcp.c.obj
                0x1000cea4                dhcp_start
 .text.dhcp_coarse_tmr
                0x1000cf54      0x1d8 CMakeFiles/pico-wifi-example.dir/home/hoagson/pico/pico-sdk/lib/lwip/src/core/ipv4/dhcp.c.obj
                0x1000cf54                dhcp_coarse_tmr
 .text.dhcp_fine_tmr
                0x1000d12c       0x78 CMakeFiles/pico-wifi-example.dir/home/hoagson/pico/pico-sdk/lib/lwip/src/core/ipv4/dhcp.c.obj
                0x1000d12c                dhcp_fine_tmr
 .text.dhcp_stop
                0x1000d1a4      0x158 CMakeFiles/pico-wifi-example.dir/home/hoagson/pico/pico-sdk/lib/lwip/src/core/ipv4/dhcp.c.obj
                0x1000d1a4                dhcp_stop
 .text.etharp_find_entry
                0x1000d2fc      0x3c0 CMakeFiles/pico-wifi-example.dir/home/hoagson/pico/pico-sdk/lib/lwip/src/core/ipv4/etharp.c.obj
 .text.etharp_raw
                0x1000d6bc       0xec CMakeFiles/pico-wifi-example.dir/home/hoagson/pico/pico-sdk/lib/lwip/src/core/ipv4/etharp.c.obj
 .text.etharp_output_to_arp_index
                0x1000d7a8       0xd0 CMakeFiles/pico-wifi-example.dir/home/hoagson/pico/pico-sdk/lib/lwip/src/core/ipv4/etharp.c.obj
 .text.etharp_tmr
                0x1000d878       0x94 CMakeFiles/pico-wifi-example.dir/home/hoagson/pico/pico-sdk/lib/lwip/src/core/ipv4/etharp.c.obj
                0x1000d878                etharp_tmr
 .text.etharp_cleanup_netif
                0x1000d90c      0x188 CMakeFiles/pico-wifi-example.dir/home/hoagson/pico/pico-sdk/lib/lwip/src/core/ipv4/etharp.c.obj
                0x1000d90c                etharp_cleanup_netif
 .text.etharp_input
                0x1000da94      0x1b8 CMakeFiles/pico-wifi-example.dir/home/hoagson/pico/pico-sdk/lib/lwip/src/core/ipv4/etharp.c.obj
                0x1000da94                etharp_input
 .text.etharp_query
                0x1000dc4c      0x1b8 CMakeFiles/pico-wifi-example.dir/home/hoagson/pico/pico-sdk/lib/lwip/src/core/ipv4/etharp.c.obj
                0x1000dc4c                etharp_query
 .text.etharp_output
                0x1000de04      0x24c CMakeFiles/pico-wifi-example.dir/home/hoagson/pico/pico-sdk/lib/lwip/src/core/ipv4/etharp.c.obj
                0x1000de04                etharp_output
 .text.etharp_request
                0x1000e050       0x2c CMakeFiles/pico-wifi-example.dir/home/hoagson/pico/pico-sdk/lib/lwip/src/core/ipv4/etharp.c.obj
                0x1000e050                etharp_request
 .text.icmp_input
                0x1000e07c      0x1ec CMakeFiles/pico-wifi-example.dir/home/hoagson/pico/pico-sdk/lib/lwip/src/core/ipv4/icmp.c.obj
                0x1000e07c                icmp_input
 .text.icmp_dest_unreach
                0x1000e268       0xcc CMakeFiles/pico-wifi-example.dir/home/hoagson/pico/pico-sdk/lib/lwip/src/core/ipv4/icmp.c.obj
                0x1000e268                icmp_dest_unreach
 .text.icmp_time_exceeded
                0x1000e334       0xcc CMakeFiles/pico-wifi-example.dir/home/hoagson/pico/pico-sdk/lib/lwip/src/core/ipv4/icmp.c.obj
                0x1000e334                icmp_time_exceeded
 .text.ip_reass_free_complete_datagram
                0x1000e400      0x11c CMakeFiles/pico-wifi-example.dir/home/hoagson/pico/pico-sdk/lib/lwip/src/core/ipv4/ip4_frag.c.obj
 .text.ip_reass_remove_oldest_datagram
                0x1000e51c       0xd8 CMakeFiles/pico-wifi-example.dir/home/hoagson/pico/pico-sdk/lib/lwip/src/core/ipv4/ip4_frag.c.obj
 .text.ip_reass_tmr
                0x1000e5f4       0x30 CMakeFiles/pico-wifi-example.dir/home/hoagson/pico/pico-sdk/lib/lwip/src/core/ipv4/ip4_frag.c.obj
                0x1000e5f4                ip_reass_tmr
 .text.ip4_reass
                0x1000e624      0x560 CMakeFiles/pico-wifi-example.dir/home/hoagson/pico/pico-sdk/lib/lwip/src/core/ipv4/ip4_frag.c.obj
                0x1000e624                ip4_reass
 .text.ip4_frag
                0x1000eb84      0x254 CMakeFiles/pico-wifi-example.dir/home/hoagson/pico/pico-sdk/lib/lwip/src/core/ipv4/ip4_frag.c.obj
                0x1000eb84                ip4_frag
 .text.ip4_route
                0x1000edd8       0x7c CMakeFiles/pico-wifi-example.dir/home/hoagson/pico/pico-sdk/lib/lwip/src/core/ipv4/ip4.c.obj
                0x1000edd8                ip4_route
 .text.ip4_input
                0x1000ee54      0x300 CMakeFiles/pico-wifi-example.dir/home/hoagson/pico/pico-sdk/lib/lwip/src/core/ipv4/ip4.c.obj
                0x1000ee54                ip4_input
 .text.ip4_output_if
                0x1000f154      0x190 CMakeFiles/pico-wifi-example.dir/home/hoagson/pico/pico-sdk/lib/lwip/src/core/ipv4/ip4.c.obj
                0x1000f154                ip4_output_if
 .text.ip4_output_if_src
                0x1000f2e4      0x184 CMakeFiles/pico-wifi-example.dir/home/hoagson/pico/pico-sdk/lib/lwip/src/core/ipv4/ip4.c.obj
                0x1000f2e4                ip4_output_if_src
 .text.ip4_addr_isbroadcast_u32
                0x1000f468       0x3c CMakeFiles/pico-wifi-example.dir/home/hoagson/pico/pico-sdk/lib/lwip/src/core/ipv4/ip4_addr.c.obj
                0x1000f468                ip4_addr_isbroadcast_u32
 .text.ip4addr_ntoa
                0x1000f4a4       0xec CMakeFiles/pico-wifi-example.dir/home/hoagson/pico/pico-sdk/lib/lwip/src/core/ipv4/ip4_addr.c.obj
                0x1000f4a4                ip4addr_ntoa
 .text.ethernet_input
                0x1000f590       0xd0 CMakeFiles/pico-wifi-example.dir/home/hoagson/pico/pico-sdk/lib/lwip/src/netif/ethernet.c.obj
                0x1000f590                ethernet_input
 .text.ethernet_output
                0x1000f660       0x6c CMakeFiles/pico-wifi-example.dir/home/hoagson/pico/pico-sdk/lib/lwip/src/netif/ethernet.c.obj
                0x1000f660                ethernet_output
 .text.cyw43_arch_set_async_context
                0x1000f6cc        0xc CMakeFiles/pico-wifi-example.dir/home/hoagson/pico/pico-sdk/src/rp2_common/pico_cyw43_arch/cyw43_arch.c.obj
                0x1000f6cc                cyw43_arch_set_async_context
 .text.cyw43_arch_enable_sta_mode
                0x1000f6d8       0x1c CMakeFiles/pico-wifi-example.dir/home/hoagson/pico/pico-sdk/src/rp2_common/pico_cyw43_arch/cyw43_arch.c.obj
                0x1000f6d8                cyw43_arch_enable_sta_mode
 .text.cyw43_arch_wifi_connect_async
                0x1000f6f4       0x4c CMakeFiles/pico-wifi-example.dir/home/hoagson/pico/pico-sdk/src/rp2_common/pico_cyw43_arch/cyw43_arch.c.obj
                0x1000f6f4                cyw43_arch_wifi_connect_async
 .text.cyw43_arch_init_with_country
                0x1000f740       0x10 CMakeFiles/pico-wifi-example.dir/home/hoagson/pico/pico-sdk/src/rp2_common/pico_cyw43_arch/cyw43_arch.c.obj
                0x1000f740                cyw43_arch_init_with_country
 .text.cyw43_arch_gpio_put
                0x1000f750       0x14 CMakeFiles/pico-wifi-example.dir/home/hoagson/pico/pico-sdk/src/rp2_common/pico_cyw43_arch/cyw43_arch.c.obj
                0x1000f750                cyw43_arch_gpio_put
 .text.cyw43_arch_async_context
                0x1000f764        0xc CMakeFiles/pico-wifi-example.dir/home/hoagson/pico/pico-sdk/src/rp2_common/pico_cyw43_arch/cyw43_arch.c.obj
                0x1000f764                cyw43_arch_async_context
 .text.cyw43_arch_init
                0x1000f770       0x74 CMakeFiles/pico-wifi-example.dir/home/hoagson/pico/pico-sdk/src/rp2_common/pico_cyw43_arch/cyw43_arch_threadsafe_background.c.obj
                0x1000f770                cyw43_arch_init
 .text.ns_delay.constprop.0
                0x1000f7e4       0x20 CMakeFiles/pico-wifi-example.dir/home/hoagson/pico/pico-sdk/src/rp2_common/pico_cyw43_driver/cyw43_bus_pio_spi.c.obj
 .text.cyw43_spi_deinit
                0x1000f804       0x7c CMakeFiles/pico-wifi-example.dir/home/hoagson/pico/pico-sdk/src/rp2_common/pico_cyw43_driver/cyw43_bus_pio_spi.c.obj
                0x1000f804                cyw43_spi_deinit
 .text.cyw43_spi_init
                0x1000f880      0x134 CMakeFiles/pico-wifi-example.dir/home/hoagson/pico/pico-sdk/src/rp2_common/pico_cyw43_driver/cyw43_bus_pio_spi.c.obj
                0x1000f880                cyw43_spi_init
 .text.cyw43_spi_transfer
                0x1000f9b4      0x3f0 CMakeFiles/pico-wifi-example.dir/home/hoagson/pico/pico-sdk/src/rp2_common/pico_cyw43_driver/cyw43_bus_pio_spi.c.obj
                0x1000f9b4                cyw43_spi_transfer
 .text.cyw43_spi_gpio_setup
                0x1000fda4       0x3c CMakeFiles/pico-wifi-example.dir/home/hoagson/pico/pico-sdk/src/rp2_common/pico_cyw43_driver/cyw43_bus_pio_spi.c.obj
                0x1000fda4                cyw43_spi_gpio_setup
 .text.cyw43_spi_reset
                0x1000fde0       0x28 CMakeFiles/pico-wifi-example.dir/home/hoagson/pico/pico-sdk/src/rp2_common/pico_cyw43_driver/cyw43_bus_pio_spi.c.obj
                0x1000fde0                cyw43_spi_reset
 .text.read_reg_u32_swap
                0x1000fe08       0x3c CMakeFiles/pico-wifi-example.dir/home/hoagson/pico/pico-sdk/src/rp2_common/pico_cyw43_driver/cyw43_bus_pio_spi.c.obj
                0x1000fe08                read_reg_u32_swap
 .text.cyw43_read_reg_u32
                0x1000fe44       0x50 CMakeFiles/pico-wifi-example.dir/home/hoagson/pico/pico-sdk/src/rp2_common/pico_cyw43_driver/cyw43_bus_pio_spi.c.obj
                0x1000fe44                cyw43_read_reg_u32
 .text.cyw43_read_reg_u16
                0x1000fe94       0x50 CMakeFiles/pico-wifi-example.dir/home/hoagson/pico/pico-sdk/src/rp2_common/pico_cyw43_driver/cyw43_bus_pio_spi.c.obj
                0x1000fe94                cyw43_read_reg_u16
 .text.cyw43_read_reg_u8
                0x1000fee4       0x50 CMakeFiles/pico-wifi-example.dir/home/hoagson/pico/pico-sdk/src/rp2_common/pico_cyw43_driver/cyw43_bus_pio_spi.c.obj
                0x1000fee4                cyw43_read_reg_u8
 .text.write_reg_u32_swap
                0x1000ff34      0x1e8 CMakeFiles/pico-wifi-example.dir/home/hoagson/pico/pico-sdk/src/rp2_common/pico_cyw43_driver/cyw43_bus_pio_spi.c.obj
                0x1000ff34                write_reg_u32_swap
 .text.cyw43_write_reg_u32
                0x1001011c      0x208 CMakeFiles/pico-wifi-example.dir/home/hoagson/pico/pico-sdk/src/rp2_common/pico_cyw43_driver/cyw43_bus_pio_spi.c.obj
                0x1001011c                cyw43_write_reg_u32
 .text.cyw43_write_reg_u16
                0x10010324      0x208 CMakeFiles/pico-wifi-example.dir/home/hoagson/pico/pico-sdk/src/rp2_common/pico_cyw43_driver/cyw43_bus_pio_spi.c.obj
                0x10010324                cyw43_write_reg_u16
 .text.cyw43_write_reg_u8
                0x1001052c      0x208 CMakeFiles/pico-wifi-example.dir/home/hoagson/pico/pico-sdk/src/rp2_common/pico_cyw43_driver/cyw43_bus_pio_spi.c.obj
                0x1001052c                cyw43_write_reg_u8
 .text.cyw43_read_bytes
                0x10010734       0x78 CMakeFiles/pico-wifi-example.dir/home/hoagson/pico/pico-sdk/src/rp2_common/pico_cyw43_driver/cyw43_bus_pio_spi.c.obj
                0x10010734                cyw43_read_bytes
 .text.cyw43_write_bytes
                0x100107ac       0xc0 CMakeFiles/pico-wifi-example.dir/home/hoagson/pico/pico-sdk/src/rp2_common/pico_cyw43_driver/cyw43_bus_pio_spi.c.obj
                0x100107ac                cyw43_write_bytes
 .text.cyw43_set_backplane_window
                0x1001086c       0x68 CMakeFiles/pico-wifi-example.dir/home/hoagson/pico/pico-sdk/lib/cyw43-driver/src/cyw43_ll.c.obj
 .text.cyw43_ll_parse_async_event
                0x100108d4      0x134 CMakeFiles/pico-wifi-example.dir/home/hoagson/pico/pico-sdk/lib/cyw43-driver/src/cyw43_ll.c.obj
 .text.cyw43_kso_set
                0x10010a08       0x80 CMakeFiles/pico-wifi-example.dir/home/hoagson/pico/pico-sdk/lib/cyw43-driver/src/cyw43_ll.c.obj
 .text.cyw43_ll_sdpcm_poll_device
                0x10010a88      0x238 CMakeFiles/pico-wifi-example.dir/home/hoagson/pico/pico-sdk/lib/cyw43-driver/src/cyw43_ll.c.obj
 .text.cyw43_sdpcm_send_common
                0x10010cc0       0xfc CMakeFiles/pico-wifi-example.dir/home/hoagson/pico/pico-sdk/lib/cyw43-driver/src/cyw43_ll.c.obj
 .text.cyw43_do_ioctl.part.0
                0x10010dbc       0xc4 CMakeFiles/pico-wifi-example.dir/home/hoagson/pico/pico-sdk/lib/cyw43-driver/src/cyw43_ll.c.obj
 .text.cyw43_download_resource
                0x10010e80       0xd0 CMakeFiles/pico-wifi-example.dir/home/hoagson/pico/pico-sdk/lib/cyw43-driver/src/cyw43_ll.c.obj
 .text.cyw43_write_iovar_u32.constprop.0
                0x10010f50       0x98 CMakeFiles/pico-wifi-example.dir/home/hoagson/pico/pico-sdk/lib/cyw43-driver/src/cyw43_ll.c.obj
 .text.cyw43_write_iovar_n
                0x10010fe8       0x8c CMakeFiles/pico-wifi-example.dir/home/hoagson/pico/pico-sdk/lib/cyw43-driver/src/cyw43_ll.c.obj
 .text.cyw43_write_iovar_u32_u32.constprop.0
                0x10011074       0xac CMakeFiles/pico-wifi-example.dir/home/hoagson/pico/pico-sdk/lib/cyw43-driver/src/cyw43_ll.c.obj
 .text.cyw43_read_backplane.constprop.0
                0x10011120       0xe4 CMakeFiles/pico-wifi-example.dir/home/hoagson/pico/pico-sdk/lib/cyw43-driver/src/cyw43_ll.c.obj
 .text.cyw43_write_backplane
                0x10011204      0x10c CMakeFiles/pico-wifi-example.dir/home/hoagson/pico/pico-sdk/lib/cyw43-driver/src/cyw43_ll.c.obj
 .text.reset_device_core.constprop.0
                0x10011310      0x410 CMakeFiles/pico-wifi-example.dir/home/hoagson/pico/pico-sdk/lib/cyw43-driver/src/cyw43_ll.c.obj
 .text.cyw43_ll_init
                0x10011720       0x1c CMakeFiles/pico-wifi-example.dir/home/hoagson/pico/pico-sdk/lib/cyw43-driver/src/cyw43_ll.c.obj
                0x10011720                cyw43_ll_init
 .text.cyw43_ll_deinit
                0x1001173c        0x8 CMakeFiles/pico-wifi-example.dir/home/hoagson/pico/pico-sdk/lib/cyw43-driver/src/cyw43_ll.c.obj
                0x1001173c                cyw43_ll_deinit
 .text.cyw43_ll_send_ethernet
                0x10011744       0x60 CMakeFiles/pico-wifi-example.dir/home/hoagson/pico/pico-sdk/lib/cyw43-driver/src/cyw43_ll.c.obj
                0x10011744                cyw43_ll_send_ethernet
 .text.cyw43_ll_process_packets
                0x100117a4       0x54 CMakeFiles/pico-wifi-example.dir/home/hoagson/pico/pico-sdk/lib/cyw43-driver/src/cyw43_ll.c.obj
                0x100117a4                cyw43_ll_process_packets
 .text.cyw43_ll_ioctl
                0x100117f8       0x80 CMakeFiles/pico-wifi-example.dir/home/hoagson/pico/pico-sdk/lib/cyw43-driver/src/cyw43_ll.c.obj
                0x100117f8                cyw43_ll_ioctl
 .text.cyw43_ll_bus_sleep
                0x10011878       0x34 CMakeFiles/pico-wifi-example.dir/home/hoagson/pico/pico-sdk/lib/cyw43-driver/src/cyw43_ll.c.obj
                0x10011878                cyw43_ll_bus_sleep
 .text.cyw43_ll_wifi_on
                0x100118ac      0x1f8 CMakeFiles/pico-wifi-example.dir/home/hoagson/pico/pico-sdk/lib/cyw43-driver/src/cyw43_ll.c.obj
                0x100118ac                cyw43_ll_wifi_on
 .text.cyw43_ll_wifi_get_mac
                0x10011aa4       0x74 CMakeFiles/pico-wifi-example.dir/home/hoagson/pico/pico-sdk/lib/cyw43-driver/src/cyw43_ll.c.obj
                0x10011aa4                cyw43_ll_wifi_get_mac
 .text.cyw43_ll_bus_init
                0x10011b18      0x920 CMakeFiles/pico-wifi-example.dir/home/hoagson/pico/pico-sdk/lib/cyw43-driver/src/cyw43_ll.c.obj
                0x10011b18                cyw43_ll_bus_init
 .text.cyw43_ll_wifi_pm
                0x10012438      0x11c CMakeFiles/pico-wifi-example.dir/home/hoagson/pico/pico-sdk/lib/cyw43-driver/src/cyw43_ll.c.obj
                0x10012438                cyw43_ll_wifi_pm
 .text.cyw43_ll_wifi_join
                0x10012554      0x4bc CMakeFiles/pico-wifi-example.dir/home/hoagson/pico/pico-sdk/lib/cyw43-driver/src/cyw43_ll.c.obj
                0x10012554                cyw43_ll_wifi_join
 .text.cyw43_ll_wifi_set_wpa_auth
                0x10012a10       0x4c CMakeFiles/pico-wifi-example.dir/home/hoagson/pico/pico-sdk/lib/cyw43-driver/src/cyw43_ll.c.obj
                0x10012a10                cyw43_ll_wifi_set_wpa_auth
 .text.cyw43_ll_wifi_rejoin
                0x10012a5c       0x58 CMakeFiles/pico-wifi-example.dir/home/hoagson/pico/pico-sdk/lib/cyw43-driver/src/cyw43_ll.c.obj
                0x10012a5c                cyw43_ll_wifi_rejoin
 .text.cyw43_ll_wifi_ap_init
                0x10012ab4      0x4dc CMakeFiles/pico-wifi-example.dir/home/hoagson/pico/pico-sdk/lib/cyw43-driver/src/cyw43_ll.c.obj
                0x10012ab4                cyw43_ll_wifi_ap_init
 .text.cyw43_ll_wifi_ap_set_up
                0x10012f90       0x74 CMakeFiles/pico-wifi-example.dir/home/hoagson/pico/pico-sdk/lib/cyw43-driver/src/cyw43_ll.c.obj
                0x10012f90                cyw43_ll_wifi_ap_set_up
 .text.cyw43_ll_gpio_set
                0x10013004       0x94 CMakeFiles/pico-wifi-example.dir/home/hoagson/pico/pico-sdk/lib/cyw43-driver/src/cyw43_ll.c.obj
                0x10013004                cyw43_ll_gpio_set
 .text.cyw43_ll_has_work
                0x10013098       0x14 CMakeFiles/pico-wifi-example.dir/home/hoagson/pico/pico-sdk/lib/cyw43-driver/src/cyw43_ll.c.obj
                0x10013098                cyw43_ll_has_work
 .text.cyw43_netif_init
                0x100130ac       0x3c CMakeFiles/pico-wifi-example.dir/home/hoagson/pico/pico-sdk/lib/cyw43-driver/src/cyw43_lwip.c.obj
 .text.cyw43_netif_output
                0x100130e8       0x34 CMakeFiles/pico-wifi-example.dir/home/hoagson/pico/pico-sdk/lib/cyw43-driver/src/cyw43_lwip.c.obj
 .text.cyw43_cb_tcpip_init
                0x1001311c       0xf0 CMakeFiles/pico-wifi-example.dir/home/hoagson/pico/pico-sdk/lib/cyw43-driver/src/cyw43_lwip.c.obj
                0x1001311c                cyw43_cb_tcpip_init
 .text.cyw43_cb_tcpip_deinit
                0x1001320c       0x4c CMakeFiles/pico-wifi-example.dir/home/hoagson/pico/pico-sdk/lib/cyw43-driver/src/cyw43_lwip.c.obj
                0x1001320c                cyw43_cb_tcpip_deinit
 .text.cyw43_cb_process_ethernet
                0x10013258       0x6c CMakeFiles/pico-wifi-example.dir/home/hoagson/pico/pico-sdk/lib/cyw43-driver/src/cyw43_lwip.c.obj
                0x10013258                cyw43_cb_process_ethernet
 .text.cyw43_cb_tcpip_set_link_up
                0x100132c4       0x18 CMakeFiles/pico-wifi-example.dir/home/hoagson/pico/pico-sdk/lib/cyw43-driver/src/cyw43_lwip.c.obj
                0x100132c4                cyw43_cb_tcpip_set_link_up
 .text.cyw43_cb_tcpip_set_link_down
                0x100132dc       0x18 CMakeFiles/pico-wifi-example.dir/home/hoagson/pico/pico-sdk/lib/cyw43-driver/src/cyw43_lwip.c.obj
                0x100132dc                cyw43_cb_tcpip_set_link_down
 .text.cyw43_tcpip_link_status
                0x100132f4       0x34 CMakeFiles/pico-wifi-example.dir/home/hoagson/pico/pico-sdk/lib/cyw43-driver/src/cyw43_lwip.c.obj
                0x100132f4                cyw43_tcpip_link_status
 .text.cyw43_poll_func
                0x10013328       0xc0 CMakeFiles/pico-wifi-example.dir/home/hoagson/pico/pico-sdk/lib/cyw43-driver/src/cyw43_ctrl.c.obj
 .text.cyw43_init
                0x100133e8       0x6c CMakeFiles/pico-wifi-example.dir/home/hoagson/pico/pico-sdk/lib/cyw43-driver/src/cyw43_ctrl.c.obj
                0x100133e8                cyw43_init
 .text.cyw43_deinit
                0x10013454       0x90 CMakeFiles/pico-wifi-example.dir/home/hoagson/pico/pico-sdk/lib/cyw43-driver/src/cyw43_ctrl.c.obj
                0x10013454                cyw43_deinit
 .text.cyw43_cb_read_host_interrupt_pin
                0x100134e4        0xc CMakeFiles/pico-wifi-example.dir/home/hoagson/pico/pico-sdk/lib/cyw43-driver/src/cyw43_ctrl.c.obj
                0x100134e4                cyw43_cb_read_host_interrupt_pin
 .text.cyw43_cb_ensure_awake
                0x100134f0        0xc CMakeFiles/pico-wifi-example.dir/home/hoagson/pico/pico-sdk/lib/cyw43-driver/src/cyw43_ctrl.c.obj
                0x100134f0                cyw43_cb_ensure_awake
 .text.cyw43_cb_process_async_event
                0x100134fc      0x214 CMakeFiles/pico-wifi-example.dir/home/hoagson/pico/pico-sdk/lib/cyw43-driver/src/cyw43_ctrl.c.obj
                0x100134fc                cyw43_cb_process_async_event
 .text.cyw43_send_ethernet
                0x10013710       0xc0 CMakeFiles/pico-wifi-example.dir/home/hoagson/pico/pico-sdk/lib/cyw43-driver/src/cyw43_ctrl.c.obj
                0x10013710                cyw43_send_ethernet
 .text.cyw43_wifi_get_mac
                0x100137d0       0x10 CMakeFiles/pico-wifi-example.dir/home/hoagson/pico/pico-sdk/lib/cyw43-driver/src/cyw43_ctrl.c.obj
                0x100137d0                cyw43_wifi_get_mac
 .text.cyw43_wifi_set_up
                0x100137e0      0x348 CMakeFiles/pico-wifi-example.dir/home/hoagson/pico/pico-sdk/lib/cyw43-driver/src/cyw43_ctrl.c.obj
                0x100137e0                cyw43_wifi_set_up
 .text.cyw43_wifi_link_status
                0x10013b28       0x40 CMakeFiles/pico-wifi-example.dir/home/hoagson/pico/pico-sdk/lib/cyw43-driver/src/cyw43_ctrl.c.obj
                0x10013b28                cyw43_wifi_link_status
 .text.cyw43_wifi_join
                0x10013b68       0xf4 CMakeFiles/pico-wifi-example.dir/home/hoagson/pico/pico-sdk/lib/cyw43-driver/src/cyw43_ctrl.c.obj
                0x10013b68                cyw43_wifi_join
 .text.cyw43_wifi_get_rssi
                0x10013c5c       0xb4 CMakeFiles/pico-wifi-example.dir/home/hoagson/pico/pico-sdk/lib/cyw43-driver/src/cyw43_ctrl.c.obj
                0x10013c5c                cyw43_wifi_get_rssi
 .text.cyw43_gpio_set
                0x10013d10       0xa0 CMakeFiles/pico-wifi-example.dir/home/hoagson/pico/pico-sdk/lib/cyw43-driver/src/cyw43_ctrl.c.obj
                0x10013d10                cyw43_gpio_set
 .text.pio_sm_unclaim
                0x10013db0       0x20 CMakeFiles/pico-wifi-example.dir/home/hoagson/pico/pico-sdk/src/rp2_common/hardware_pio/pio.c.obj
                0x10013db0                pio_sm_unclaim
 .text.pio_claim_unused_sm
                0x10013dd0       0x38 CMakeFiles/pico-wifi-example.dir/home/hoagson/pico/pico-sdk/src/rp2_common/hardware_pio/pio.c.obj
                0x10013dd0                pio_claim_unused_sm
 .text.pio_can_add_program
                0x10013e08       0x90 CMakeFiles/pico-wifi-example.dir/home/hoagson/pico/pico-sdk/src/rp2_common/hardware_pio/pio.c.obj