Archive member included to satisfy reference by file (symbol)

/usr/lib/gcc/arm-none-eabi/13.2.1/thumb/v6-m/nofp/libgcc.a(_dvmd_tls.o)
                              CMakeFiles/project-template.dir/home/hoagson/pico/pico-sdk/src/rp2_common/pico_divider/divider_hardware.S.obj (__aeabi_idiv0)
/usr/lib/gcc/arm-none-eabi/13.2.1/../../../arm-none-eabi/lib/thumb/v6-m/nofp/libg.a(libc_a-calloc.o)
                              CMakeFiles/project-template.dir/home/hoagson/pico/pico-sdk/src/rp2_common/pico_malloc/malloc.c.obj (calloc)
/usr/lib/gcc/arm-none-eabi/13.2.1/../../../arm-none-eabi/lib/thumb/v6-m/nofp/libg.a(libc_a-impure.o)
                              /usr/lib/gcc/arm-none-eabi/13.2.1/../../../arm-none-eabi/lib/thumb/v6-m/nofp/libg.a(libc_a-calloc.o) (_impure_ptr)
/usr/lib/gcc/arm-none-eabi/13.2.1/../../../arm-none-eabi/lib/thumb/v6-m/nofp/libg.a(libc_a-callocr.o)
                              /usr/lib/gcc/arm-none-eabi/13.2.1/../../../arm-none-eabi/lib/thumb/v6-m/nofp/libg.a(libc_a-calloc.o) (_calloc_r)
/usr/lib/gcc/arm-none-eabi/13.2.1/../../../arm-none-eabi/lib/thumb/v6-m/nofp/libg.a(libc_a-realloc.o)
                              CMakeFiles/project-template.dir/home/hoagson/pico/pico-sdk/src/rp2_common/pico_malloc/malloc.c.obj (realloc)
/usr/lib/gcc/arm-none-eabi/13.2.1/../../../arm-none-eabi/lib/thumb/v6-m/nofp/libg.a(libc_a-mallocr.o)
                              /usr/lib/gcc/arm-none-eabi/13.2.1/../../../arm-none-eabi/lib/thumb/v6-m/nofp/libg.a(libc_a-callocr.o) (_malloc_r)
/usr/lib/gcc/arm-none-eabi/13.2.1/../../../arm-none-eabi/lib/thumb/v6-m/nofp/libg.a(libc_a-freer.o)
                              /usr/lib/gcc/arm-none-eabi/13.2.1/../../../arm-none-eabi/lib/thumb/v6-m/nofp/libg.a(libc_a-mallocr.o) (_free_r)
/usr/lib/gcc/arm-none-eabi/13.2.1/../../../arm-none-eabi/lib/thumb/v6-m/nofp/libg.a(libc_a-memcmp.o)
                              CMakeFiles/project-template.dir/home/hoagson/pico/pico-sdk/src/rp2_common/pico_atomic/atomic.c.obj (memcmp)
/usr/lib/gcc/arm-none-eabi/13.2.1/../../../arm-none-eabi/lib/thumb/v6-m/nofp/libg.a(libc_a-malloc.o)
                              CMakeFiles/project-template.dir/home/hoagson/pico/pico-sdk/src/rp2_common/pico_malloc/malloc.c.obj (malloc)
/usr/lib/gcc/arm-none-eabi/13.2.1/../../../arm-none-eabi/lib/thumb/v6-m/nofp/libg.a(libc_a-sysconf.o)
                              /usr/lib/gcc/arm-none-eabi/13.2.1/../../../arm-none-eabi/lib/thumb/v6-m/nofp/libg.a(libc_a-mallocr.o) (sysconf)
/usr/lib/gcc/arm-none-eabi/13.2.1/../../../arm-none-eabi/lib/thumb/v6-m/nofp/libg.a(libc_a-init.o)
                              /usr/lib/gcc/arm-none-eabi/13.2.1/../../../arm-none-eabi/lib/thumb/v6-m/nofp/crt0.o (__libc_init_array)
/usr/lib/gcc/arm-none-eabi/13.2.1/../../../arm-none-eabi/lib/thumb/v6-m/nofp/libg.a(libc_a-reallocr.o)
                              /usr/lib/gcc/arm-none-eabi/13.2.1/../../../arm-none-eabi/lib/thumb/v6-m/nofp/libg.a(libc_a-realloc.o) (_realloc_r)
/usr/lib/gcc/arm-none-eabi/13.2.1/../../../arm-none-eabi/lib/thumb/v6-m/nofp/libg.a(libc_a-mktime.o)
                              CMakeFiles/project-template.dir/home/hoagson/pico/pico-sdk/src/common/pico_util/datetime.c.obj (mktime)
/usr/lib/gcc/arm-none-eabi/13.2.1/../../../arm-none-eabi/lib/thumb/v6-m/nofp/libg.a(libc_a-mlock.o)
                              /usr/lib/gcc/arm-none-eabi/13.2.1/../../../arm-none-eabi/lib/thumb/v6-m/nofp/libg.a(libc_a-mallocr.o) (__malloc_lock)
/usr/lib/gcc/arm-none-eabi/13.2.1/../../../arm-none-eabi/lib/thumb/v6-m/nofp/libg.a(libc_a-findfp.o)
                              /usr/lib/gcc/arm-none-eabi/13.2.1/../../../arm-none-eabi/lib/thumb/v6-m/nofp/libg.a(libc_a-impure.o) (__sf)
/usr/lib/gcc/arm-none-eabi/13.2.1/../../../arm-none-eabi/lib/thumb/v6-m/nofp/libg.a(libc_a-tzlock.o)
                              /usr/lib/gcc/arm-none-eabi/13.2.1/../../../arm-none-eabi/lib/thumb/v6-m/nofp/libg.a(libc_a-mktime.o) (__tz_lock)
/usr/lib/gcc/arm-none-eabi/13.2.1/../../../arm-none-eabi/lib/thumb/v6-m/nofp/libg.a(libc_a-atexit.o)
                              /usr/lib/gcc/arm-none-eabi/13.2.1/../../../arm-none-eabi/lib/thumb/v6-m/nofp/crt0.o (atexit)
/usr/lib/gcc/arm-none-eabi/13.2.1/../../../arm-none-eabi/lib/thumb/v6-m/nofp/libg.a(libc_a-lcltime_r.o)
                              CMakeFiles/project-template.dir/home/hoagson/pico/pico-sdk/src/common/pico_util/datetime.c.obj (localtime_r)
/usr/lib/gcc/arm-none-eabi/13.2.1/../../../arm-none-eabi/lib/thumb/v6-m/nofp/libg.a(libc_a-strlen-stub.o)
                              CMakeFiles/project-template.dir/home/hoagson/pico/pico-sdk/src/rp2_common/pico_stdio/stdio.c.obj (strlen)
/usr/lib/gcc/arm-none-eabi/13.2.1/../../../arm-none-eabi/lib/thumb/v6-m/nofp/libg.a(libc_a-sbrkr.o)
                              /usr/lib/gcc/arm-none-eabi/13.2.1/../../../arm-none-eabi/lib/thumb/v6-m/nofp/libg.a(libc_a-mallocr.o) (_sbrk_r)
/usr/lib/gcc/arm-none-eabi/13.2.1/../../../arm-none-eabi/lib/thumb/v6-m/nofp/libg.a(libc_a-fini.o)
[...]
Memory Configuration

Name             Origin             Length             Attributes
FLASH            0x10000000         0x00200000         xr
RAM              0x20000000         0x00040000         xrw
SCRATCH_X        0x20040000         0x00001000         xrw
SCRATCH_Y        0x20041000         0x00001000         xrw
*default*        0x00000000         0xffffffff

Linker script and memory map

LOAD /usr/lib/gcc/arm-none-eabi/13.2.1/thumb/v6-m/nofp/crti.o
LOAD /usr/lib/gcc/arm-none-eabi/13.2.1/thumb/v6-m/nofp/crtbegin.o
LOAD /usr/lib/gcc/arm-none-eabi/13.2.1/../../../arm-none-eabi/lib/thumb/v6-m/nofp/crt0.o

.flash_begin    0x10000000        0x0
                0x10000000                        __flash_binary_start = .

.boot2          0x10000000      0x100
                0x10000000                        __boot2_start__ = .
 *(.boot2)
 .boot2         0x10000000      0x100 /tmp/cc4whYnj.o
                0x10000100                        __boot2_end__ = .
                0x00000001                        ASSERT (((__boot2_end__ - __boot2_start__) == 0x100), ERROR: Pico second stage bootloader must be 256 bytes in size)

.text           0x10000100     0x1bf8
                0x10000100                        __logical_binary_start = .
 *(.vectors)
 .vectors       0x10000100       0xd4 CMakeFiles/project-template.dir/home/hoagson/pico/pico-sdk/src/rp2_common/pico_crt0/crt0.S.obj
                0x10000100                __vectors
                0x10000100                __VECTOR_TABLE
                0x100001c0                isr_invalid
                0x100001c0                __default_isrs_start
                0x100001c2                isr_nmi
                0x100001c4                isr_hardfault
                0x100001c6                isr_svcall
                0x100001c8                isr_pendsv
                0x100001ca                isr_systick
                0x100001cc                isr_irq30
                0x100001cc                __unhandled_user_irq
                0x100001cc                isr_irq13
                0x100001cc                isr_irq27
                0x100001cc                isr_irq31
                0x100001cc                isr_irq5
                0x100001cc                isr_irq11
                0x100001cc                isr_irq23
                0x100001cc                isr_irq18
                0x100001cc                isr_irq28
                0x100001cc                isr_irq19
                0x100001cc                isr_irq0
                0x100001cc                isr_irq6
                0x100001cc                isr_irq22
                0x100001cc                isr_irq17
                0x100001cc                isr_irq14
                0x100001cc                isr_irq2
                0x100001cc                isr_irq10
                0x100001cc                isr_irq8
                0x100001cc                isr_irq24
                0x100001cc                isr_irq1
                0x100001cc                isr_irq7
                0x100001cc                isr_irq21
                0x100001cc                isr_irq20
                0x100001cc                isr_irq15
                0x100001cc                isr_irq25
                0x100001cc                isr_irq4
                0x100001cc                isr_irq16
                0x100001cc                isr_irq29
                0x100001cc                isr_irq26
                0x100001cc                __default_isrs_end
                0x100001cc                isr_irq3
                0x100001cc                isr_irq12
                0x100001cc                isr_irq9
                0x100001d2                unhandled_user_irq_num_in_r0
 *(.binary_info_header)
 .binary_info_header
                0x100001d4       0x14 CMakeFiles/project-template.dir/home/hoagson/pico/pico-sdk/src/rp2_common/pico_crt0/crt0.S.obj
                0x100001e8                        __binary_info_header_end = .
 *(.embedded_block)
                0x100001e8                        __embedded_block_end = .
 *(.reset)
 .reset         0x100001e8       0x9c CMakeFiles/project-template.dir/home/hoagson/pico/pico-sdk/src/rp2_common/pico_crt0/crt0.S.obj
                0x100001e8                _entry_point
 *(.init)
 .init          0x10000284        0x4 /usr/lib/gcc/arm-none-eabi/13.2.1/thumb/v6-m/nofp/crti.o
                0x10000284                _init
 *(EXCLUDE_FILE(*libm.a: *libc.a:*lib_a-mem*.o *libgcc.a:) .text*)
 .text          0x10000288       0x98 /usr/lib/gcc/arm-none-eabi/13.2.1/thumb/v6-m/nofp/crtbegin.o
 .text.startup.main
                0x10000320      0x2c0 CMakeFiles/project-template.dir/main.c.obj
                0x10000320                main
 .text.gpio_set_function
                0x100005e0       0x34 CMakeFiles/project-template.dir/home/hoagson/pico/pico-sdk/src/rp2_common/hardware_gpio/gpio.c.obj
                0x100005e0                gpio_set_function
 .text.gpio_set_pulls
                0x10000614       0x28 CMakeFiles/project-template.dir/home/hoagson/pico/pico-sdk/src/rp2_common/hardware_gpio/gpio.c.obj
                0x10000614                gpio_set_pulls
 .text.gpio_set_input_enabled
                0x1000063c       0x28 CMakeFiles/project-template.dir/home/hoagson/pico/pico-sdk/src/rp2_common/hardware_gpio/gpio.c.obj
                0x1000063c                gpio_set_input_enabled
 .text.gpio_init
                0x10000664       0x40 CMakeFiles/project-template.dir/home/hoagson/pico/pico-sdk/src/rp2_common/hardware_gpio/gpio.c.obj
                0x10000664                gpio_init
 .text.panic    0x100006a4       0x30 CMakeFiles/project-template.dir/home/hoagson/pico/pico-sdk/src/rp2_common/pico_platform_panic/panic.c.obj
                0x100006a4                panic
 .text.hw_claim_or_assert
                0x100006d4       0x44 CMakeFiles/project-template.dir/home/hoagson/pico/pico-sdk/src/common/hardware_claim/claim.c.obj
                0x100006d4                hw_claim_or_assert
 .text.next_striped_spin_lock_num
                0x10000718       0x18 CMakeFiles/project-template.dir/home/hoagson/pico/pico-sdk/src/rp2_common/hardware_sync/sync.c.obj
                0x10000718                next_striped_spin_lock_num
 .text.spin_locks_reset
                0x10000730       0x1c CMakeFiles/project-template.dir/home/hoagson/pico/pico-sdk/src/rp2_common/hardware_sync_spin_lock/sync_spin_lock.c.obj
                0x10000730                spin_locks_reset
 .text.runtime_init_per_core_irq_priorities
                0x1000074c       0x24 CMakeFiles/project-template.dir/home/hoagson/pico/pico-sdk/src/rp2_common/hardware_irq/irq.c.obj
                0x1000074c                runtime_init_per_core_irq_priorities
 .text.irq_set_enabled
                0x10000770       0x24 CMakeFiles/project-template.dir/home/hoagson/pico/pico-sdk/src/rp2_common/hardware_irq/irq.c.obj
                0x10000770                irq_set_enabled
 .text.irq_set_exclusive_handler
                0x10000794       0x54 CMakeFiles/project-template.dir/home/hoagson/pico/pico-sdk/src/rp2_common/hardware_irq/irq.c.obj
                0x10000794                irq_set_exclusive_handler
 .text.lock_init
                0x100007e8       0x10 CMakeFiles/project-template.dir/home/hoagson/pico/pico-sdk/src/common/pico_sync/lock_core.c.obj
                0x100007e8                lock_init
 .text.runtime_init_mutex
                0x100007f8       0x50 CMakeFiles/project-template.dir/home/hoagson/pico/pico-sdk/src/common/pico_sync/mutex.c.obj
                0x100007f8                runtime_init_mutex
 .text.sleep_until_callback
                0x10000848       0x30 CMakeFiles/project-template.dir/home/hoagson/pico/pico-sdk/src/common/pico_time/time.c.obj
 .text.alarm_pool_irq_handler
                0x10000878      0x2e4 CMakeFiles/project-template.dir/home/hoagson/pico/pico-sdk/src/common/pico_time/time.c.obj
 .text.runtime_init_default_alarm_pool
                0x10000b5c       0xdc CMakeFiles/project-template.dir/home/hoagson/pico/pico-sdk/src/common/pico_time/time.c.obj
                0x10000b5c                runtime_init_default_alarm_pool
 .text.alarm_pool_add_alarm_at_force_in_context
                0x10000c38       0xb0 CMakeFiles/project-template.dir/home/hoagson/pico/pico-sdk/src/common/pico_time/time.c.obj
                0x10000c38                alarm_pool_add_alarm_at_force_in_context
 .text.alarm_pool_cancel_alarm
                0x10000ce8       0x74 CMakeFiles/project-template.dir/home/hoagson/pico/pico-sdk/src/common/pico_time/time.c.obj
                0x10000ce8                alarm_pool_cancel_alarm
 .text.sleep_until
                0x10000d5c       0xd8 CMakeFiles/project-template.dir/home/hoagson/pico/pico-sdk/src/common/pico_time/time.c.obj
                0x10000d5c                sleep_until
 .text.sleep_ms
                0x10000e34       0x38 CMakeFiles/project-template.dir/home/hoagson/pico/pico-sdk/src/common/pico_time/time.c.obj
                0x10000e34                sleep_ms
 .text.best_effort_wfe_or_timeout
                0x10000e6c      0x134 CMakeFiles/project-template.dir/home/hoagson/pico/pico-sdk/src/common/pico_time/time.c.obj
                0x10000e6c                best_effort_wfe_or_timeout
 .text.timer_hardware_alarm_claim
                0x10000fa0       0x14 CMakeFiles/project-template.dir/home/hoagson/pico/pico-sdk/src/rp2_common/hardware_timer/timer.c.obj
                0x10000fa0                timer_hardware_alarm_claim
 .text.timer_time_us_64
                0x10000fb4       0x10 CMakeFiles/project-template.dir/home/hoagson/pico/pico-sdk/src/rp2_common/hardware_timer/timer.c.obj
                0x10000fb4                timer_time_us_64
 .text.time_us_64
                0x10000fc4       0x14 CMakeFiles/project-template.dir/home/hoagson/pico/pico-sdk/src/rp2_common/hardware_timer/timer.c.obj
                0x10000fc4                time_us_64
 .text.busy_wait_until
                0x10000fd8       0x20 CMakeFiles/project-template.dir/home/hoagson/pico/pico-sdk/src/rp2_common/hardware_timer/timer.c.obj
                0x10000fd8                busy_wait_until
 .text.clock_configure_int_divider
                0x10000ff8       0xf4 CMakeFiles/project-template.dir/home/hoagson/pico/pico-sdk/src/rp2_common/hardware_clocks/clocks.c.obj
                0x10000ff8                clock_configure_int_divider
 .text.clock_configure_undivided
                0x100010ec       0xe8 CMakeFiles/project-template.dir/home/hoagson/pico/pico-sdk/src/rp2_common/hardware_clocks/clocks.c.obj
                0x100010ec                clock_configure_undivided
 .text.clock_get_hz
                0x100011d4        0xc CMakeFiles/project-template.dir/home/hoagson/pico/pico-sdk/src/rp2_common/hardware_clocks/clocks.c.obj
                0x100011d4                clock_get_hz
 .text.pll_init
                0x100011e0       0xa4 CMakeFiles/project-template.dir/home/hoagson/pico/pico-sdk/src/rp2_common/hardware_pll/pll.c.obj
                0x100011e0                pll_init
 .text.tick_start
                0x10001284       0x10 CMakeFiles/project-template.dir/home/hoagson/pico/pico-sdk/src/rp2_common/hardware_ticks/ticks.c.obj
                0x10001284                tick_start
 .text.xosc_init
                0x10001294       0x28 CMakeFiles/project-template.dir/home/hoagson/pico/pico-sdk/src/rp2_common/hardware_xosc/xosc.c.obj
                0x10001294                xosc_init
 .text.first_per_core_initializer
                0x100012bc        0x4 CMakeFiles/project-template.dir/home/hoagson/pico/pico-sdk/src/rp2_common/pico_runtime/runtime.c.obj
 .text.hard_assertion_failure
                0x100012c0        0xc CMakeFiles/project-template.dir/home/hoagson/pico/pico-sdk/src/rp2_common/pico_runtime/runtime.c.obj
                0x100012c0                hard_assertion_failure
 .text.runtime_run_initializers
                0x100012cc       0x28 CMakeFiles/project-template.dir/home/hoagson/pico/pico-sdk/src/rp2_common/pico_runtime/runtime.c.obj
                0x100012cc                runtime_run_initializers
 .text.runtime_init_early_resets
                0x100012f4       0x2c CMakeFiles/project-template.dir/home/hoagson/pico/pico-sdk/src/rp2_common/pico_runtime_init/runtime_init.c.obj
                0x100012f4                runtime_init_early_resets
 .text.runtime_init_usb_power_down
                0x10001320       0x1c CMakeFiles/project-template.dir/home/hoagson/pico/pico-sdk/src/rp2_common/pico_runtime_init/runtime_init.c.obj
                0x10001320                runtime_init_usb_power_down
 .text.runtime_init_post_clock_resets
                0x1000133c       0x20 CMakeFiles/project-template.dir/home/hoagson/pico/pico-sdk/src/rp2_common/pico_runtime_init/runtime_init.c.obj
                0x1000133c                runtime_init_post_clock_resets
 .text.runtime_init_rp2040_gpio_ie_disable
                0x1000135c       0x14 CMakeFiles/project-template.dir/home/hoagson/pico/pico-sdk/src/rp2_common/pico_runtime_init/runtime_init.c.obj
                0x1000135c                runtime_init_rp2040_gpio_ie_disable
 .text.runtime_init_spin_locks_reset
                0x10001370        0x8 CMakeFiles/project-template.dir/home/hoagson/pico/pico-sdk/src/rp2_common/pico_runtime_init/runtime_init.c.obj
                0x10001370                runtime_init_spin_locks_reset
 .text.runtime_init_install_ram_vector_table
                0x10001378       0x1c CMakeFiles/project-template.dir/home/hoagson/pico/pico-sdk/src/rp2_common/pico_runtime_init/runtime_init.c.obj
                0x10001378                runtime_init_install_ram_vector_table
 .text.runtime_init_clocks
                0x10001394       0xd8 CMakeFiles/project-template.dir/home/hoagson/pico/pico-sdk/src/rp2_common/pico_runtime_init/runtime_init_clocks.c.obj
                0x10001394                runtime_init_clocks
 .text          0x1000146c       0x10 CMakeFiles/project-template.dir/home/hoagson/pico/pico-sdk/src/rp2_common/pico_bit_ops/bit_ops_aeabi.S.obj
 .text.rom_func_lookup
                0x1000147c       0x10 CMakeFiles/project-template.dir/home/hoagson/pico/pico-sdk/src/rp2_common/pico_bootrom/bootrom.c.obj
                0x1000147c                rom_func_lookup
 .text.rom_data_lookup
                0x1000148c       0x10 CMakeFiles/project-template.dir/home/hoagson/pico/pico-sdk/src/rp2_common/pico_bootrom/bootrom.c.obj
                0x1000148c                rom_data_lookup
 .text.rom_funcs_lookup
                0x1000149c       0x44 CMakeFiles/project-template.dir/home/hoagson/pico/pico-sdk/src/rp2_common/pico_bootrom/bootrom.c.obj
                0x1000149c                rom_funcs_lookup
 .text.__wrap___aeabi_uidiv
                0x100014e0       0x4c CMakeFiles/project-template.dir/home/hoagson/pico/pico-sdk/src/rp2_common/pico_divider/divider_hardware.S.obj
                0x100014e0                __wrap___aeabi_uidiv
                0x100014e0                __wrap___aeabi_uidivmod
                0x100014e0                div_u32u32
                0x100014e0                divmod_u32u32
                0x100014e8                divmod_u32u32_unsafe
                0x10001510                divmod_u32u32_savestate
 .text.__wrap___aeabi_darithmetic
                0x1000152c       0x60 CMakeFiles/project-template.dir/home/hoagson/pico/pico-sdk/src/rp2_common/pico_double/double_aeabi_rp2040.S.obj
                0x1000152c                __wrap___aeabi_drsub
                0x10001532                __wrap___aeabi_dsub
                0x1000153c                __wrap___aeabi_dadd
                0x10001546                __wrap___aeabi_ddiv
                0x1000157a                __wrap___aeabi_dmul
 .text.__wrap___aeabi_d2uiz
                0x1000158c       0x10 CMakeFiles/project-template.dir/home/hoagson/pico/pico-sdk/src/rp2_common/pico_double/double_aeabi_rp2040.S.obj
                0x1000158c                double2uint
                0x1000158c                __wrap___aeabi_d2uiz
 .text.missing_double_func_shim
                0x1000159c        0xc CMakeFiles/project-template.dir/home/hoagson/pico/pico-sdk/src/rp2_common/pico_double/double_init_rom_rp2040.c.obj
 .text.__aeabi_double_init
                0x100015a8       0xa0 CMakeFiles/project-template.dir/home/hoagson/pico/pico-sdk/src/rp2_common/pico_double/double_init_rom_rp2040.c.obj
                0x100015a8                __aeabi_double_init
 .text.double_table_shim_on_use_helper
                0x10001648       0x2c CMakeFiles/project-template.dir/home/hoagson/pico/pico-sdk/src/rp2_common/pico_double/double_v1_rom_shim_rp2040.S.obj
                0x10001648                double_table_shim_on_use_helper
 .text.__aeabi_lmul
                0x10001674       0x32 CMakeFiles/project-template.dir/home/hoagson/pico/pico-sdk/src/rp2_common/pico_int64_ops/pico_int64_ops_aeabi.S.obj
                0x10001674                __wrap___aeabi_lmul
 *fill*         0x100016a6        0x2 
 .text.__wrap___aeabi_farithmetic
                0x100016a8       0x48 CMakeFiles/project-template.dir/home/hoagson/pico/pico-sdk/src/rp2_common/pico_float/float_aeabi_rp2040.S.obj
                0x100016a8                __wrap___aeabi_frsub
                0x100016ae                __wrap___aeabi_fsub
                0x100016b4                __wrap___aeabi_fadd
                0x100016ba                __wrap___aeabi_fdiv
                0x100016e2                __wrap___aeabi_fmul
 .text.__wrap___aeabi_i2f
                0x100016f0       0x44 CMakeFiles/project-template.dir/home/hoagson/pico/pico-sdk/src/rp2_common/pico_float/float_aeabi_rp2040.S.obj
                0x100016f0                int2float
                0x100016f0                __wrap___aeabi_i2f
 .text.__wrap___aeabi_f2d
                0x10001734        0xc CMakeFiles/project-template.dir/home/hoagson/pico/pico-sdk/src/rp2_common/pico_float/float_aeabi_rp2040.S.obj
                0x10001734                __wrap___aeabi_f2d
 .text.missing_float_func_shim
                0x10001740        0xc CMakeFiles/project-template.dir/home/hoagson/pico/pico-sdk/src/rp2_common/pico_float/float_init_rom_rp2040.c.obj
 .text.__aeabi_float_init
                0x1000174c       0x5c CMakeFiles/project-template.dir/home/hoagson/pico/pico-sdk/src/rp2_common/pico_float/float_init_rom_rp2040.c.obj
                0x1000174c                __aeabi_float_init
 .text          0x100017a8       0x10 CMakeFiles/project-template.dir/home/hoagson/pico/pico-sdk/src/rp2_common/pico_mem_ops/mem_ops_aeabi.S.obj
                0x100017a8                __aeabi_mem_init
 .text.memset   0x100017b8        0xc CMakeFiles/project-template.dir/home/hoagson/pico/pico-sdk/src/rp2_common/pico_mem_ops/mem_ops_aeabi.S.obj
                0x100017b8                __wrap_memset
 .text.memcpy   0x100017c4        0xc CMakeFiles/project-template.dir/home/hoagson/pico/pico-sdk/src/rp2_common/pico_mem_ops/mem_ops_aeabi.S.obj
                0x100017c4                __wrap___aeabi_memcpy
                0x100017c4                __wrap_memcpy
 .text._out_char
                0x100017d0       0x10 CMakeFiles/project-template.dir/home/hoagson/pico/pico-sdk/src/rp2_common/pico_printf/printf.c.obj
 .text.weak_raw_vprintf
                0x100017e0       0x30 CMakeFiles/project-template.dir/home/hoagson/pico/pico-sdk/src/rp2_common/pico_printf/printf.c.obj
                0x100017e0                weak_raw_vprintf
 .text._exit    0x10001810        0x4 CMakeFiles/project-template.dir/home/hoagson/pico/pico-sdk/src/rp2_common/pico_clib_interface/newlib_interface.c.obj
                0x10001810                _exit
 .text.exit     0x10001814        0x8 CMakeFiles/project-template.dir/home/hoagson/pico/pico-sdk/src/rp2_common/pico_clib_interface/newlib_interface.c.obj
                0x10001814                exit
 .text.runtime_init
                0x1000181c       0x2c CMakeFiles/project-template.dir/home/hoagson/pico/pico-sdk/src/rp2_common/pico_clib_interface/newlib_interface.c.obj
                0x1000181c                runtime_init
 .text.stdio_out_chars_no_crlf
                0x10001848       0x10 CMakeFiles/project-template.dir/home/hoagson/pico/pico-sdk/src/rp2_common/pico_stdio/stdio.c.obj
 .text.stdio_out_chars_crlf
                0x10001858       0x94 CMakeFiles/project-template.dir/home/hoagson/pico/pico-sdk/src/rp2_common/pico_stdio/stdio.c.obj
 .text.stdio_put_string
                0x100018ec      0x100 CMakeFiles/project-template.dir/home/hoagson/pico/pico-sdk/src/rp2_common/pico_stdio/stdio.c.obj
                0x100018ec                stdio_put_string
 .text.__wrap_putchar
                0x100019ec       0x98 CMakeFiles/project-template.dir/home/hoagson/pico/pico-sdk/src/rp2_common/pico_stdio/stdio.c.obj
                0x100019ec                stdio_putchar
                0x100019ec                __wrap_putchar
 .text.__wrap_puts
                0x10001a84       0x3c CMakeFiles/project-template.dir/home/hoagson/pico/pico-sdk/src/rp2_common/pico_stdio/stdio.c.obj
                0x10001a84                __wrap_puts
                0x10001a84                stdio_puts
 .text.startup._retrieve_unique_id_on_boot
                0x10001ac0       0x10 CMakeFiles/project-template.dir/home/hoagson/pico/pico-sdk/src/rp2_common/pico_unique_id/unique_id.c.obj
 .text.flash_get_unique_id
                0x10001ad0       0x3c CMakeFiles/project-template.dir/home/hoagson/pico/pico-sdk/src/rp2_common/hardware_flash/flash.c.obj
                0x10001ad0                flash_get_unique_id
 .text.adc_init
                0x10001b0c       0x38 CMakeFiles/project-template.dir/home/hoagson/pico/pico-sdk/src/rp2_common/hardware_adc/adc.c.obj
                0x10001b0c                adc_init
 .text          0x10001b44       0x10 /usr/lib/gcc/arm-none-eabi/13.2.1/../../../arm-none-eabi/lib/thumb/v6-m/nofp/libg.a(libc_a-atexit.o)
                0x10001b44                atexit
 .text          0x10001b54       0x5c /usr/lib/gcc/arm-none-eabi/13.2.1/../../../arm-none-eabi/lib/thumb/v6-m/nofp/libg.a(libc_a-strlen-stub.o)
                0x10001b54                strlen
 .text          0x10001bb0       0x28 /usr/lib/gcc/arm-none-eabi/13.2.1/../../../arm-none-eabi/lib/thumb/v6-m/nofp/libg.a(libc_a-fini.o)
                0x10001bb0                __libc_fini_array
 .text          0x10001bd8       0x78 /usr/lib/gcc/arm-none-eabi/13.2.1/../../../arm-none-eabi/lib/thumb/v6-m/nofp/libg.a(libc_a-__atexit.o)
                0x10001bd8                __register_exitproc
 .text.startup  0x10001c50       0x18 /usr/lib/gcc/arm-none-eabi/13.2.1/../../../arm-none-eabi/lib/thumb/v6-m/nofp/libg.a(libc_a-__call_atexit.o)
 *(.fini)
 .fini          0x10001c68        0x4 /usr/lib/gcc/arm-none-eabi/13.2.1/thumb/v6-m/nofp/crti.o
                0x10001c68                _fini
 *fill*         0x10001c6c        0x4 
 .fini.__stub   0x10001c70       0x40 linker stubs
 *crtbegin.o(.ctors)
 *crtbegin?.o(.ctors)
 *(EXCLUDE_FILE(*crtend.o *crtend?.o) .ctors)
 *(SORT_BY_NAME(.ctors.*))
 *(.ctors)
 *crtbegin.o(.dtors)
 *crtbegin?.o(.dtors)
 *(EXCLUDE_FILE(*crtend.o *crtend?.o) .dtors)
 *(SORT_BY_NAME(.dtors.*))
 *(.dtors)
                0x10001cb0                        . = ALIGN (0x4)
                0x10001cb0                        PROVIDE (__preinit_array_start = .)
 *(SORT_BY_NAME(.preinit_array.*))
 .preinit_array.00100
                0x10001cb0        0x4 CMakeFiles/project-template.dir/home/hoagson/pico/pico-sdk/src/rp2_common/pico_runtime_init/runtime_init.c.obj
                0x10001cb0                __pre_init_runtime_init_early_resets
 .preinit_array.00101
                0x10001cb4        0x4 CMakeFiles/project-template.dir/home/hoagson/pico/pico-sdk/src/rp2_common/pico_runtime_init/runtime_init.c.obj
                0x10001cb4                __pre_init_runtime_init_usb_power_down
 .preinit_array.00275
                0x10001cb8        0x4 CMakeFiles/project-template.dir/home/hoagson/pico/pico-sdk/src/rp2_common/pico_bit_ops/bit_ops_aeabi.S.obj
 .preinit_array.00300
                0x10001cbc        0x4 CMakeFiles/project-template.dir/home/hoagson/pico/pico-sdk/src/rp2_common/pico_mem_ops/mem_ops_aeabi.S.obj
 .preinit_array.00350
                0x10001cc0        0x4 CMakeFiles/project-template.dir/home/hoagson/pico/pico-sdk/src/rp2_common/pico_double/double_aeabi_rp2040.S.obj
 .preinit_array.00350
                0x10001cc4        0x4 CMakeFiles/project-template.dir/home/hoagson/pico/pico-sdk/src/rp2_common/pico_float/float_aeabi_rp2040.S.obj
 .preinit_array.00500
                0x10001cc8        0x4 CMakeFiles/project-template.dir/home/hoagson/pico/pico-sdk/src/rp2_common/pico_runtime_init/runtime_init.c.obj
                0x10001cc8                __pre_init_runtime_init_clocks
 .preinit_array.00600
                0x10001ccc        0x4 CMakeFiles/project-template.dir/home/hoagson/pico/pico-sdk/src/rp2_common/pico_runtime_init/runtime_init.c.obj
                0x10001ccc                __pre_init_runtime_init_post_clock_resets
 .preinit_array.00700
                0x10001cd0        0x4 CMakeFiles/project-template.dir/home/hoagson/pico/pico-sdk/src/rp2_common/pico_runtime_init/runtime_init.c.obj
                0x10001cd0                __pre_init_runtime_init_rp2040_gpio_ie_disable
 .preinit_array.01000
                0x10001cd4        0x4 CMakeFiles/project-template.dir/home/hoagson/pico/pico-sdk/src/rp2_common/pico_runtime_init/runtime_init.c.obj
                0x10001cd4                __pre_init_runtime_init_spin_locks_reset
 .preinit_array.01100
                0x10001cd8        0x4 CMakeFiles/project-template.dir/home/hoagson/pico/pico-sdk/src/common/pico_sync/mutex.c.obj
                0x10001cd8                __pre_init_runtime_init_mutex
 .preinit_array.10080
                0x10001cdc        0x4 CMakeFiles/project-template.dir/home/hoagson/pico/pico-sdk/src/rp2_common/pico_runtime_init/runtime_init.c.obj
                0x10001cdc                __pre_init_runtime_init_install_ram_vector_table
 .preinit_array.11000
                0x10001ce0        0x4 CMakeFiles/project-template.dir/home/hoagson/pico/pico-sdk/src/common/pico_time/time.c.obj
                0x10001ce0                __pre_init_runtime_init_default_alarm_pool
 .preinit_array.YYYYY
                0x10001ce4        0x4 CMakeFiles/project-template.dir/home/hoagson/pico/pico-sdk/src/rp2_common/pico_runtime/runtime.c.obj
                0x10001ce4                __pre_init_first_per_core_initializer
 .preinit_array.ZZZZZ.01200
                0x10001ce8        0x4 CMakeFiles/project-template.dir/home/hoagson/pico/pico-sdk/src/rp2_common/hardware_irq/irq.c.obj
                0x10001ce8                __pre_init_runtime_init_per_core_irq_priorities
 *(.preinit_array)
                0x10001cec                        PROVIDE (__preinit_array_end = .)
                0x10001cec                        . = ALIGN (0x4)
                0x10001cec                        PROVIDE (__init_array_start = .)
 *(SORT_BY_NAME(.init_array.*))
 .init_array.00000
                0x10001cec        0x4 /usr/lib/gcc/arm-none-eabi/13.2.1/../../../arm-none-eabi/lib/thumb/v6-m/nofp/libg.a(libc_a-__call_atexit.o)
 *(.init_array)
 .init_array    0x10001cf0        0x4 /usr/lib/gcc/arm-none-eabi/13.2.1/thumb/v6-m/nofp/crtbegin.o
 .init_array    0x10001cf4        0x4 CMakeFiles/project-template.dir/home/hoagson/pico/pico-sdk/src/rp2_common/pico_unique_id/unique_id.c.obj
                0x10001cf8                        PROVIDE (__init_array_end = .)
                0x10001cf8                        . = ALIGN (0x4)
                0x10001cf8                        PROVIDE (__fini_array_start = .)
 *(SORT_BY_NAME(.fini_array.*))
 *(.fini_array)
                0x10001cf8                        PROVIDE (__fini_array_end = .)
 *(.eh_frame*)
 .eh_frame      0x10001cf8        0x0 /usr/lib/gcc/arm-none-eabi/13.2.1/thumb/v6-m/nofp/crtbegin.o
                0x10001cf8                        . = ALIGN (0x4)

.glue_7         0x10001cf8        0x0
 .glue_7        0x10001cf8        0x0 linker stubs

.glue_7t        0x10001cf8        0x0
 .glue_7t       0x10001cf8        0x0 linker stubs

.vfp11_veneer   0x10001cf8        0x0
 .vfp11_veneer  0x10001cf8        0x0 linker stubs

.v4_bx          0x10001cf8        0x0
 .v4_bx         0x10001cf8        0x0 linker stubs

.iplt           0x10001cf8        0x0
 .iplt          0x10001cf8        0x0 /usr/lib/gcc/arm-none-eabi/13.2.1/thumb/v6-m/nofp/crtbegin.o

.rodata         0x10001cf8      0x128
 *(EXCLUDE_FILE(*libm.a: *libc.a:*lib_a-mem*.o *libgcc.a:) .rodata*)
 .rodata        0x10001cf8       0x48 CMakeFiles/project-template.dir/main.c.obj
 .rodata.panic.str1.4
                0x10001d40       0x94 CMakeFiles/project-template.dir/home/hoagson/pico/pico-sdk/src/rp2_common/pico_platform_panic/panic.c.obj
                                 0x12 (size before relaxing)
 .rodata.timer_hardware_alarm_claim.str1.4
                0x10001dd4       0x22 CMakeFiles/project-template.dir/home/hoagson/pico/pico-sdk/src/rp2_common/hardware_timer/timer.c.obj
 .rodata.hard_assertion_failure.str1.4
                0x10001dd4        0xc CMakeFiles/project-template.dir/home/hoagson/pico/pico-sdk/src/rp2_common/pico_runtime/runtime.c.obj
 .rodata.missing_double_func_shim.str1.4
                0x10001dd4       0x18 CMakeFiles/project-template.dir/home/hoagson/pico/pico-sdk/src/rp2_common/pico_double/double_init_rom_rp2040.c.obj
 .rodata.missing_float_func_shim.str1.4
                0x10001dd4        0x1 CMakeFiles/project-template.dir/home/hoagson/pico/pico-sdk/src/rp2_common/pico_float/float_init_rom_rp2040.c.obj
 .rodata.str1.4
                0x10001dd4       0x38 CMakeFiles/project-template.dir/home/hoagson/pico/pico-sdk/src/rp2_common/pico_standard_binary_info/standard_binary_info.c.obj
 .rodata.__bi_84
                0x10001dd4        0xc CMakeFiles/project-template.dir/home/hoagson/pico/pico-sdk/src/rp2_common/pico_standard_binary_info/standard_binary_info.c.obj
 .rodata.__bi_54
                0x10001de0        0xc CMakeFiles/project-template.dir/home/hoagson/pico/pico-sdk/src/rp2_common/pico_standard_binary_info/standard_binary_info.c.obj
 .rodata.__bi_48
                0x10001dec        0xc CMakeFiles/project-template.dir/home/hoagson/pico/pico-sdk/src/rp2_common/pico_standard_binary_info/standard_binary_info.c.obj
 .rodata.__bi_42
                0x10001df8        0xc CMakeFiles/project-template.dir/home/hoagson/pico/pico-sdk/src/rp2_common/pico_standard_binary_info/standard_binary_info.c.obj
 .rodata.__bi_34
                0x10001e04        0xc CMakeFiles/project-template.dir/home/hoagson/pico/pico-sdk/src/rp2_common/pico_standard_binary_info/standard_binary_info.c.obj
 .rodata.__bi_26
                0x10001e10        0xc CMakeFiles/project-template.dir/home/hoagson/pico/pico-sdk/src/rp2_common/pico_standard_binary_info/standard_binary_info.c.obj
 .rodata.crlf_str.0
                0x10001e1c        0x2 CMakeFiles/project-template.dir/home/hoagson/pico/pico-sdk/src/rp2_common/pico_stdio/stdio.c.obj
                0x10001e20                        . = ALIGN (0x4)
 *fill*         0x10001e1e        0x2 
 *(SORT_BY_ALIGNMENT(SORT_BY_NAME(.flashdata*)))
                0x10001e20                        . = ALIGN (0x4)

.ARM.extab
 *(.ARM.extab* .gnu.linkonce.armextab.*)
                0x10001e20                        __exidx_start = .

.ARM.exidx
 *(.ARM.exidx* .gnu.linkonce.armexidx.*)
                0x10001e20                        __exidx_end = .
                0x10001e20                        . = ALIGN (0x4)
                0x10001e20                        __binary_info_start = .

.binary_info    0x10001e20       0x18
 *(.binary_info.keep.*)
 .binary_info.keep.__bi_ptr84
                0x10001e20        0x4 CMakeFiles/project-template.dir/home/hoagson/pico/pico-sdk/src/rp2_common/pico_standard_binary_info/standard_binary_info.c.obj
 .binary_info.keep.__bi_ptr54
                0x10001e24        0x4 CMakeFiles/project-template.dir/home/hoagson/pico/pico-sdk/src/rp2_common/pico_standard_binary_info/standard_binary_info.c.obj
 .binary_info.keep.__bi_ptr48
                0x10001e28        0x4 CMakeFiles/project-template.dir/home/hoagson/pico/pico-sdk/src/rp2_common/pico_standard_binary_info/standard_binary_info.c.obj
 .binary_info.keep.__bi_ptr42
                0x10001e2c        0x4 CMakeFiles/project-template.dir/home/hoagson/pico/pico-sdk/src/rp2_common/pico_standard_binary_info/standard_binary_info.c.obj
 .binary_info.keep.__bi_ptr34
                0x10001e30        0x4 CMakeFiles/project-template.dir/home/hoagson/pico/pico-sdk/src/rp2_common/pico_standard_binary_info/standard_binary_info.c.obj
 .binary_info.keep.__bi_ptr26
                0x10001e34        0x4 CMakeFiles/project-template.dir/home/hoagson/pico/pico-sdk/src/rp2_common/pico_standard_binary_info/standard_binary_info.c.obj
 *(.binary_info.*)
                0x10001e38                        __binary_info_end = .

.rel.dyn        0x10001e38        0x0
 .rel.iplt      0x10001e38        0x0 /usr/lib/gcc/arm-none-eabi/13.2.1/thumb/v6-m/nofp/crtbegin.o
                0x10001e38                        . = ALIGN (0x4)

.ram_vector_table
                0x20000000       0xc0
 *(.ram_vector_table)
 .ram_vector_table
                0x20000000       0xc0 CMakeFiles/project-template.dir/home/hoagson/pico/pico-sdk/src/rp2_common/pico_runtime_init/runtime_init.c.obj
                0x20000000                ram_vector_table

.uninitialized_data
                0x200000c0        0x0
                0x200000c0                        . = ALIGN (0x4)
 *(.uninitialized_data*)

.data           0x200000c0      0x258 load address 0x10001e38
                0x200000c0                        __data_start__ = .
 *(vtable)
 *(.time_critical*)
 .time_critical.mutex_try_enter_block_until
                0x200000c0       0x9c CMakeFiles/project-template.dir/home/hoagson/pico/pico-sdk/src/common/pico_sync/mutex.c.obj
                0x200000c0                mutex_try_enter_block_until
 .time_critical.mutex_exit
                0x2000015c       0x28 CMakeFiles/project-template.dir/home/hoagson/pico/pico-sdk/src/common/pico_sync/mutex.c.obj
                0x2000015c                mutex_exit
 .time_critical.flash_init_boot2_copyout
                0x20000184       0x30 CMakeFiles/project-template.dir/home/hoagson/pico/pico-sdk/src/rp2_common/hardware_flash/flash.c.obj
 .time_critical.flash_enable_xip_via_boot2
                0x200001b4        0xc CMakeFiles/project-template.dir/home/hoagson/pico/pico-sdk/src/rp2_common/hardware_flash/flash.c.obj
 .time_critical.flash_cs_force
                0x200001c0       0x38 CMakeFiles/project-template.dir/home/hoagson/pico/pico-sdk/src/rp2_common/hardware_flash/flash.c.obj
 .time_critical.flash_do_cmd
                0x200001f8       0xc0 CMakeFiles/project-template.dir/home/hoagson/pico/pico-sdk/src/rp2_common/hardware_flash/flash.c.obj
                0x200001f8                flash_do_cmd
 *(.text*)
 .text          0x200002b8        0x4 /usr/lib/gcc/arm-none-eabi/13.2.1/thumb/v6-m/nofp/libgcc.a(_dvmd_tls.o)
                0x200002b8                __aeabi_ldiv0
                0x200002b8                __aeabi_idiv0
 *fill*         0x200002bc        0x4 
 .text.__stub   0x200002c0       0x10 linker stubs
                0x200002d0                        . = ALIGN (0x4)
 *(.rodata*)
                0x200002d0                        . = ALIGN (0x4)
 *(.data*)
 .data.striped_spin_lock_num
                0x200002d0        0x1 CMakeFiles/project-template.dir/home/hoagson/pico/pico-sdk/src/rp2_common/hardware_sync/sync.c.obj
 *fill*         0x200002d1        0x3 
 .data.default_alarm_pool
                0x200002d4       0x18 CMakeFiles/project-template.dir/home/hoagson/pico/pico-sdk/src/common/pico_time/time.c.obj
 *fill*         0x200002ec        0x4 
 .data.aeabi_bits_funcs
                0x200002f0       0x10 CMakeFiles/project-template.dir/home/hoagson/pico/pico-sdk/src/rp2_common/pico_bit_ops/bit_ops_aeabi.S.obj
                0x200002f0                aeabi_bits_funcs
                0x20000300                aeabi_bits_funcs_end
 .data.aeabi_mem_funcs
                0x20000300       0x10 CMakeFiles/project-template.dir/home/hoagson/pico/pico-sdk/src/rp2_common/pico_mem_ops/mem_ops_aeabi.S.obj
                0x20000300                aeabi_mem_funcs
                0x20000310                aeabi_mem_funcs_end
                0x20000310                        . = ALIGN (0x4)
 *(.after_data.*)
                0x20000310                        . = ALIGN (0x4)
                0x20000310                        PROVIDE (__mutex_array_start = .)
 *(SORT_BY_NAME(.mutex_array.*))
 *(.mutex_array)
 .mutex_array   0x20000310        0x8 CMakeFiles/project-template.dir/home/hoagson/pico/pico-sdk/src/rp2_common/pico_stdio/stdio.c.obj
                0x20000318                        PROVIDE (__mutex_array_end = .)
                0x20000318                        . = ALIGN (0x4)
 *(.jcr)
                0x20000318                        . = ALIGN (0x4)

.tm_clone_table
                0x20000318        0x0 load address 0x10002090
 .tm_clone_table
                0x20000318        0x0 /usr/lib/gcc/arm-none-eabi/13.2.1/thumb/v6-m/nofp/crtbegin.o
 .tm_clone_table
                0x20000318        0x0 /usr/lib/gcc/arm-none-eabi/13.2.1/thumb/v6-m/nofp/crtend.o

.igot.plt       0x20000318        0x0 load address 0x10002090
 .igot.plt      0x20000318        0x0 /usr/lib/gcc/arm-none-eabi/13.2.1/thumb/v6-m/nofp/crtbegin.o

.tdata          0x20000318        0x0 load address 0x10002090
                0x20000318                        . = ALIGN (0x4)
 *(.tdata .tdata.* .gnu.linkonce.td.*)
                0x20000318                        __tdata_end = .
                0x20000318                        PROVIDE (__data_end__ = .)
                0x10001e38                        __etext = LOADADDR (.data)

.tbss           0x20000318        0x0 load address 0x10002090
                0x20000318                        . = ALIGN (0x4)
                0x20000318                        __bss_start__ = .
                0x20000318                        __tls_base = .
 *(.tbss .tbss.* .gnu.linkonce.tb.*)
 *(.tcommon)
                0x20000318                        __tls_end = .

.bss            0x20000318      0x68c load address 0x10002090
                0x20000318                        . = ALIGN (0x4)
                0x20000318                        __tbss_end = .
 *(SORT_BY_ALIGNMENT(SORT_BY_NAME(.bss*)))
 .bss.default_alarm_pool_entries
                0x20000318      0x180 CMakeFiles/project-template.dir/home/hoagson/pico/pico-sdk/src/common/pico_time/time.c.obj
 .bss.sd_table  0x20000498      0x100 CMakeFiles/project-template.dir/home/hoagson/pico/pico-sdk/src/rp2_common/pico_double/double_init_rom_rp2040.c.obj
                0x20000498                sd_table
 .bss           0x20000598       0x1c /usr/lib/gcc/arm-none-eabi/13.2.1/thumb/v6-m/nofp/crtbegin.o
 .bss           0x200005b4      0x190 /usr/lib/gcc/arm-none-eabi/13.2.1/../../../arm-none-eabi/lib/thumb/v6-m/nofp/libg.a(libc_a-__atexit.o)
                0x200005b4                __atexit0
 .bss           0x20000744        0x4 /usr/lib/gcc/arm-none-eabi/13.2.1/../../../arm-none-eabi/lib/thumb/v6-m/nofp/libg.a(libc_a-__call_atexit.o)
                0x20000744                __atexit
 .bss.boot2_copyout
                0x20000748      0x100 CMakeFiles/project-template.dir/home/hoagson/pico/pico-sdk/src/rp2_common/hardware_flash/flash.c.obj
 .bss.claimed   0x20000848        0x1 CMakeFiles/project-template.dir/home/hoagson/pico/pico-sdk/src/rp2_common/hardware_timer/timer.c.obj
 *fill*         0x20000849        0x3 
 .bss.configured_freq
                0x2000084c       0x28 CMakeFiles/project-template.dir/home/hoagson/pico/pico-sdk/src/rp2_common/hardware_clocks/clocks.c.obj
 .bss.drivers   0x20000874        0x4 CMakeFiles/project-template.dir/home/hoagson/pico/pico-sdk/src/rp2_common/pico_stdio/stdio.c.obj
 .bss.filter    0x20000878        0x4 CMakeFiles/project-template.dir/home/hoagson/pico/pico-sdk/src/rp2_common/pico_stdio/stdio.c.obj
 .bss.lazy_vsnprintf
                0x2000087c        0x4 CMakeFiles/project-template.dir/home/hoagson/pico/pico-sdk/src/rp2_common/pico_printf/printf.c.obj
 .bss.pools     0x20000880       0x10 CMakeFiles/project-template.dir/home/hoagson/pico/pico-sdk/src/common/pico_time/time.c.obj
 .bss.retrieved_id
                0x20000890        0x8 CMakeFiles/project-template.dir/home/hoagson/pico/pico-sdk/src/rp2_common/pico_unique_id/unique_id.c.obj
 .bss.sf_clz_func
                0x20000898        0x4 CMakeFiles/project-template.dir/home/hoagson/pico/pico-sdk/src/rp2_common/pico_double/double_init_rom_rp2040.c.obj
                0x20000898                sf_clz_func
 .bss.sf_table  0x2000089c      0x100 CMakeFiles/project-template.dir/home/hoagson/pico/pico-sdk/src/rp2_common/pico_float/float_init_rom_rp2040.c.obj
                0x2000089c                sf_table
 .bss.sleep_notifier
                0x2000099c        0x4 CMakeFiles/project-template.dir/home/hoagson/pico/pico-sdk/src/common/pico_time/time.c.obj
 .bss.boot2_copyout_valid
                0x200009a0        0x1 CMakeFiles/project-template.dir/home/hoagson/pico/pico-sdk/src/rp2_common/hardware_flash/flash.c.obj
 *(COMMON)
                0x200009a4                        . = ALIGN (0x4)
 *fill*         0x200009a1        0x3 
                0x200009a4                        __bss_end__ = .

.heap           0x200009a4    0x3f65c load address 0x10002090
                0x200009a4                        __end__ = .
                0x200009a4                        end = __end__
 *(.heap*)
 .heap          0x200009a4      0x800 CMakeFiles/project-template.dir/home/hoagson/pico/pico-sdk/src/rp2_common/pico_crt0/crt0.S.obj
                0x20040000                        . = (ORIGIN (RAM) + LENGTH (RAM))
 *fill*         0x200011a4    0x3ee5c 
                0x20040000                        __HeapLimit = .

.scratch_x      0x20040000        0x0 load address 0x10002090
                0x20040000                        __scratch_x_start__ = .
 *(.scratch_x.*)
                0x20040000                        . = ALIGN (0x4)
                0x20040000                        __scratch_x_end__ = .
                0x10002090                        __scratch_x_source__ = LOADADDR (.scratch_x)

.scratch_y      0x20041000        0x0 load address 0x10002090
                0x20041000                        __scratch_y_start__ = .
 *(.scratch_y.*)
                0x20041000                        . = ALIGN (0x4)
                0x20041000                        __scratch_y_end__ = .
                0x10002090                        __scratch_y_source__ = LOADADDR (.scratch_y)

.stack1_dummy
 *(.stack1*)

.stack_dummy    0x20041000      0x800
 *(.stack*)
 .stack         0x20041000      0x800 CMakeFiles/project-template.dir/home/hoagson/pico/pico-sdk/src/rp2_common/pico_crt0/crt0.S.obj

.flash_end      0x10002090        0x0
 *(.embedded_end_block*)
                0x10002090                        PROVIDE (__flash_binary_end = .)
                0x20040000                        __StackLimit = (ORIGIN (RAM) + LENGTH (RAM))
                0x20041000                        __StackOneTop = (ORIGIN (SCRATCH_X) + LENGTH (SCRATCH_X))
                0x20042000                        __StackTop = (ORIGIN (SCRATCH_Y) + LENGTH (SCRATCH_Y))
                0x20041000                        __StackOneBottom = (__StackOneTop - SIZEOF (.stack1_dummy))
                0x20041800                        __StackBottom = (__StackTop - SIZEOF (.stack_dummy))
                0x20042000                        PROVIDE (__stack = __StackTop)
                [!provide]                        PROVIDE (__heap_start = __end__)
                [!provide]                        PROVIDE (__heap_end = __HeapLimit)
                [!provide]                        PROVIDE (__tls_align = MAX (ALIGNOF (.tdata), ALIGNOF (.tbss)))
                [!provide]                        PROVIDE (__tls_size_align = (((__tls_size + __tls_align) - 0x1) & ~ ((__tls_align - 0x1))))
                [!provide]                        PROVIDE (__arm32_tls_tcb_offset = MAX (0x8, __tls_align))
                [!provide]                        PROVIDE (_end = __end__)
                [!provide]                        PROVIDE (__llvm_libc_heap_limit = __HeapLimit)
                0x00000001                        ASSERT ((__StackLimit >= __HeapLimit), region RAM overflowed)
                0x00000001                        ASSERT (((__binary_info_header_end - __logical_binary_start) <= 0x100), Binary info must be in first 256 bytes of the binary)
LOAD CMakeFiles/project-template.dir/main.c.obj
LOAD CMakeFiles/project-template.dir/home/hoagson/pico/pico-sdk/src/rp2_common/pico_stdlib/stdlib.c.obj
LOAD CMakeFiles/project-template.dir/home/hoagson/pico/pico-sdk/src/rp2_common/hardware_gpio/gpio.c.obj
LOAD CMakeFiles/project-template.dir/home/hoagson/pico/pico-sdk/src/rp2040/pico_platform/platform.c.obj
LOAD CMakeFiles/project-template.dir/home/hoagson/pico/pico-sdk/src/rp2_common/pico_platform_panic/panic.c.obj
LOAD CMakeFiles/project-template.dir/home/hoagson/pico/pico-sdk/src/common/hardware_claim/claim.c.obj
LOAD CMakeFiles/project-template.dir/home/hoagson/pico/pico-sdk/src/rp2_common/hardware_sync/sync.c.obj
LOAD CMakeFiles/project-template.dir/home/hoagson/pico/pico-sdk/src/rp2_common/hardware_sync_spin_lock/sync_spin_lock.c.obj
LOAD CMakeFiles/project-template.dir/home/hoagson/pico/pico-sdk/src/rp2_common/hardware_irq/irq.c.obj
LOAD CMakeFiles/project-template.dir/home/hoagson/pico/pico-sdk/src/rp2_common/hardware_irq/irq_handler_chain.S.obj
LOAD CMakeFiles/project-template.dir/home/hoagson/pico/pico-sdk/src/common/pico_sync/sem.c.obj
LOAD CMakeFiles/project-template.dir/home/hoagson/pico/pico-sdk/src/common/pico_sync/lock_core.c.obj
LOAD CMakeFiles/project-template.dir/home/hoagson/pico/pico-sdk/src/common/pico_sync/mutex.c.obj
LOAD CMakeFiles/project-template.dir/home/hoagson/pico/pico-sdk/src/common/pico_sync/critical_section.c.obj
LOAD CMakeFiles/project-template.dir/home/hoagson/pico/pico-sdk/src/common/pico_time/time.c.obj
LOAD CMakeFiles/project-template.dir/home/hoagson/pico/pico-sdk/src/common/pico_time/timeout_helper.c.obj
LOAD CMakeFiles/project-template.dir/home/hoagson/pico/pico-sdk/src/rp2_common/hardware_timer/timer.c.obj
LOAD CMakeFiles/project-template.dir/home/hoagson/pico/pico-sdk/src/common/pico_util/datetime.c.obj
LOAD CMakeFiles/project-template.dir/home/hoagson/pico/pico-sdk/src/common/pico_util/pheap.c.obj
LOAD CMakeFiles/project-template.dir/home/hoagson/pico/pico-sdk/src/common/pico_util/queue.c.obj
LOAD CMakeFiles/project-template.dir/home/hoagson/pico/pico-sdk/src/rp2_common/hardware_uart/uart.c.obj
LOAD CMakeFiles/project-template.dir/home/hoagson/pico/pico-sdk/src/rp2_common/hardware_clocks/clocks.c.obj
LOAD CMakeFiles/project-template.dir/home/hoagson/pico/pico-sdk/src/rp2_common/hardware_pll/pll.c.obj
LOAD CMakeFiles/project-template.dir/home/hoagson/pico/pico-sdk/src/rp2_common/hardware_vreg/vreg.c.obj
LOAD CMakeFiles/project-template.dir/home/hoagson/pico/pico-sdk/src/rp2_common/hardware_watchdog/watchdog.c.obj
LOAD CMakeFiles/project-template.dir/home/hoagson/pico/pico-sdk/src/rp2_common/hardware_ticks/ticks.c.obj
LOAD CMakeFiles/project-template.dir/home/hoagson/pico/pico-sdk/src/rp2_common/hardware_xosc/xosc.c.obj
LOAD CMakeFiles/project-template.dir/home/hoagson/pico/pico-sdk/src/rp2_common/hardware_divider/divider.S.obj
LOAD CMakeFiles/project-template.dir/home/hoagson/pico/pico-sdk/src/rp2_common/pico_runtime/runtime.c.obj
LOAD CMakeFiles/project-template.dir/home/hoagson/pico/pico-sdk/src/rp2_common/pico_runtime_init/runtime_init.c.obj
LOAD CMakeFiles/project-template.dir/home/hoagson/pico/pico-sdk/src/rp2_common/pico_runtime_init/runtime_init_clocks.c.obj
LOAD CMakeFiles/project-template.dir/home/hoagson/pico/pico-sdk/src/rp2_common/pico_runtime_init/runtime_init_stack_guard.c.obj
LOAD CMakeFiles/project-template.dir/home/hoagson/pico/pico-sdk/src/rp2_common/pico_bit_ops/bit_ops_aeabi.S.obj
LOAD CMakeFiles/project-template.dir/home/hoagson/pico/pico-sdk/src/rp2_common/pico_bootrom/bootrom.c.obj
LOAD CMakeFiles/project-template.dir/home/hoagson/pico/pico-sdk/src/rp2_common/pico_bootrom/bootrom_lock.c.obj
LOAD CMakeFiles/project-template.dir/home/hoagson/pico/pico-sdk/src/rp2_common/hardware_boot_lock/boot_lock.c.obj
LOAD CMakeFiles/project-template.dir/home/hoagson/pico/pico-sdk/src/rp2_common/pico_divider/divider_hardware.S.obj
LOAD CMakeFiles/project-template.dir/home/hoagson/pico/pico-sdk/src/rp2_common/pico_double/double_aeabi_rp2040.S.obj
LOAD CMakeFiles/project-template.dir/home/hoagson/pico/pico-sdk/src/rp2_common/pico_double/double_init_rom_rp2040.c.obj
LOAD CMakeFiles/project-template.dir/home/hoagson/pico/pico-sdk/src/rp2_common/pico_double/double_math.c.obj
LOAD CMakeFiles/project-template.dir/home/hoagson/pico/pico-sdk/src/rp2_common/pico_double/double_v1_rom_shim_rp2040.S.obj
LOAD CMakeFiles/project-template.dir/home/hoagson/pico/pico-sdk/src/rp2_common/pico_int64_ops/pico_int64_ops_aeabi.S.obj
LOAD CMakeFiles/project-template.dir/home/hoagson/pico/pico-sdk/src/rp2_common/pico_float/float_aeabi_rp2040.S.obj
LOAD CMakeFiles/project-template.dir/home/hoagson/pico/pico-sdk/src/rp2_common/pico_float/float_init_rom_rp2040.c.obj
LOAD CMakeFiles/project-template.dir/home/hoagson/pico/pico-sdk/src/rp2_common/pico_float/float_math.c.obj
LOAD CMakeFiles/project-template.dir/home/hoagson/pico/pico-sdk/src/rp2_common/pico_float/float_v1_rom_shim_rp2040.S.obj
LOAD CMakeFiles/project-template.dir/home/hoagson/pico/pico-sdk/src/rp2_common/pico_malloc/malloc.c.obj
LOAD CMakeFiles/project-template.dir/home/hoagson/pico/pico-sdk/src/rp2_common/pico_mem_ops/mem_ops_aeabi.S.obj
LOAD CMakeFiles/project-template.dir/home/hoagson/pico/pico-sdk/src/rp2_common/pico_atomic/atomic.c.obj
LOAD CMakeFiles/project-template.dir/home/hoagson/pico/pico-sdk/src/rp2_common/pico_cxx_options/new_delete.cpp.obj
LOAD CMakeFiles/project-template.dir/home/hoagson/pico/pico-sdk/src/rp2_common/pico_standard_binary_info/standard_binary_info.c.obj
LOAD CMakeFiles/project-template.dir/home/hoagson/pico/pico-sdk/src/rp2_common/pico_printf/printf.c.obj
LOAD CMakeFiles/project-template.dir/home/hoagson/pico/pico-sdk/src/rp2_common/pico_crt0/crt0.S.obj
LOAD CMakeFiles/project-template.dir/home/hoagson/pico/pico-sdk/src/rp2_common/pico_clib_interface/newlib_interface.c.obj
LOAD CMakeFiles/project-template.dir/home/hoagson/pico/pico-sdk/src/rp2_common/pico_stdio/stdio.c.obj
LOAD CMakeFiles/project-template.dir/home/hoagson/pico/pico-sdk/src/rp2_common/pico_stdio_usb/reset_interface.c.obj
LOAD CMakeFiles/project-template.dir/home/hoagson/pico/pico-sdk/src/rp2_common/pico_stdio_usb/stdio_usb.c.obj
LOAD CMakeFiles/project-template.dir/home/hoagson/pico/pico-sdk/src/rp2_common/pico_stdio_usb/stdio_usb_descriptors.c.obj
LOAD CMakeFiles/project-template.dir/home/hoagson/pico/pico-sdk/src/rp2_common/pico_unique_id/unique_id.c.obj
LOAD CMakeFiles/project-template.dir/home/hoagson/pico/pico-sdk/src/rp2_common/hardware_flash/flash.c.obj
LOAD CMakeFiles/project-template.dir/home/hoagson/pico/pico-sdk/lib/tinyusb/src/portable/raspberrypi/rp2040/dcd_rp2040.c.obj
LOAD CMakeFiles/project-template.dir/home/hoagson/pico/pico-sdk/lib/tinyusb/src/portable/raspberrypi/rp2040/rp2040_usb.c.obj
LOAD CMakeFiles/project-template.dir/home/hoagson/pico/pico-sdk/lib/tinyusb/src/device/usbd.c.obj
LOAD CMakeFiles/project-template.dir/home/hoagson/pico/pico-sdk/lib/tinyusb/src/device/usbd_control.c.obj
LOAD CMakeFiles/project-template.dir/home/hoagson/pico/pico-sdk/lib/tinyusb/src/class/audio/audio_device.c.obj
LOAD CMakeFiles/project-template.dir/home/hoagson/pico/pico-sdk/lib/tinyusb/src/class/cdc/cdc_device.c.obj
LOAD CMakeFiles/project-template.dir/home/hoagson/pico/pico-sdk/lib/tinyusb/src/class/dfu/dfu_device.c.obj
LOAD CMakeFiles/project-template.dir/home/hoagson/pico/pico-sdk/lib/tinyusb/src/class/dfu/dfu_rt_device.c.obj
LOAD CMakeFiles/project-template.dir/home/hoagson/pico/pico-sdk/lib/tinyusb/src/class/hid/hid_device.c.obj
LOAD CMakeFiles/project-template.dir/home/hoagson/pico/pico-sdk/lib/tinyusb/src/class/midi/midi_device.c.obj
LOAD CMakeFiles/project-template.dir/home/hoagson/pico/pico-sdk/lib/tinyusb/src/class/msc/msc_device.c.obj
LOAD CMakeFiles/project-template.dir/home/hoagson/pico/pico-sdk/lib/tinyusb/src/class/net/ecm_rndis_device.c.obj
LOAD CMakeFiles/project-template.dir/home/hoagson/pico/pico-sdk/lib/tinyusb/src/class/net/ncm_device.c.obj
LOAD CMakeFiles/project-template.dir/home/hoagson/pico/pico-sdk/lib/tinyusb/src/class/usbtmc/usbtmc_device.c.obj
LOAD CMakeFiles/project-template.dir/home/hoagson/pico/pico-sdk/lib/tinyusb/src/class/vendor/vendor_device.c.obj
LOAD CMakeFiles/project-template.dir/home/hoagson/pico/pico-sdk/lib/tinyusb/src/class/video/video_device.c.obj
LOAD CMakeFiles/project-template.dir/home/hoagson/pico/pico-sdk/lib/tinyusb/src/tusb.c.obj
LOAD CMakeFiles/project-template.dir/home/hoagson/pico/pico-sdk/lib/tinyusb/src/common/tusb_fifo.c.obj
LOAD CMakeFiles/project-template.dir/home/hoagson/pico/pico-sdk/src/rp2_common/pico_fix/rp2040_usb_device_enumeration/rp2040_usb_device_enumeration.c.obj
LOAD CMakeFiles/project-template.dir/home/hoagson/pico/pico-sdk/src/rp2_common/hardware_adc/adc.c.obj
LOAD /tmp/cc4whYnj.o
LOAD /usr/lib/gcc/arm-none-eabi/13.2.1/../../../arm-none-eabi/lib/thumb/v6-m/nofp/libstdc++.a
LOAD /usr/lib/gcc/arm-none-eabi/13.2.1/../../../arm-none-eabi/lib/thumb/v6-m/nofp/libm.a
START GROUP
LOAD /usr/lib/gcc/arm-none-eabi/13.2.1/thumb/v6-m/nofp/libgcc.a
LOAD /usr/lib/gcc/arm-none-eabi/13.2.1/../../../arm-none-eabi/lib/thumb/v6-m/nofp/libg.a
LOAD /usr/lib/gcc/arm-none-eabi/13.2.1/../../../arm-none-eabi/lib/thumb/v6-m/nofp/libc.a
END GROUP
START GROUP
LOAD /usr/lib/gcc/arm-none-eabi/13.2.1/thumb/v6-m/nofp/libgcc.a
LOAD /usr/lib/gcc/arm-none-eabi/13.2.1/../../../arm-none-eabi/lib/thumb/v6-m/nofp/libc.a
LOAD /usr/lib/gcc/arm-none-eabi/13.2.1/../../../arm-none-eabi/lib/thumb/v6-m/nofp/libnosys.a
END GROUP
LOAD /usr/lib/gcc/arm-none-eabi/13.2.1/thumb/v6-m/nofp/crtend.o
LOAD /usr/lib/gcc/arm-none-eabi/13.2.1/thumb/v6-m/nofp/crtn.o
OUTPUT(project-template.elf elf32-littlearm)
LOAD linker stubs

.ARM.attributes
                0x00000000       0x28
 .ARM.attributes
                0x00000000       0x1e /usr/lib/gcc/arm-none-eabi/13.2.1/thumb/v6-m/nofp/crti.o
 .ARM.attributes
                0x0000001e       0x2c /usr/lib/gcc/arm-none-eabi/13.2.1/thumb/v6-m/nofp/crtbegin.o
 .ARM.attributes
                0x0000004a       0x2c CMakeFiles/project-template.dir/main.c.obj
 .ARM.attributes
                0x00000076       0x2c CMakeFiles/project-template.dir/home/hoagson/pico/pico-sdk/src/rp2_common/hardware_gpio/gpio.c.obj
 .ARM.attributes
                0x000000a2       0x2c CMakeFiles/project-template.dir/home/hoagson/pico/pico-sdk/src/rp2_common/pico_platform_panic/panic.c.obj
 .ARM.attributes
                0x000000ce       0x2c CMakeFiles/project-template.dir/home/hoagson/pico/pico-sdk/src/common/hardware_claim/claim.c.obj
 .ARM.attributes
                0x000000fa       0x2c CMakeFiles/project-template.dir/home/hoagson/pico/pico-sdk/src/rp2_common/hardware_sync/sync.c.obj
 .ARM.attributes
                0x00000126       0x2c CMakeFiles/project-template.dir/home/hoagson/pico/pico-sdk/src/rp2_common/hardware_sync_spin_lock/sync_spin_lock.c.obj
 .ARM.attributes
                0x00000152       0x2c CMakeFiles/project-template.dir/home/hoagson/pico/pico-sdk/src/rp2_common/hardware_irq/irq.c.obj
 .ARM.attributes
                0x0000017e       0x2c CMakeFiles/project-template.dir/home/hoagson/pico/pico-sdk/src/common/pico_sync/lock_core.c.obj
 .ARM.attributes
                0x000001aa       0x2c CMakeFiles/project-template.dir/home/hoagson/pico/pico-sdk/src/common/pico_sync/mutex.c.obj
 .ARM.attributes
                0x000001d6       0x2c CMakeFiles/project-template.dir/home/hoagson/pico/pico-sdk/src/common/pico_time/time.c.obj
 .ARM.attributes
                0x00000202       0x2c CMakeFiles/project-template.dir/home/hoagson/pico/pico-sdk/src/rp2_common/hardware_timer/timer.c.obj
 .ARM.attributes
                0x0000022e       0x2c CMakeFiles/project-template.dir/home/hoagson/pico/pico-sdk/src/rp2_common/hardware_clocks/clocks.c.obj
 .ARM.attributes
                0x0000025a       0x2c CMakeFiles/project-template.dir/home/hoagson/pico/pico-sdk/src/rp2_common/hardware_pll/pll.c.obj
 .ARM.attributes
                0x00000286       0x2c CMakeFiles/project-template.dir/home/hoagson/pico/pico-sdk/src/rp2_common/hardware_ticks/ticks.c.obj
 .ARM.attributes
                0x000002b2       0x2c CMakeFiles/project-template.dir/home/hoagson/pico/pico-sdk/src/rp2_common/hardware_xosc/xosc.c.obj
 .ARM.attributes
                0x000002de       0x2c CMakeFiles/project-template.dir/home/hoagson/pico/pico-sdk/src/rp2_common/pico_runtime/runtime.c.obj
 .ARM.attributes
                0x0000030a       0x2c CMakeFiles/project-template.dir/home/hoagson/pico/pico-sdk/src/rp2_common/pico_runtime_init/runtime_init.c.obj
 .ARM.attributes
                0x00000336       0x2c CMakeFiles/project-template.dir/home/hoagson/pico/pico-sdk/src/rp2_common/pico_runtime_init/runtime_init_clocks.c.obj
 .ARM.attributes
                0x00000362       0x22 CMakeFiles/project-template.dir/home/hoagson/pico/pico-sdk/src/rp2_common/pico_bit_ops/bit_ops_aeabi.S.obj
 .ARM.attributes
                0x00000384       0x2c CMakeFiles/project-template.dir/home/hoagson/pico/pico-sdk/src/rp2_common/pico_bootrom/bootrom.c.obj
 .ARM.attributes
                0x000003b0       0x22 CMakeFiles/project-template.dir/home/hoagson/pico/pico-sdk/src/rp2_common/pico_divider/divider_hardware.S.obj
 .ARM.attributes
                0x000003d2       0x22 CMakeFiles/project-template.dir/home/hoagson/pico/pico-sdk/src/rp2_common/pico_double/double_aeabi_rp2040.S.obj
 .ARM.attributes
                0x000003f4       0x2c CMakeFiles/project-template.dir/home/hoagson/pico/pico-sdk/src/rp2_common/pico_double/double_init_rom_rp2040.c.obj
 .ARM.attributes
                0x00000420       0x22 CMakeFiles/project-template.dir/home/hoagson/pico/pico-sdk/src/rp2_common/pico_double/double_v1_rom_shim_rp2040.S.obj
 .ARM.attributes
                0x00000442       0x22 CMakeFiles/project-template.dir/home/hoagson/pico/pico-sdk/src/rp2_common/pico_int64_ops/pico_int64_ops_aeabi.S.obj
 .ARM.attributes
                0x00000464       0x22 CMakeFiles/project-template.dir/home/hoagson/pico/pico-sdk/src/rp2_common/pico_float/float_aeabi_rp2040.S.obj
 .ARM.attributes
                0x00000486       0x2c CMakeFiles/project-template.dir/home/hoagson/pico/pico-sdk/src/rp2_common/pico_float/float_init_rom_rp2040.c.obj
 .ARM.attributes
                0x000004b2       0x22 CMakeFiles/project-template.dir/home/hoagson/pico/pico-sdk/src/rp2_common/pico_mem_ops/mem_ops_aeabi.S.obj
 .ARM.attributes
                0x000004d4       0x2c CMakeFiles/project-template.dir/home/hoagson/pico/pico-sdk/src/rp2_common/pico_standard_binary_info/standard_binary_info.c.obj
 .ARM.attributes
                0x00000500       0x2c CMakeFiles/project-template.dir/home/hoagson/pico/pico-sdk/src/rp2_common/pico_printf/printf.c.obj
 .ARM.attributes
                0x0000052c       0x22 CMakeFiles/project-template.dir/home/hoagson/pico/pico-sdk/src/rp2_common/pico_crt0/crt0.S.obj
 .ARM.attributes
                0x0000054e       0x2c CMakeFiles/project-template.dir/home/hoagson/pico/pico-sdk/src/rp2_common/pico_clib_interface/newlib_interface.c.obj
 .ARM.attributes
                0x0000057a       0x2c CMakeFiles/project-template.dir/home/hoagson/pico/pico-sdk/src/rp2_common/pico_stdio/stdio.c.obj
 .ARM.attributes
                0x000005a6       0x2c CMakeFiles/project-template.dir/home/hoagson/pico/pico-sdk/src/rp2_common/pico_unique_id/unique_id.c.obj
 .ARM.attributes
                0x000005d2       0x2c CMakeFiles/project-template.dir/home/hoagson/pico/pico-sdk/src/rp2_common/hardware_flash/flash.c.obj
 .ARM.attributes
                0x000005fe       0x2c CMakeFiles/project-template.dir/home/hoagson/pico/pico-sdk/src/rp2_common/hardware_adc/adc.c.obj
 .ARM.attributes
                0x0000062a       0x22 /tmp/cc4whYnj.o
 .ARM.attributes
                0x0000064c       0x1e /usr/lib/gcc/arm-none-eabi/13.2.1/thumb/v6-m/nofp/libgcc.a(_dvmd_tls.o)
 .ARM.attributes
                0x0000066a       0x2c /usr/lib/gcc/arm-none-eabi/13.2.1/../../../arm-none-eabi/lib/thumb/v6-m/nofp/libg.a(libc_a-atexit.o)
 .ARM.attributes
                0x00000696       0x2c /usr/lib/gcc/arm-none-eabi/13.2.1/../../../arm-none-eabi/lib/thumb/v6-m/nofp/libg.a(libc_a-strlen-stub.o)
 .ARM.attributes
                0x000006c2       0x2c /usr/lib/gcc/arm-none-eabi/13.2.1/../../../arm-none-eabi/lib/thumb/v6-m/nofp/libg.a(libc_a-fini.o)
 .ARM.attributes
                0x000006ee       0x2c /usr/lib/gcc/arm-none-eabi/13.2.1/../../../arm-none-eabi/lib/thumb/v6-m/nofp/libg.a(libc_a-__atexit.o)
 .ARM.attributes
                0x0000071a       0x2c /usr/lib/gcc/arm-none-eabi/13.2.1/../../../arm-none-eabi/lib/thumb/v6-m/nofp/libg.a(libc_a-__call_atexit.o)
 .ARM.attributes
                0x00000746       0x2c /usr/lib/gcc/arm-none-eabi/13.2.1/thumb/v6-m/nofp/crtend.o

.comment        0x00000000       0x26
 .comment       0x00000000       0x26 /usr/lib/gcc/arm-none-eabi/13.2.1/thumb/v6-m/nofp/crtbegin.o
                                 0x27 (size before relaxing)
 .comment       0x00000026       0x27 CMakeFiles/project-template.dir/main.c.obj
 .comment       0x00000026       0x27 CMakeFiles/project-template.dir/home/hoagson/pico/pico-sdk/src/rp2_common/hardware_gpio/gpio.c.obj
 .comment       0x00000026       0x27 CMakeFiles/project-template.dir/home/hoagson/pico/pico-sdk/src/rp2_common/pico_platform_panic/panic.c.obj
 .comment       0x00000026       0x27 CMakeFiles/project-template.dir/home/hoagson/pico/pico-sdk/src/common/hardware_claim/claim.c.obj
 .comment       0x00000026       0x27 CMakeFiles/project-template.dir/home/hoagson/pico/pico-sdk/src/rp2_common/hardware_sync/sync.c.obj
 .comment       0x00000026       0x27 CMakeFiles/project-template.dir/home/hoagson/pico/pico-sdk/src/rp2_common/hardware_sync_spin_lock/sync_spin_lock.c.obj
 .comment       0x00000026       0x27 CMakeFiles/project-template.dir/home/hoagson/pico/pico-sdk/src/rp2_common/hardware_irq/irq.c.obj
 .comment       0x00000026       0x27 CMakeFiles/project-template.dir/home/hoagson/pico/pico-sdk/src/common/pico_sync/lock_core.c.obj
 .comment       0x00000026       0x27 CMakeFiles/project-template.dir/home/hoagson/pico/pico-sdk/src/common/pico_sync/mutex.c.obj
 .comment       0x00000026       0x27 CMakeFiles/project-template.dir/home/hoagson/pico/pico-sdk/src/common/pico_time/time.c.obj
 .comment       0x00000026       0x27 CMakeFiles/project-template.dir/home/hoagson/pico/pico-sdk/src/rp2_common/hardware_timer/timer.c.obj
 .comment       0x00000026       0x27 CMakeFiles/project-template.dir/home/hoagson/pico/pico-sdk/src/rp2_common/hardware_clocks/clocks.c.obj
 .comment       0x00000026       0x27 CMakeFiles/project-template.dir/home/hoagson/pico/pico-sdk/src/rp2_common/hardware_pll/pll.c.obj
 .comment       0x00000026       0x27 CMakeFiles/project-template.dir/home/hoagson/pico/pico-sdk/src/rp2_common/hardware_ticks/ticks.c.obj
 .comment       0x00000026       0x27 CMakeFiles/project-template.dir/home/hoagson/pico/pico-sdk/src/rp2_common/hardware_xosc/xosc.c.obj
 .comment       0x00000026       0x27 CMakeFiles/project-template.dir/home/hoagson/pico/pico-sdk/src/rp2_common/pico_runtime/runtime.c.obj
 .comment       0x00000026       0x27 CMakeFiles/project-template.dir/home/hoagson/pico/pico-sdk/src/rp2_common/pico_runtime_init/runtime_init.c.obj
 .comment       0x00000026       0x27 CMakeFiles/project-template.dir/home/hoagson/pico/pico-sdk/src/rp2_common/pico_runtime_init/runtime_init_clocks.c.obj
 .comment       0x00000026       0x27 CMakeFiles/project-template.dir/home/hoagson/pico/pico-sdk/src/rp2_common/pico_bootrom/bootrom.c.obj
 .comment       0x00000026       0x27 CMakeFiles/project-template.dir/home/hoagson/pico/pico-sdk/src/rp2_common/pico_double/double_init_rom_rp2040.c.obj
 .comment       0x00000026       0x27 CMakeFiles/project-template.dir/home/hoagson/pico/pico-sdk/src/rp2_common/pico_float/float_init_rom_rp2040.c.obj
 .comment       0x00000026       0x27 CMakeFiles/project-template.dir/home/hoagson/pico/pico-sdk/src/rp2_common/pico_standard_binary_info/standard_binary_info.c.obj
 .comment       0x00000026       0x27 CMakeFiles/project-template.dir/home/hoagson/pico/pico-sdk/src/rp2_common/pico_printf/printf.c.obj
 .comment       0x00000026       0x27 CMakeFiles/project-template.dir/home/hoagson/pico/pico-sdk/src/rp2_common/pico_clib_interface/newlib_interface.c.obj
 .comment       0x00000026       0x27 CMakeFiles/project-template.dir/home/hoagson/pico/pico-sdk/src/rp2_common/pico_stdio/stdio.c.obj
 .comment       0x00000026       0x27 CMakeFiles/project-template.dir/home/hoagson/pico/pico-sdk/src/rp2_common/pico_unique_id/unique_id.c.obj
 .comment       0x00000026       0x27 CMakeFiles/project-template.dir/home/hoagson/pico/pico-sdk/src/rp2_common/hardware_flash/flash.c.obj
 .comment       0x00000026       0x27 CMakeFiles/project-template.dir/home/hoagson/pico/pico-sdk/src/rp2_common/hardware_adc/adc.c.obj
 .comment       0x00000026       0x27 /usr/lib/gcc/arm-none-eabi/13.2.1/../../../arm-none-eabi/lib/thumb/v6-m/nofp/libg.a(libc_a-atexit.o)
 .comment       0x00000026       0x27 /usr/lib/gcc/arm-none-eabi/13.2.1/../../../arm-none-eabi/lib/thumb/v6-m/nofp/libg.a(libc_a-strlen-stub.o)
 .comment       0x00000026       0x27 /usr/lib/gcc/arm-none-eabi/13.2.1/../../../arm-none-eabi/lib/thumb/v6-m/nofp/libg.a(libc_a-fini.o)
 .comment       0x00000026       0x27 /usr/lib/gcc/arm-none-eabi/13.2.1/../../../arm-none-eabi/lib/thumb/v6-m/nofp/libg.a(libc_a-__atexit.o)
 .comment       0x00000026       0x27 /usr/lib/gcc/arm-none-eabi/13.2.1/../../../arm-none-eabi/lib/thumb/v6-m/nofp/libg.a(libc_a-__call_atexit.o)
 .comment       0x00000026       0x27 /usr/lib/gcc/arm-none-eabi/13.2.1/thumb/v6-m/nofp/crtend.o

.debug_info     0x00000000    0x1bb64
 .debug_info    0x00000000      0xf41 CMakeFiles/project-template.dir/main.c.obj
 .debug_info    0x00000f41     0x2407 CMakeFiles/project-template.dir/home/hoagson/pico/pico-sdk/src/rp2_common/hardware_gpio/gpio.c.obj
 .debug_info    0x00003348      0x1bf CMakeFiles/project-template.dir/home/hoagson/pico/pico-sdk/src/rp2_common/pico_platform_panic/panic.c.obj
 .debug_info    0x00003507      0x97d CMakeFiles/project-template.dir/home/hoagson/pico/pico-sdk/src/common/hardware_claim/claim.c.obj
 .debug_info    0x00003e84      0x440 CMakeFiles/project-template.dir/home/hoagson/pico/pico-sdk/src/rp2_common/hardware_sync/sync.c.obj
 .debug_info    0x000042c4      0x239 CMakeFiles/project-template.dir/home/hoagson/pico/pico-sdk/src/rp2_common/hardware_sync_spin_lock/sync_spin_lock.c.obj
 .debug_info    0x000044fd     0x2160 CMakeFiles/project-template.dir/home/hoagson/pico/pico-sdk/src/rp2_common/hardware_irq/irq.c.obj
 .debug_info    0x0000665d      0x153 CMakeFiles/project-template.dir/home/hoagson/pico/pico-sdk/src/common/pico_sync/lock_core.c.obj
 .debug_info    0x000067b0     0x27bb CMakeFiles/project-template.dir/home/hoagson/pico/pico-sdk/src/common/pico_sync/mutex.c.obj
 .debug_info    0x00008f6b     0x48fa CMakeFiles/project-template.dir/home/hoagson/pico/pico-sdk/src/common/pico_time/time.c.obj
 .debug_info    0x0000d865     0x2abc CMakeFiles/project-template.dir/home/hoagson/pico/pico-sdk/src/rp2_common/hardware_timer/timer.c.obj
 .debug_info    0x00010321     0x28ed CMakeFiles/project-template.dir/home/hoagson/pico/pico-sdk/src/rp2_common/hardware_clocks/clocks.c.obj
 .debug_info    0x00012c0e      0x4cd CMakeFiles/project-template.dir/home/hoagson/pico/pico-sdk/src/rp2_common/hardware_pll/pll.c.obj
 .debug_info    0x000130db      0x230 CMakeFiles/project-template.dir/home/hoagson/pico/pico-sdk/src/rp2_common/hardware_ticks/ticks.c.obj
 .debug_info    0x0001330b      0x1b4 CMakeFiles/project-template.dir/home/hoagson/pico/pico-sdk/src/rp2_common/hardware_xosc/xosc.c.obj
 .debug_info    0x000134bf      0x20e CMakeFiles/project-template.dir/home/hoagson/pico/pico-sdk/src/rp2_common/pico_runtime/runtime.c.obj
 .debug_info    0x000136cd      0x77d CMakeFiles/project-template.dir/home/hoagson/pico/pico-sdk/src/rp2_common/pico_runtime_init/runtime_init.c.obj
 .debug_info    0x00013e4a      0x768 CMakeFiles/project-template.dir/home/hoagson/pico/pico-sdk/src/rp2_common/pico_runtime_init/runtime_init_clocks.c.obj
 .debug_info    0x000145b2       0x23 CMakeFiles/project-template.dir/home/hoagson/pico/pico-sdk/src/rp2_common/pico_bit_ops/bit_ops_aeabi.S.obj
 .debug_info    0x000145d5      0x4eb CMakeFiles/project-template.dir/home/hoagson/pico/pico-sdk/src/rp2_common/pico_bootrom/bootrom.c.obj
 .debug_info    0x00014ac0       0x23 CMakeFiles/project-template.dir/home/hoagson/pico/pico-sdk/src/rp2_common/pico_divider/divider_hardware.S.obj
 .debug_info    0x00014ae3       0x23 CMakeFiles/project-template.dir/home/hoagson/pico/pico-sdk/src/rp2_common/pico_double/double_aeabi_rp2040.S.obj
 .debug_info    0x00014b06      0x2a5 CMakeFiles/project-template.dir/home/hoagson/pico/pico-sdk/src/rp2_common/pico_double/double_init_rom_rp2040.c.obj
 .debug_info    0x00014dab       0x24 CMakeFiles/project-template.dir/home/hoagson/pico/pico-sdk/src/rp2_common/pico_double/double_v1_rom_shim_rp2040.S.obj
 .debug_info    0x00014dcf       0x24 CMakeFiles/project-template.dir/home/hoagson/pico/pico-sdk/src/rp2_common/pico_int64_ops/pico_int64_ops_aeabi.S.obj
 .debug_info    0x00014df3       0x23 CMakeFiles/project-template.dir/home/hoagson/pico/pico-sdk/src/rp2_common/pico_float/float_aeabi_rp2040.S.obj
 .debug_info    0x00014e16      0x291 CMakeFiles/project-template.dir/home/hoagson/pico/pico-sdk/src/rp2_common/pico_float/float_init_rom_rp2040.c.obj
 .debug_info    0x000150a7       0x23 CMakeFiles/project-template.dir/home/hoagson/pico/pico-sdk/src/rp2_common/pico_mem_ops/mem_ops_aeabi.S.obj
 .debug_info    0x000150ca      0x25e CMakeFiles/project-template.dir/home/hoagson/pico/pico-sdk/src/rp2_common/pico_standard_binary_info/standard_binary_info.c.obj
 .debug_info    0x00015328     0x2102 CMakeFiles/project-template.dir/home/hoagson/pico/pico-sdk/src/rp2_common/pico_printf/printf.c.obj
 .debug_info    0x0001742a       0x23 CMakeFiles/project-template.dir/home/hoagson/pico/pico-sdk/src/rp2_common/pico_crt0/crt0.S.obj
 .debug_info    0x0001744d      0xb54 CMakeFiles/project-template.dir/home/hoagson/pico/pico-sdk/src/rp2_common/pico_clib_interface/newlib_interface.c.obj
 .debug_info    0x00017fa1     0x1b87 CMakeFiles/project-template.dir/home/hoagson/pico/pico-sdk/src/rp2_common/pico_stdio/stdio.c.obj
 .debug_info    0x00019b28      0x1ee CMakeFiles/project-template.dir/home/hoagson/pico/pico-sdk/src/rp2_common/pico_unique_id/unique_id.c.obj
 .debug_info    0x00019d16     0x12ad CMakeFiles/project-template.dir/home/hoagson/pico/pico-sdk/src/rp2_common/hardware_flash/flash.c.obj
 .debug_info    0x0001afc3      0x3e4 CMakeFiles/project-template.dir/home/hoagson/pico/pico-sdk/src/rp2_common/hardware_adc/adc.c.obj
 .debug_info    0x0001b3a7       0x3c /usr/lib/gcc/arm-none-eabi/13.2.1/thumb/v6-m/nofp/libgcc.a(_dvmd_tls.o)
 .debug_info    0x0001b3e3      0x11e /usr/lib/gcc/arm-none-eabi/13.2.1/../../../arm-none-eabi/lib/thumb/v6-m/nofp/libg.a(libc_a-atexit.o)
 .debug_info    0x0001b501       0xeb /usr/lib/gcc/arm-none-eabi/13.2.1/../../../arm-none-eabi/lib/thumb/v6-m/nofp/libg.a(libc_a-strlen-stub.o)
 .debug_info    0x0001b5ec       0xf7 /usr/lib/gcc/arm-none-eabi/13.2.1/../../../arm-none-eabi/lib/thumb/v6-m/nofp/libg.a(libc_a-fini.o)
 .debug_info    0x0001b6e3      0x1fd /usr/lib/gcc/arm-none-eabi/13.2.1/../../../arm-none-eabi/lib/thumb/v6-m/nofp/libg.a(libc_a-__atexit.o)
 .debug_info    0x0001b8e0      0x284 /usr/lib/gcc/arm-none-eabi/13.2.1/../../../arm-none-eabi/lib/thumb/v6-m/nofp/libg.a(libc_a-__call_atexit.o)

.debug_abbrev   0x00000000     0x56ab
 .debug_abbrev  0x00000000      0x368 CMakeFiles/project-template.dir/main.c.obj
 .debug_abbrev  0x00000368      0x4f9 CMakeFiles/project-template.dir/home/hoagson/pico/pico-sdk/src/rp2_common/hardware_gpio/gpio.c.obj
 .debug_abbrev  0x00000861      0x12b CMakeFiles/project-template.dir/home/hoagson/pico/pico-sdk/src/rp2_common/pico_platform_panic/panic.c.obj
 .debug_abbrev  0x0000098c      0x33b CMakeFiles/project-template.dir/home/hoagson/pico/pico-sdk/src/common/hardware_claim/claim.c.obj
 .debug_abbrev  0x00000cc7      0x20d CMakeFiles/project-template.dir/home/hoagson/pico/pico-sdk/src/rp2_common/hardware_sync/sync.c.obj
 .debug_abbrev  0x00000ed4      0x1bb CMakeFiles/project-template.dir/home/hoagson/pico/pico-sdk/src/rp2_common/hardware_sync_spin_lock/sync_spin_lock.c.obj
 .debug_abbrev  0x0000108f      0x5ff CMakeFiles/project-template.dir/home/hoagson/pico/pico-sdk/src/rp2_common/hardware_irq/irq.c.obj
 .debug_abbrev  0x0000168e       0xee CMakeFiles/project-template.dir/home/hoagson/pico/pico-sdk/src/common/pico_sync/lock_core.c.obj
 .debug_abbrev  0x0000177c      0x48c CMakeFiles/project-template.dir/home/hoagson/pico/pico-sdk/src/common/pico_sync/mutex.c.obj
 .debug_abbrev  0x00001c08      0x672 CMakeFiles/project-template.dir/home/hoagson/pico/pico-sdk/src/common/pico_time/time.c.obj
 .debug_abbrev  0x0000227a      0x503 CMakeFiles/project-template.dir/home/hoagson/pico/pico-sdk/src/rp2_common/hardware_timer/timer.c.obj
 .debug_abbrev  0x0000277d      0x4e2 CMakeFiles/project-template.dir/home/hoagson/pico/pico-sdk/src/rp2_common/hardware_clocks/clocks.c.obj
 .debug_abbrev  0x00002c5f      0x1d2 CMakeFiles/project-template.dir/home/hoagson/pico/pico-sdk/src/rp2_common/hardware_pll/pll.c.obj
 .debug_abbrev  0x00002e31      0x145 CMakeFiles/project-template.dir/home/hoagson/pico/pico-sdk/src/rp2_common/hardware_ticks/ticks.c.obj
 .debug_abbrev  0x00002f76      0x11b CMakeFiles/project-template.dir/home/hoagson/pico/pico-sdk/src/rp2_common/hardware_xosc/xosc.c.obj
 .debug_abbrev  0x00003091      0x182 CMakeFiles/project-template.dir/home/hoagson/pico/pico-sdk/src/rp2_common/pico_runtime/runtime.c.obj
 .debug_abbrev  0x00003213      0x222 CMakeFiles/project-template.dir/home/hoagson/pico/pico-sdk/src/rp2_common/pico_runtime_init/runtime_init.c.obj
 .debug_abbrev  0x00003435      0x294 CMakeFiles/project-template.dir/home/hoagson/pico/pico-sdk/src/rp2_common/pico_runtime_init/runtime_init_clocks.c.obj
 .debug_abbrev  0x000036c9       0x12 CMakeFiles/project-template.dir/home/hoagson/pico/pico-sdk/src/rp2_common/pico_bit_ops/bit_ops_aeabi.S.obj
 .debug_abbrev  0x000036db      0x1b9 CMakeFiles/project-template.dir/home/hoagson/pico/pico-sdk/src/rp2_common/pico_bootrom/bootrom.c.obj
 .debug_abbrev  0x00003894       0x12 CMakeFiles/project-template.dir/home/hoagson/pico/pico-sdk/src/rp2_common/pico_divider/divider_hardware.S.obj
 .debug_abbrev  0x000038a6       0x12 CMakeFiles/project-template.dir/home/hoagson/pico/pico-sdk/src/rp2_common/pico_double/double_aeabi_rp2040.S.obj
 .debug_abbrev  0x000038b8      0x1bb CMakeFiles/project-template.dir/home/hoagson/pico/pico-sdk/src/rp2_common/pico_double/double_init_rom_rp2040.c.obj
 .debug_abbrev  0x00003a73       0x14 CMakeFiles/project-template.dir/home/hoagson/pico/pico-sdk/src/rp2_common/pico_double/double_v1_rom_shim_rp2040.S.obj
 .debug_abbrev  0x00003a87       0x14 CMakeFiles/project-template.dir/home/hoagson/pico/pico-sdk/src/rp2_common/pico_int64_ops/pico_int64_ops_aeabi.S.obj
 .debug_abbrev  0x00003a9b       0x12 CMakeFiles/project-template.dir/home/hoagson/pico/pico-sdk/src/rp2_common/pico_float/float_aeabi_rp2040.S.obj
 .debug_abbrev  0x00003aad      0x19e CMakeFiles/project-template.dir/home/hoagson/pico/pico-sdk/src/rp2_common/pico_float/float_init_rom_rp2040.c.obj
 .debug_abbrev  0x00003c4b       0x12 CMakeFiles/project-template.dir/home/hoagson/pico/pico-sdk/src/rp2_common/pico_mem_ops/mem_ops_aeabi.S.obj
 .debug_abbrev  0x00003c5d       0xb8 CMakeFiles/project-template.dir/home/hoagson/pico/pico-sdk/src/rp2_common/pico_standard_binary_info/standard_binary_info.c.obj
 .debug_abbrev  0x00003d15      0x525 CMakeFiles/project-template.dir/home/hoagson/pico/pico-sdk/src/rp2_common/pico_printf/printf.c.obj
 .debug_abbrev  0x0000423a       0x12 CMakeFiles/project-template.dir/home/hoagson/pico/pico-sdk/src/rp2_common/pico_crt0/crt0.S.obj
 .debug_abbrev  0x0000424c      0x352 CMakeFiles/project-template.dir/home/hoagson/pico/pico-sdk/src/rp2_common/pico_clib_interface/newlib_interface.c.obj
 .debug_abbrev  0x0000459e      0x5d6 CMakeFiles/project-template.dir/home/hoagson/pico/pico-sdk/src/rp2_common/pico_stdio/stdio.c.obj
 .debug_abbrev  0x00004b74      0x153 CMakeFiles/project-template.dir/home/hoagson/pico/pico-sdk/src/rp2_common/pico_unique_id/unique_id.c.obj
 .debug_abbrev  0x00004cc7      0x334 CMakeFiles/project-template.dir/home/hoagson/pico/pico-sdk/src/rp2_common/hardware_flash/flash.c.obj
 .debug_abbrev  0x00004ffb      0x142 CMakeFiles/project-template.dir/home/hoagson/pico/pico-sdk/src/rp2_common/hardware_adc/adc.c.obj
 .debug_abbrev  0x0000513d       0x26 /usr/lib/gcc/arm-none-eabi/13.2.1/thumb/v6-m/nofp/libgcc.a(_dvmd_tls.o)
 .debug_abbrev  0x00005163       0xbe /usr/lib/gcc/arm-none-eabi/13.2.1/../../../arm-none-eabi/lib/thumb/v6-m/nofp/libg.a(libc_a-atexit.o)
 .debug_abbrev  0x00005221       0x90 /usr/lib/gcc/arm-none-eabi/13.2.1/../../../arm-none-eabi/lib/thumb/v6-m/nofp/libg.a(libc_a-strlen-stub.o)
 .debug_abbrev  0x000052b1       0xc9 /usr/lib/gcc/arm-none-eabi/13.2.1/../../../arm-none-eabi/lib/thumb/v6-m/nofp/libg.a(libc_a-fini.o)
 .debug_abbrev  0x0000537a      0x157 /usr/lib/gcc/arm-none-eabi/13.2.1/../../../arm-none-eabi/lib/thumb/v6-m/nofp/libg.a(libc_a-__atexit.o)
 .debug_abbrev  0x000054d1      0x1da /usr/lib/gcc/arm-none-eabi/13.2.1/../../../arm-none-eabi/lib/thumb/v6-m/nofp/libg.a(libc_a-__call_atexit.o)

.debug_loclists
                0x00000000    0x1097d
 .debug_loclists
                0x00000000      0xc2e CMakeFiles/project-template.dir/main.c.obj
 .debug_loclists
                0x00000c2e     0x1a03 CMakeFiles/project-template.dir/home/hoagson/pico/pico-sdk/src/rp2_common/hardware_gpio/gpio.c.obj
 .debug_loclists
                0x00002631      0x36e CMakeFiles/project-template.dir/home/hoagson/pico/pico-sdk/src/common/hardware_claim/claim.c.obj
 .debug_loclists
                0x0000299f       0xf1 CMakeFiles/project-template.dir/home/hoagson/pico/pico-sdk/src/rp2_common/hardware_sync/sync.c.obj
 .debug_loclists
                0x00002a90       0x7d CMakeFiles/project-template.dir/home/hoagson/pico/pico-sdk/src/rp2_common/hardware_sync_spin_lock/sync_spin_lock.c.obj
 .debug_loclists
                0x00002b0d     0x116f CMakeFiles/project-template.dir/home/hoagson/pico/pico-sdk/src/rp2_common/hardware_irq/irq.c.obj
 .debug_loclists
                0x00003c7c       0x41 CMakeFiles/project-template.dir/home/hoagson/pico/pico-sdk/src/common/pico_sync/lock_core.c.obj
 .debug_loclists
                0x00003cbd      0xafa CMakeFiles/project-template.dir/home/hoagson/pico/pico-sdk/src/common/pico_sync/mutex.c.obj
 .debug_loclists
                0x000047b7     0x2594 CMakeFiles/project-template.dir/home/hoagson/pico/pico-sdk/src/common/pico_time/time.c.obj
 .debug_loclists
                0x00006d4b     0x19e4 CMakeFiles/project-template.dir/home/hoagson/pico/pico-sdk/src/rp2_common/hardware_timer/timer.c.obj
 .debug_loclists
                0x0000872f     0x28a5 CMakeFiles/project-template.dir/home/hoagson/pico/pico-sdk/src/rp2_common/hardware_clocks/clocks.c.obj
 .debug_loclists
                0x0000afd4      0x1e0 CMakeFiles/project-template.dir/home/hoagson/pico/pico-sdk/src/rp2_common/hardware_pll/pll.c.obj
 .debug_loclists
                0x0000b1b4       0x47 CMakeFiles/project-template.dir/home/hoagson/pico/pico-sdk/src/rp2_common/hardware_ticks/ticks.c.obj
 .debug_loclists
                0x0000b1fb       0x48 CMakeFiles/project-template.dir/home/hoagson/pico/pico-sdk/src/rp2_common/hardware_xosc/xosc.c.obj
 .debug_loclists
                0x0000b243       0x7e CMakeFiles/project-template.dir/home/hoagson/pico/pico-sdk/src/rp2_common/pico_runtime/runtime.c.obj
 .debug_loclists
                0x0000b2c1       0xba CMakeFiles/project-template.dir/home/hoagson/pico/pico-sdk/src/rp2_common/pico_runtime_init/runtime_init.c.obj
 .debug_loclists
                0x0000b37b       0x74 CMakeFiles/project-template.dir/home/hoagson/pico/pico-sdk/src/rp2_common/pico_runtime_init/runtime_init_clocks.c.obj
 .debug_loclists
                0x0000b3ef      0x2ba CMakeFiles/project-template.dir/home/hoagson/pico/pico-sdk/src/rp2_common/pico_bootrom/bootrom.c.obj
 .debug_loclists
                0x0000b6a9       0x35 CMakeFiles/project-template.dir/home/hoagson/pico/pico-sdk/src/rp2_common/pico_double/double_init_rom_rp2040.c.obj
 .debug_loclists
                0x0000b6de       0x4e CMakeFiles/project-template.dir/home/hoagson/pico/pico-sdk/src/rp2_common/pico_float/float_init_rom_rp2040.c.obj
 .debug_loclists
                0x0000b72c     0x2f65 CMakeFiles/project-template.dir/home/hoagson/pico/pico-sdk/src/rp2_common/pico_printf/printf.c.obj
 .debug_loclists
                0x0000e691      0x431 CMakeFiles/project-template.dir/home/hoagson/pico/pico-sdk/src/rp2_common/pico_clib_interface/newlib_interface.c.obj
 .debug_loclists
                0x0000eac2      0xea9 CMakeFiles/project-template.dir/home/hoagson/pico/pico-sdk/src/rp2_common/pico_stdio/stdio.c.obj
 .debug_loclists
                0x0000f96b      0x3d5 CMakeFiles/project-template.dir/home/hoagson/pico/pico-sdk/src/rp2_common/pico_unique_id/unique_id.c.obj
 .debug_loclists
                0x0000fd40      0x8c5 CMakeFiles/project-template.dir/home/hoagson/pico/pico-sdk/src/rp2_common/hardware_flash/flash.c.obj
 .debug_loclists
                0x00010605       0x98 CMakeFiles/project-template.dir/home/hoagson/pico/pico-sdk/src/rp2_common/hardware_adc/adc.c.obj
 .debug_loclists
                0x0001069d       0x2b /usr/lib/gcc/arm-none-eabi/13.2.1/../../../arm-none-eabi/lib/thumb/v6-m/nofp/libg.a(libc_a-atexit.o)
 .debug_loclists
                0x000106c8       0x57 /usr/lib/gcc/arm-none-eabi/13.2.1/../../../arm-none-eabi/lib/thumb/v6-m/nofp/libg.a(libc_a-strlen-stub.o)
 .debug_loclists
                0x0001071f       0x2c /usr/lib/gcc/arm-none-eabi/13.2.1/../../../arm-none-eabi/lib/thumb/v6-m/nofp/libg.a(libc_a-fini.o)
 .debug_loclists
                0x0001074b       0xff /usr/lib/gcc/arm-none-eabi/13.2.1/../../../arm-none-eabi/lib/thumb/v6-m/nofp/libg.a(libc_a-__atexit.o)
 .debug_loclists
                0x0001084a      0x133 /usr/lib/gcc/arm-none-eabi/13.2.1/../../../arm-none-eabi/lib/thumb/v6-m/nofp/libg.a(libc_a-__call_atexit.o)

.debug_aranges  0x00000000      0xee0
 .debug_aranges
                0x00000000       0x30 CMakeFiles/project-template.dir/main.c.obj
 .debug_aranges
                0x00000030      0x120 CMakeFiles/project-template.dir/home/hoagson/pico/pico-sdk/src/rp2_common/hardware_gpio/gpio.c.obj
 .debug_aranges
                0x00000150       0x28 CMakeFiles/project-template.dir/home/hoagson/pico/pico-sdk/src/rp2_common/pico_platform_panic/panic.c.obj
 .debug_aranges
                0x00000178       0x48 CMakeFiles/project-template.dir/home/hoagson/pico/pico-sdk/src/common/hardware_claim/claim.c.obj
 .debug_aranges
                0x000001c0       0x48 CMakeFiles/project-template.dir/home/hoagson/pico/pico-sdk/src/rp2_common/hardware_sync/sync.c.obj
 .debug_aranges
                0x00000208       0x28 CMakeFiles/project-template.dir/home/hoagson/pico/pico-sdk/src/rp2_common/hardware_sync_spin_lock/sync_spin_lock.c.obj
 .debug_aranges
                0x00000230       0xb0 CMakeFiles/project-template.dir/home/hoagson/pico/pico-sdk/src/rp2_common/hardware_irq/irq.c.obj
 .debug_aranges
                0x000002e0       0x20 CMakeFiles/project-template.dir/home/hoagson/pico/pico-sdk/src/common/pico_sync/lock_core.c.obj
 .debug_aranges
                0x00000300       0x98 CMakeFiles/project-template.dir/home/hoagson/pico/pico-sdk/src/common/pico_sync/mutex.c.obj
 .debug_aranges
                0x00000398       0xe0 CMakeFiles/project-template.dir/home/hoagson/pico/pico-sdk/src/common/pico_time/time.c.obj
 .debug_aranges
                0x00000478       0xf0 CMakeFiles/project-template.dir/home/hoagson/pico/pico-sdk/src/rp2_common/hardware_timer/timer.c.obj
 .debug_aranges
                0x00000568       0x90 CMakeFiles/project-template.dir/home/hoagson/pico/pico-sdk/src/rp2_common/hardware_clocks/clocks.c.obj
 .debug_aranges
                0x000005f8       0x28 CMakeFiles/project-template.dir/home/hoagson/pico/pico-sdk/src/rp2_common/hardware_pll/pll.c.obj
 .debug_aranges
                0x00000620       0x30 CMakeFiles/project-template.dir/home/hoagson/pico/pico-sdk/src/rp2_common/hardware_ticks/ticks.c.obj
 .debug_aranges
                0x00000650       0x30 CMakeFiles/project-template.dir/home/hoagson/pico/pico-sdk/src/rp2_common/hardware_xosc/xosc.c.obj
 .debug_aranges
                0x00000680       0x38 CMakeFiles/project-template.dir/home/hoagson/pico/pico-sdk/src/rp2_common/pico_runtime/runtime.c.obj
 .debug_aranges
                0x000006b8       0x48 CMakeFiles/project-template.dir/home/hoagson/pico/pico-sdk/src/rp2_common/pico_runtime_init/runtime_init.c.obj
 .debug_aranges
                0x00000700       0x20 CMakeFiles/project-template.dir/home/hoagson/pico/pico-sdk/src/rp2_common/pico_runtime_init/runtime_init_clocks.c.obj
 .debug_aranges
                0x00000720       0x60 CMakeFiles/project-template.dir/home/hoagson/pico/pico-sdk/src/rp2_common/pico_bit_ops/bit_ops_aeabi.S.obj
 .debug_aranges
                0x00000780       0x38 CMakeFiles/project-template.dir/home/hoagson/pico/pico-sdk/src/rp2_common/pico_bootrom/bootrom.c.obj
 .debug_aranges
                0x000007b8       0x40 CMakeFiles/project-template.dir/home/hoagson/pico/pico-sdk/src/rp2_common/pico_divider/divider_hardware.S.obj
 .debug_aranges
                0x000007f8      0x140 CMakeFiles/project-template.dir/home/hoagson/pico/pico-sdk/src/rp2_common/pico_double/double_aeabi_rp2040.S.obj
 .debug_aranges
                0x00000938       0x28 CMakeFiles/project-template.dir/home/hoagson/pico/pico-sdk/src/rp2_common/pico_double/double_init_rom_rp2040.c.obj
 .debug_aranges
                0x00000960       0x20 CMakeFiles/project-template.dir/home/hoagson/pico/pico-sdk/src/rp2_common/pico_double/double_v1_rom_shim_rp2040.S.obj
 .debug_aranges
                0x00000980       0x20 CMakeFiles/project-template.dir/home/hoagson/pico/pico-sdk/src/rp2_common/pico_int64_ops/pico_int64_ops_aeabi.S.obj
 .debug_aranges
                0x000009a0      0x130 CMakeFiles/project-template.dir/home/hoagson/pico/pico-sdk/src/rp2_common/pico_float/float_aeabi_rp2040.S.obj
 .debug_aranges
                0x00000ad0       0x28 CMakeFiles/project-template.dir/home/hoagson/pico/pico-sdk/src/rp2_common/pico_float/float_init_rom_rp2040.c.obj
 .debug_aranges
                0x00000af8       0x38 CMakeFiles/project-template.dir/home/hoagson/pico/pico-sdk/src/rp2_common/pico_mem_ops/mem_ops_aeabi.S.obj
 .debug_aranges
                0x00000b30       0x18 CMakeFiles/project-template.dir/home/hoagson/pico/pico-sdk/src/rp2_common/pico_standard_binary_info/standard_binary_info.c.obj
 .debug_aranges
                0x00000b48       0x90 CMakeFiles/project-template.dir/home/hoagson/pico/pico-sdk/src/rp2_common/pico_printf/printf.c.obj
 .debug_aranges
                0x00000bd8       0x28 CMakeFiles/project-template.dir/home/hoagson/pico/pico-sdk/src/rp2_common/pico_crt0/crt0.S.obj
 .debug_aranges
                0x00000c00       0xa0 CMakeFiles/project-template.dir/home/hoagson/pico/pico-sdk/src/rp2_common/pico_clib_interface/newlib_interface.c.obj
 .debug_aranges
                0x00000ca0       0xc8 CMakeFiles/project-template.dir/home/hoagson/pico/pico-sdk/src/rp2_common/pico_stdio/stdio.c.obj
 .debug_aranges
                0x00000d68       0x30 CMakeFiles/project-template.dir/home/hoagson/pico/pico-sdk/src/rp2_common/pico_unique_id/unique_id.c.obj
 .debug_aranges
                0x00000d98       0x60 CMakeFiles/project-template.dir/home/hoagson/pico/pico-sdk/src/rp2_common/hardware_flash/flash.c.obj
 .debug_aranges
                0x00000df8       0x20 CMakeFiles/project-template.dir/home/hoagson/pico/pico-sdk/src/rp2_common/hardware_adc/adc.c.obj
 .debug_aranges
                0x00000e18       0x20 /usr/lib/gcc/arm-none-eabi/13.2.1/thumb/v6-m/nofp/libgcc.a(_dvmd_tls.o)
 .debug_aranges
                0x00000e38       0x20 /usr/lib/gcc/arm-none-eabi/13.2.1/../../../arm-none-eabi/lib/thumb/v6-m/nofp/libg.a(libc_a-atexit.o)
 .debug_aranges
                0x00000e58       0x20 /usr/lib/gcc/arm-none-eabi/13.2.1/../../../arm-none-eabi/lib/thumb/v6-m/nofp/libg.a(libc_a-strlen-stub.o)
 .debug_aranges
                0x00000e78       0x20 /usr/lib/gcc/arm-none-eabi/13.2.1/../../../arm-none-eabi/lib/thumb/v6-m/nofp/libg.a(libc_a-fini.o)
 .debug_aranges
                0x00000e98       0x20 /usr/lib/gcc/arm-none-eabi/13.2.1/../../../arm-none-eabi/lib/thumb/v6-m/nofp/libg.a(libc_a-__atexit.o)
 .debug_aranges
                0x00000eb8       0x28 /usr/lib/gcc/arm-none-eabi/13.2.1/../../../arm-none-eabi/lib/thumb/v6-m/nofp/libg.a(libc_a-__call_atexit.o)

.debug_rnglists
                0x00000000     0x2d44
 .debug_rnglists
                0x00000000      0x27b CMakeFiles/project-template.dir/main.c.obj
 .debug_rnglists
                0x0000027b      0x5c7 CMakeFiles/project-template.dir/home/hoagson/pico/pico-sdk/src/rp2_common/hardware_gpio/gpio.c.obj
 .debug_rnglists
                0x00000842       0x19 CMakeFiles/project-template.dir/home/hoagson/pico/pico-sdk/src/rp2_common/pico_platform_panic/panic.c.obj
 .debug_rnglists
                0x0000085b       0xc5 CMakeFiles/project-template.dir/home/hoagson/pico/pico-sdk/src/common/hardware_claim/claim.c.obj
 .debug_rnglists
                0x00000920       0x67 CMakeFiles/project-template.dir/home/hoagson/pico/pico-sdk/src/rp2_common/hardware_sync/sync.c.obj
 .debug_rnglists
                0x00000987       0x3d CMakeFiles/project-template.dir/home/hoagson/pico/pico-sdk/src/rp2_common/hardware_sync_spin_lock/sync_spin_lock.c.obj
 .debug_rnglists
                0x000009c4      0x355 CMakeFiles/project-template.dir/home/hoagson/pico/pico-sdk/src/rp2_common/hardware_irq/irq.c.obj
 .debug_rnglists
                0x00000d19       0x1f CMakeFiles/project-template.dir/home/hoagson/pico/pico-sdk/src/common/pico_sync/lock_core.c.obj
 .debug_rnglists
                0x00000d38      0x32c CMakeFiles/project-template.dir/home/hoagson/pico/pico-sdk/src/common/pico_sync/mutex.c.obj
 .debug_rnglists
                0x00001064      0x795 CMakeFiles/project-template.dir/home/hoagson/pico/pico-sdk/src/common/pico_time/time.c.obj
 .debug_rnglists
                0x000017f9      0x2c9 CMakeFiles/project-template.dir/home/hoagson/pico/pico-sdk/src/rp2_common/hardware_timer/timer.c.obj
 .debug_rnglists
                0x00001ac2      0x4ad CMakeFiles/project-template.dir/home/hoagson/pico/pico-sdk/src/rp2_common/hardware_clocks/clocks.c.obj
 .debug_rnglists
                0x00001f6f       0x5c CMakeFiles/project-template.dir/home/hoagson/pico/pico-sdk/src/rp2_common/hardware_pll/pll.c.obj
 .debug_rnglists
                0x00001fcb       0x2b CMakeFiles/project-template.dir/home/hoagson/pico/pico-sdk/src/rp2_common/hardware_ticks/ticks.c.obj
 .debug_rnglists
                0x00001ff6       0x2b CMakeFiles/project-template.dir/home/hoagson/pico/pico-sdk/src/rp2_common/hardware_xosc/xosc.c.obj
 .debug_rnglists
                0x00002021       0x3d CMakeFiles/project-template.dir/home/hoagson/pico/pico-sdk/src/rp2_common/pico_runtime/runtime.c.obj
 .debug_rnglists
                0x0000205e       0x49 CMakeFiles/project-template.dir/home/hoagson/pico/pico-sdk/src/rp2_common/pico_runtime_init/runtime_init.c.obj
 .debug_rnglists
                0x000020a7       0x20 CMakeFiles/project-template.dir/home/hoagson/pico/pico-sdk/src/rp2_common/pico_runtime_init/runtime_init_clocks.c.obj
 .debug_rnglists
                0x000020c7       0x43 CMakeFiles/project-template.dir/home/hoagson/pico/pico-sdk/src/rp2_common/pico_bit_ops/bit_ops_aeabi.S.obj
 .debug_rnglists
                0x0000210a       0xdc CMakeFiles/project-template.dir/home/hoagson/pico/pico-sdk/src/rp2_common/pico_bootrom/bootrom.c.obj
 .debug_rnglists
                0x000021e6       0x2c CMakeFiles/project-template.dir/home/hoagson/pico/pico-sdk/src/rp2_common/pico_divider/divider_hardware.S.obj
 .debug_rnglists
                0x00002212       0xec CMakeFiles/project-template.dir/home/hoagson/pico/pico-sdk/src/rp2_common/pico_double/double_aeabi_rp2040.S.obj
 .debug_rnglists
                0x000022fe       0x1a CMakeFiles/project-template.dir/home/hoagson/pico/pico-sdk/src/rp2_common/pico_double/double_init_rom_rp2040.c.obj
 .debug_rnglists
                0x00002318       0xdf CMakeFiles/project-template.dir/home/hoagson/pico/pico-sdk/src/rp2_common/pico_float/float_aeabi_rp2040.S.obj
 .debug_rnglists
                0x000023f7       0x19 CMakeFiles/project-template.dir/home/hoagson/pico/pico-sdk/src/rp2_common/pico_float/float_init_rom_rp2040.c.obj
 .debug_rnglists
                0x00002410       0x25 CMakeFiles/project-template.dir/home/hoagson/pico/pico-sdk/src/rp2_common/pico_mem_ops/mem_ops_aeabi.S.obj
 .debug_rnglists
                0x00002435      0x27c CMakeFiles/project-template.dir/home/hoagson/pico/pico-sdk/src/rp2_common/pico_printf/printf.c.obj
 .debug_rnglists
                0x000026b1       0x1b CMakeFiles/project-template.dir/home/hoagson/pico/pico-sdk/src/rp2_common/pico_crt0/crt0.S.obj
 .debug_rnglists
                0x000026cc       0x7f CMakeFiles/project-template.dir/home/hoagson/pico/pico-sdk/src/rp2_common/pico_clib_interface/newlib_interface.c.obj
 .debug_rnglists
                0x0000274b      0x297 CMakeFiles/project-template.dir/home/hoagson/pico/pico-sdk/src/rp2_common/pico_stdio/stdio.c.obj
 .debug_rnglists